GET /v1/buildings 
<<<<<<< HEAD
  -> 200 {"items":[{"code":"A","counts":{"maintenance":0,"occupied":34,"overdue":0,"toClean":18,"vacant":148},"floors":[{"id":"fl_01M41331K1QT3R4SGFWQN8PAG5","name":"1","order":1},{"id":"fl_01M41331K170YEX76HVGNGD8XJ","name":"2","order":2},{"id":"fl_01M41331K1VSV1YS3WM1J042D0","name":"3","order":3},{"id":"fl_01M41331K18FQEZA37V8EQXREQ","name":"4","order":4}],"id":"bd_01M41331K1NQJXD69A9ZKAZFBH","level":"EDIT","name":"Building A"}]}
GET /v1/buildings/bd_01M41331K1NQJXD69A9ZKAZFBH/rooms 
  -> 200 {"items":[{"buildingId":"bd_01M41331K1NQJXD69A9ZKAZFBH","code":"A101","floor":1,"floorId":"fl_01M41331K1QT3R4SGFWQN8PAG5","floorName":"1","id":"un_01M41331K1HJVYW3E5YCKP0BJ2","status":"TO_CLEAN","unitType":{"code":"STANDARD","name":{"en":"Standard","vi":"Phòng thường"}}},{"buildingId":"bd_01M41331K1NQJXD69A9ZKAZFBH","code":"A102","floor":1,"floorId":"fl_01M41331K1QT3R4SGFWQN8PAG5","floorName":"1","id":"un_01M41331K17RZ0DN56RCQ09M3V","status":"TO_CLEAN","unitType":{"code":"STANDARD","name":{"en":"Standard","vi":"Phòng thường"}}},{"buildingId":"bd_01M41331K1NQJXD69A9ZKAZFBH","code":"A103","floor
POST /v1/rooms/un_01M41331K13M8WQHSTD2409CS4/stays {"rentalType":"HOURLY","guestName":"Rehearsal Guest","guestPhone":"0912345678","deposit":10000}
  -> 201 {"checkInAt":"2026-10-03T14:37:14.007724Z","deposit":10000,"extras":[],"guestId":{"hasBackPhoto":false,"hasFrontPhoto":false,"hasIdNumber":false},"guestName":"Rehearsal Guest","guestPhone":"0912345678","id":"st_01M41357CQCY16JMHDJKAQ69N1","pricingVersion":3,"quote":{"asOf":"2026-10-03T14:37:14.007724Z","balanceDue":70000,"capped":false,"depositPaid":10000,"extrasAmount":0,"lines":[{"amount":80000,"code":"FIRST_HOUR","quantity":1,"unitAmount":80000}],"refundDue":0,"stayAmount":80000,"total":80000},"rentalType":"HOURLY","roomCode":"A203","roomId":"un_01M41331K13M8WQHSTD2409CS4","status":"ACTIVE"
POST /v1/stays/st_01M41357CQCY16JMHDJKAQ69N1/checkout 
  -> 201 {"billCode":"PH1003A203","createdAt":"2026-10-03T14:37:14.011865Z","id":"iv_01M41357CW6SJ7XB908PRWBG8A","quote":{"asOf":"2026-10-03T14:37:14.011865Z","balanceDue":70000,"capped":false,"depositPaid":10000,"extrasAmount":0,"lines":[{"amount":80000,"code":"FIRST_HOUR","quantity":1,"unitAmount":80000}],"refundDue":0,"stayAmount":80000,"total":80000},"roomCode":"A203","status":"OPEN","stayId":"st_01M41357CQCY16JMHDJKAQ69N1"}
POST /v1/invoices/iv_01M41357CW6SJ7XB908PRWBG8A/payments {"method":"TRANSFER"}
  -> 201 {"amount":70000,"id":"pm_01M41357CZ9J4RDRJPDWRV3ZV4","invoiceId":"iv_01M41357CW6SJ7XB908PRWBG8A","method":"TRANSFER","qr":{"accountName":"REHEARSAL TEST","accountNoMasked":"******8888","amount":70000,"payload":"00020101021238540010A00000072701240006970436011010175888880208QRIBFTTA53037045405700005802VN62140810PH1003A203630430C2","transferNote":"PH1003A203"},"remaining":70000,"status":"PENDING"}
WEBHOOK in 70000 "PH1003A203" id=1791038234018297 age=0s
  -> 200 {"success": true}
GET /v1/buildings/bd_01M41331K1NQJXD69A9ZKAZFBH/rooms 
  -> 200 {"items":[{"buildingId":"bd_01M41331K1NQJXD69A9ZKAZFBH","code":"A101","floor":1,"floorId":"fl_01M41331K1QT3R4SGFWQN8PAG5","floorName":"1","id":"un_01M41331K1HJVYW3E5YCKP0BJ2","status":"TO_CLEAN","unitType":{"code":"STANDARD","name":{"en":"Standard","vi":"Phòng thường"}}},{"buildingId":"bd_01M41331K1NQJXD69A9ZKAZFBH","code":"A102","floor":1,"floorId":"fl_01M41331K1QT3R4SGFWQN8PAG5","floorName":"1","id":"un_01M41331K17RZ0DN56RCQ09M3V","status":"TO_CLEAN","unitType":{"code":"STANDARD","name":{"en":"Standard","vi":"Phòng thường"}}},{"buildingId":"bd_01M41331K1NQJXD69A9ZKAZFBH","code":"A103","floor
POST /v1/rooms/un_01M41331K11XAQB1D99XF65VRW/stays {"rentalType":"HOURLY","guestName":"Rehearsal Guest","guestPhone":"0912345678","deposit":500000}
  -> 201 {"checkInAt":"2026-10-03T14:37:14.029405Z","deposit":500000,"extras":[],"guestId":{"hasBackPhoto":false,"hasFrontPhoto":false,"hasIdNumber":false},"guestName":"Rehearsal Guest","guestPhone":"0912345678","id":"st_01M41357DDHK49FZP1441DD3DS","pricingVersion":3,"quote":{"asOf":"2026-10-03T14:37:14.029405Z","balanceDue":0,"capped":false,"depositPaid":500000,"extrasAmount":0,"lines":[{"amount":80000,"code":"FIRST_HOUR","quantity":1,"unitAmount":80000}],"refundDue":420000,"stayAmount":80000,"total":80000},"rentalType":"HOURLY","roomCode":"A204","roomId":"un_01M41331K11XAQB1D99XF65VRW","status":"ACTI
POST /v1/stays/st_01M41357DDHK49FZP1441DD3DS/checkout 
  -> 201 {"billCode":"PH1003A204","createdAt":"2026-10-03T14:37:14.032948Z","id":"iv_01M41357DHCWA0R4NPJZP7157X","quote":{"asOf":"2026-10-03T14:37:14.032948Z","balanceDue":0,"capped":false,"depositPaid":500000,"extrasAmount":0,"lines":[{"amount":80000,"code":"FIRST_HOUR","quantity":1,"unitAmount":80000}],"refundDue":420000,"stayAmount":80000,"total":80000},"roomCode":"A204","status":"OPEN","stayId":"st_01M41357DDHK49FZP1441DD3DS"}
POST /v1/invoices/iv_01M41357DHCWA0R4NPJZP7157X/payments {"method":"CASH"}
  -> 201 {"amount":0,"id":"pm_01M41357DK84WKTWFFDNG0W5VV","invoiceId":"iv_01M41357DHCWA0R4NPJZP7157X","method":"CASH","paidAt":"2026-10-03T14:37:14.035566Z","receivedAmount":0,"remaining":0,"status":"PAID"}
GET /v1/owner/transactions 
  -> 200 {"items":[{"amount":-420000,"at":"2026-10-03T14:37:14.035566Z","billCode":"PH1003A204","id":"pm_01M41357DK84WKTWFFDNG0W5VV","kind":"CASH_REFUND","method":"CASH","reconciliation":"CASH","roomCode":"A204","settledAt":"2026-10-03T14:37:14.035566Z","shiftId":"sh_01M41352P9WAG83WHSEFE1SMSG"},{"amount":70000,"at":"2026-10-03T14:37:14.018242Z","billCode":"PH1003A203","id":"pm_01M41357CZ9J4RDRJPDWRV3ZV4","kind":"PAYMENT","method":"TRANSFER","paymentEventId":"pe_01M41357D23KBENBBE6J8B3J15","receivedAt":"2026-10-03T14:37:14.018242Z","reconciliation":"MATCHED","roomCode":"A203","settledAt":"2026-10-03T14
=======
  -> 200 {"items":[{"code":"A","counts":{"maintenance":0,"occupied":44,"overdue":0,"toClean":24,"vacant":132},"floors":[{"id":"fl_01M414DCJDZ46FG27AXMPC4E8H","name":"1","order":1},{"id":"fl_01M414DCJD8Q9DQWV3K822ZM76","name":"2","order":2},{"id":"fl_01M414DCJDA1TVV2S9MZF01RRE","name":"3","order":3},{"id":"fl_01M414DCJDWRQ3Q2M4VMPQGF82","name":"4","order":4}],"id":"bd_01M414DCJDHG63XAS4DVYE35FD","level":"EDIT","name":"Building A"}]}
GET /v1/buildings/bd_01M414DCJDHG63XAS4DVYE35FD/rooms 
  -> 200 {"items":[{"buildingId":"bd_01M414DCJDHG63XAS4DVYE35FD","code":"A101","floor":1,"floorId":"fl_01M414DCJDZ46FG27AXMPC4E8H","floorName":"1","id":"un_01M414DCJD0THNDEP8AJ8FAJGB","status":"TO_CLEAN","unitType":{"code":"STANDARD","name":{"en":"Standard","vi":"Phòng thường"}}},{"buildingId":"bd_01M414DCJDHG63XAS4DVYE35FD","code":"A102","floor":1,"floorId":"fl_01M414DCJDZ46FG27AXMPC4E8H","floorName":"1","id":"un_01M414DCJDGMT12WJ6CSZQ6B94","status":"TO_CLEAN","unitType":{"code":"STANDARD","name":{"en":"Standard","vi":"Phòng thường"}}},{"buildingId":"bd_01M414DCJDHG63XAS4DVYE35FD","code":"A103","floor
POST /v1/rooms/un_01M414DCJDBNSRZ5SYP29BK911/stays {"rentalType":"HOURLY","guestName":"Rehearsal Guest","guestPhone":"0912345678","deposit":10000}
  -> 201 {"checkInAt":"2026-10-03T15:01:18.271429Z","deposit":10000,"extras":[],"guestId":{"hasBackPhoto":false,"hasFrontPhoto":false,"hasIdNumber":false},"guestName":"Rehearsal Guest","guestPhone":"0912345678","id":"st_01M414H9SZNNCNNC3N6VK9AN08","pricingVersion":3,"quote":{"asOf":"2026-10-03T15:01:18.271429Z","balanceDue":70000,"capped":false,"depositPaid":10000,"extrasAmount":0,"lines":[{"amount":80000,"code":"FIRST_HOUR","quantity":1,"unitAmount":80000}],"refundDue":0,"stayAmount":80000,"total":80000},"rentalType":"HOURLY","roomCode":"A219","roomId":"un_01M414DCJDBNSRZ5SYP29BK911","status":"ACTIVE"
POST /v1/stays/st_01M414H9SZNNCNNC3N6VK9AN08/checkout 
  -> 201 {"billCode":"PH1003A219","createdAt":"2026-10-03T15:01:18.275332Z","id":"iv_01M414H9T3YBE85BWPMP7B59H1","quote":{"asOf":"2026-10-03T15:01:18.275332Z","balanceDue":70000,"capped":false,"depositPaid":10000,"extrasAmount":0,"lines":[{"amount":80000,"code":"FIRST_HOUR","quantity":1,"unitAmount":80000}],"refundDue":0,"stayAmount":80000,"total":80000},"roomCode":"A219","status":"OPEN","stayId":"st_01M414H9SZNNCNNC3N6VK9AN08"}
POST /v1/invoices/iv_01M414H9T3YBE85BWPMP7B59H1/payments {"method":"TRANSFER"}
  -> 201 {"amount":70000,"id":"pm_01M414H9T6YTAHE38FK2JHJQZ1","invoiceId":"iv_01M414H9T3YBE85BWPMP7B59H1","method":"TRANSFER","qr":{"accountName":"REHEARSAL TEST","accountNoMasked":"******8888","amount":70000,"payload":"00020101021238540010A00000072701240006970436011010175888880208QRIBFTTA53037045405700005802VN62140810PH1003A219630433CC","transferNote":"PH1003A219"},"remaining":70000,"status":"PENDING"}
WEBHOOK in 70000 "PH1003A219" id=1791039678280180 age=0s
  -> 200 {"success": true}
GET /v1/buildings/bd_01M414DCJDHG63XAS4DVYE35FD/rooms 
  -> 200 {"items":[{"buildingId":"bd_01M414DCJDHG63XAS4DVYE35FD","code":"A101","floor":1,"floorId":"fl_01M414DCJDZ46FG27AXMPC4E8H","floorName":"1","id":"un_01M414DCJD0THNDEP8AJ8FAJGB","status":"TO_CLEAN","unitType":{"code":"STANDARD","name":{"en":"Standard","vi":"Phòng thường"}}},{"buildingId":"bd_01M414DCJDHG63XAS4DVYE35FD","code":"A102","floor":1,"floorId":"fl_01M414DCJDZ46FG27AXMPC4E8H","floorName":"1","id":"un_01M414DCJDGMT12WJ6CSZQ6B94","status":"TO_CLEAN","unitType":{"code":"STANDARD","name":{"en":"Standard","vi":"Phòng thường"}}},{"buildingId":"bd_01M414DCJDHG63XAS4DVYE35FD","code":"A103","floor
POST /v1/rooms/un_01M414DCJDN4DEEXNDY7VPGREW/stays {"rentalType":"HOURLY","guestName":"Rehearsal Guest","guestPhone":"0912345678","deposit":500000}
  -> 201 {"checkInAt":"2026-10-03T15:01:18.301241Z","deposit":500000,"extras":[],"guestId":{"hasBackPhoto":false,"hasFrontPhoto":false,"hasIdNumber":false},"guestName":"Rehearsal Guest","guestPhone":"0912345678","id":"st_01M414H9TXMD3XBAJSN1J95XQW","pricingVersion":3,"quote":{"asOf":"2026-10-03T15:01:18.301241Z","balanceDue":0,"capped":false,"depositPaid":500000,"extrasAmount":0,"lines":[{"amount":80000,"code":"FIRST_HOUR","quantity":1,"unitAmount":80000}],"refundDue":420000,"stayAmount":80000,"total":80000},"rentalType":"HOURLY","roomCode":"A220","roomId":"un_01M414DCJDN4DEEXNDY7VPGREW","status":"ACTI
POST /v1/stays/st_01M414H9TXMD3XBAJSN1J95XQW/checkout 
  -> 201 {"billCode":"PH1003A220","createdAt":"2026-10-03T15:01:18.304904Z","id":"iv_01M414H9V1XAN9MMXMX5X91MZV","quote":{"asOf":"2026-10-03T15:01:18.304904Z","balanceDue":0,"capped":false,"depositPaid":500000,"extrasAmount":0,"lines":[{"amount":80000,"code":"FIRST_HOUR","quantity":1,"unitAmount":80000}],"refundDue":420000,"stayAmount":80000,"total":80000},"roomCode":"A220","status":"OPEN","stayId":"st_01M414H9TXMD3XBAJSN1J95XQW"}
POST /v1/invoices/iv_01M414H9V1XAN9MMXMX5X91MZV/payments {"method":"CASH"}
  -> 201 {"amount":0,"id":"pm_01M414H9V31HHM8VD4TMJVENDJ","invoiceId":"iv_01M414H9V1XAN9MMXMX5X91MZV","method":"CASH","paidAt":"2026-10-03T15:01:18.307102Z","receivedAmount":0,"remaining":0,"status":"PAID"}
GET /v1/owner/transactions 
  -> 200 {"items":[{"amount":-420000,"at":"2026-10-03T15:01:18.307102Z","billCode":"PH1003A220","id":"pm_01M414H9V31HHM8VD4TMJVENDJ","kind":"CASH_REFUND","method":"CASH","reconciliation":"CASH","roomCode":"A220","settledAt":"2026-10-03T15:01:18.307102Z","shiftId":"sh_01M414H4NBP9SHARKT0MTAQ7KB"},{"amount":70000,"at":"2026-10-03T15:01:18.281294Z","billCode":"PH1003A219","id":"pm_01M414H9T6YTAHE38FK2JHJQZ1","kind":"PAYMENT","method":"TRANSFER","paymentEventId":"pe_01M414H9T9EWVXRSEGEFSR5AHE","receivedAt":"2026-10-03T15:01:18.281294Z","reconciliation":"MATCHED","roomCode":"A219","settledAt":"2026-10-03T15
>>>>>>> 952da7a (test(rehearsal): coverage report, bill-line stays for ui-lint, gap specs, sync preview on a copy, unapproved visual baselines)
