POST /v1/auth/sign-in {"guesthouseCode":"rhaec4ce","username":"r1","pin":"***"}
  -> 200 {"accessToken":"***","expiresAt":"2026-10-03T18:00:21.736707Z","mustChangePin":true,"tenantId":"tn_01M405JF5BQ3D2VK6SFMNGZGK9","user":{"id":"us_01M405JFZMCDRB21HG8S18XQ0E","locale":"vi","name":"Rehearsal R1","role":"RECEPTIONIST"}}
PUT /v1/me/pin {"currentPin":"***","newPin":"***"}
  -> 204 ""
GET /v1/me 
  -> 200 {"buildingAccess":[{"buildingId":"bd_01M405JF5BYGDW7RGK4KB35SWW","level":"EDIT"}],"tenant":{"currency":"VND","id":"tn_01M405JF5BQ3D2VK6SFMNGZGK9","name":"Rehearsal Test rhaec4ce","timezone":"Asia/Ho_Chi_Minh"},"user":{"id":"us_01M405JFZMCDRB21HG8S18XQ0E","locale":"vi","name":"Rehearsal R1","role":"RECEPTIONIST"}}
POST /v1/auth/sign-in {"guesthouseCode":"rhaec4ce","username":"hk","pin":"***"}
  -> 200 {"accessToken":"***","expiresAt":"2026-10-03T18:00:22.33828Z","mustChangePin":true,"tenantId":"tn_01M405JF5BQ3D2VK6SFMNGZGK9","user":{"id":"us_01M405JJ8EHCES15FFZAEXF5F1","locale":"vi","name":"Rehearsal Housekeeper","role":"HOUSEKEEPING"}}
PUT /v1/me/pin {"currentPin":"***","newPin":"***"}
  -> 204 ""
GET /v1/me 
  -> 200 {"buildingAccess":[{"buildingId":"bd_01M405JF5BYGDW7RGK4KB35SWW","level":"EDIT"}],"tenant":{"currency":"VND","id":"tn_01M405JF5BQ3D2VK6SFMNGZGK9","name":"Rehearsal Test rhaec4ce","timezone":"Asia/Ho_Chi_Minh"},"user":{"id":"us_01M405JJ8EHCES15FFZAEXF5F1","locale":"vi","name":"Rehearsal Housekeeper","role":"HOUSEKEEPING"}}
GET /v1/buildings 
  -> 200 {"items":[{"code":"A","counts":{"maintenance":0,"occupied":0,"overdue":0,"toClean":5,"vacant":115},"floors":[{"id":"fl_01M405JF5BCNDATRVY60SGNRTF","name":"1","order":1},{"id":"fl_01M405JF5BGWM44ASWKWRWJQ99","name":"2","order":2},{"id":"fl_01M405JF5BTTTF5MRA2Q2HWZNA","name":"3","order":3}],"id":"bd_01M405JF5BYGDW7RGK4KB35SWW","level":"EDIT","name":"Building A"}]}
GET /v1/buildings/bd_01M405JF5BYGDW7RGK4KB35SWW/rooms 
  -> 200 {"items":[{"buildingId":"bd_01M405JF5BYGDW7RGK4KB35SWW","code":"A101","floor":1,"floorId":"fl_01M405JF5BCNDATRVY60SGNRTF","floorName":"1","id":"un_01M405JF5BV3JF0G84JYES61BF","status":"TO_CLEAN","unitType":{"code":"STANDARD","name":{"en":"Standard","vi":"Phòng thường"}}},{"buildingId":"bd_01M405JF5BYGDW7RGK4KB35SWW","code":"A102","floor":1,"floorId":"fl_01M405JF5BCNDATRVY60SGNRTF","floorName":"1","id":"un_01M405JF5BNCSN7MWJCJQS9F53","status":"TO_CLEAN","unitType":{"code":"STANDARD","name":{"en":"Standard","vi":"Phòng thường"}}},{"buildingId":"bd_01M405JF5BYGDW7RGK4KB35SWW","code":"A103","floor
POST /v1/rooms/un_01M405JF5B05HHCPRW8QE62FS5/stays {"rentalType":"HOURLY","guestName":"Rehearsal Guest","guestPhone":"0912345678","deposit":10000,"idNumber":"***"}
  -> 201 {"checkInAt":"2026-10-03T06:00:22.935047Z","deposit":10000,"extras":[],"guestId":{"hasBackPhoto":false,"hasFrontPhoto":false,"hasIdNumber":true},"guestName":"Rehearsal Guest","guestPhone":"0912345678","id":"st_01M405JV4QMMW28PWY64R65D3Q","pricingVersion":1,"quote":{"asOf":"2026-10-03T06:00:22.935047Z","balanceDue":70000,"capped":false,"depositPaid":10000,"extrasAmount":0,"lines":[{"amount":80000,"code":"FIRST_HOUR","quantity":1,"unitAmount":80000}],"refundDue":0,"stayAmount":80000,"total":80000},"rentalType":"HOURLY","roomCode":"A106","roomId":"un_01M405JF5B05HHCPRW8QE62FS5","status":"ACTIVE"}
PUT guest-id photo FRONT -> 200
GET /v1/stays/st_01M405JV4QMMW28PWY64R65D3Q 
  -> 200 {"checkInAt":"2026-10-03T06:00:22.935047Z","deposit":10000,"extras":[],"guestId":{"hasBackPhoto":false,"hasFrontPhoto":true,"hasIdNumber":true},"guestName":"Rehearsal Guest","guestPhone":"0912345678","id":"st_01M405JV4QMMW28PWY64R65D3Q","pricingVersion":1,"quote":{"asOf":"2026-10-03T06:00:22.945865Z","balanceDue":70000,"capped":false,"depositPaid":10000,"extrasAmount":0,"lines":[{"amount":80000,"code":"FIRST_HOUR","quantity":1,"unitAmount":80000}],"refundDue":0,"stayAmount":80000,"total":80000},"rentalType":"HOURLY","roomCode":"A106","roomId":"un_01M405JF5B05HHCPRW8QE62FS5","status":"ACTIVE"}
GET /v1/owner/stays/st_01M405JV4QMMW28PWY64R65D3Q/guest-id 
  -> 403 {"type":"about:blank","title":"Forbidden","status":403,"code":"ROLE_FORBIDDEN"}
GET /v1/owner/stays/st_01M405JV4QMMW28PWY64R65D3Q/guest-id/photos/FRONT 
  -> 403 {"type":"about:blank","title":"Forbidden","status":403,"code":"ROLE_FORBIDDEN"}
POST /v1/owner/stays/st_01M405JV4QMMW28PWY64R65D3Q/guest-id/reveal 
  -> 403 {"type":"about:blank","title":"Forbidden","status":403,"code":"ROLE_FORBIDDEN"}
GET /v1/owner/stays/st_01M405JV4QMMW28PWY64R65D3Q/guest-id 
  -> 403 {"type":"about:blank","title":"Forbidden","status":403,"code":"ROLE_FORBIDDEN"}
GET /v1/owner/stays/st_01M405JV4QMMW28PWY64R65D3Q/guest-id/photos/FRONT 
  -> 403 {"type":"about:blank","title":"Forbidden","status":403,"code":"ROLE_FORBIDDEN"}
POST /v1/owner/stays/st_01M405JV4QMMW28PWY64R65D3Q/guest-id/reveal 
  -> 403 {"type":"about:blank","title":"Forbidden","status":403,"code":"ROLE_FORBIDDEN"}