POST /v1/auth/sign-in {"guesthouseCode":"rhaec4ce","username":"r2","pin":"***"}
  -> 200 {"accessToken":"***","expiresAt":"2026-10-03T18:00:17.356522Z","mustChangePin":true,"tenantId":"tn_01M405JF5BQ3D2VK6SFMNGZGK9","user":{"id":"us_01M405JG5PN08J2M4ANG3JT77E","locale":"vi","name":"Rehearsal R2","role":"RECEPTIONIST"}}
PUT /v1/me/pin {"currentPin":"***","newPin":"***"}
  -> 204 ""
GET /v1/me 
  -> 200 {"buildingAccess":[{"buildingId":"bd_01M405JF5BYGDW7RGK4KB35SWW","level":"EDIT"}],"tenant":{"currency":"VND","id":"tn_01M405JF5BQ3D2VK6SFMNGZGK9","name":"Rehearsal Test rhaec4ce","timezone":"Asia/Ho_Chi_Minh"},"user":{"id":"us_01M405JG5PN08J2M4ANG3JT77E","locale":"vi","name":"Rehearsal R2","role":"RECEPTIONIST"}}
POST /v1/auth/sign-in {"guesthouseCode":"rhaec4ce","username":"owner","pin":"***"}
  -> 200 {"accessToken":"***","expiresAt":"2026-10-03T18:00:17.972247Z","mustChangePin":true,"tenantId":"tn_01M405JF5BQ3D2VK6SFMNGZGK9","user":{"id":"us_01M405JF5X3BJHRMJDGM4EE1PQ","locale":"vi","name":"Smoke Owner","role":"OWNER"}}
PUT /v1/me/pin {"currentPin":"***","newPin":"***"}
  -> 204 ""
GET /v1/me 
  -> 200 {"buildingAccess":[{"buildingId":"bd_01M405JF5BYGDW7RGK4KB35SWW","level":"EDIT"}],"tenant":{"currency":"VND","id":"tn_01M405JF5BQ3D2VK6SFMNGZGK9","name":"Rehearsal Test rhaec4ce","timezone":"Asia/Ho_Chi_Minh"},"user":{"id":"us_01M405JF5X3BJHRMJDGM4EE1PQ","locale":"vi","name":"Smoke Owner","role":"OWNER"}}
GET /v1/buildings 
  -> 200 {"items":[{"code":"A","counts":{"maintenance":0,"occupied":0,"overdue":0,"toClean":0,"vacant":120},"floors":[{"id":"fl_01M405JF5BCNDATRVY60SGNRTF","name":"1","order":1},{"id":"fl_01M405JF5BGWM44ASWKWRWJQ99","name":"2","order":2},{"id":"fl_01M405JF5BTTTF5MRA2Q2HWZNA","name":"3","order":3}],"id":"bd_01M405JF5BYGDW7RGK4KB35SWW","level":"EDIT","name":"Building A"}]}
GET /v1/buildings/bd_01M405JF5BYGDW7RGK4KB35SWW/rooms 
  -> 200 {"items":[{"buildingId":"bd_01M405JF5BYGDW7RGK4KB35SWW","code":"A101","floor":1,"floorId":"fl_01M405JF5BCNDATRVY60SGNRTF","floorName":"1","id":"un_01M405JF5BV3JF0G84JYES61BF","status":"VACANT","unitType":{"code":"STANDARD","name":{"en":"Standard","vi":"Phòng thường"}}},{"buildingId":"bd_01M405JF5BYGDW7RGK4KB35SWW","code":"A102","floor":1,"floorId":"fl_01M405JF5BCNDATRVY60SGNRTF","floorName":"1","id":"un_01M405JF5BNCSN7MWJCJQS9F53","status":"VACANT","unitType":{"code":"STANDARD","name":{"en":"Standard","vi":"Phòng thường"}}},{"buildingId":"bd_01M405JF5BYGDW7RGK4KB35SWW","code":"A103","floor":1,
POST /v1/rooms/un_01M405JF5BV3JF0G84JYES61BF/stays {"rentalType":"HOURLY","guestName":"Rehearsal Guest","guestPhone":"0912345678","deposit":10000}
  -> 201 {"checkInAt":"2026-10-03T06:00:18.586812Z","deposit":10000,"extras":[],"guestId":{"hasBackPhoto":false,"hasFrontPhoto":false,"hasIdNumber":false},"guestName":"Rehearsal Guest","guestPhone":"0912345678","id":"st_01M405JPWT7TXJ03ACATQ9DG5D","pricingVersion":1,"quote":{"asOf":"2026-10-03T06:00:18.586812Z","balanceDue":70000,"capped":false,"depositPaid":10000,"extrasAmount":0,"lines":[{"amount":80000,"code":"FIRST_HOUR","quantity":1,"unitAmount":80000}],"refundDue":0,"stayAmount":80000,"total":80000},"rentalType":"HOURLY","roomCode":"A101","roomId":"un_01M405JF5BV3JF0G84JYES61BF","status":"ACTIVE"
POST /v1/stays/st_01M405JPWT7TXJ03ACATQ9DG5D/checkout 
  -> 201 {"billCode":"PH1003A101","createdAt":"2026-10-03T06:00:18.598303Z","id":"iv_01M405JPX6XJEX7AE8NE38DH7V","quote":{"asOf":"2026-10-03T06:00:18.598303Z","balanceDue":70000,"capped":false,"depositPaid":10000,"extrasAmount":0,"lines":[{"amount":80000,"code":"FIRST_HOUR","quantity":1,"unitAmount":80000}],"refundDue":0,"stayAmount":80000,"total":80000},"roomCode":"A101","status":"OPEN","stayId":"st_01M405JPWT7TXJ03ACATQ9DG5D"}
POST /v1/invoices/iv_01M405JPX6XJEX7AE8NE38DH7V/payments {"method":"TRANSFER"}
  -> 201 {"amount":70000,"id":"pm_01M405JPXC5SB8XXXJXSJ7RPMR","invoiceId":"iv_01M405JPX6XJEX7AE8NE38DH7V","method":"TRANSFER","qr":{"accountName":"REHEARSAL TEST","accountNoMasked":"******8888","amount":70000,"payload":"00020101021238540010A00000072701240006970436011010175888880208QRIBFTTA53037045405700005802VN62140810PH1003A1016304ACC3","transferNote":"PH1003A101"},"remaining":70000,"status":"PENDING"}
WEBHOOK in 35000 "PH1003A101" id=1791007218608802 age=0s
  -> 200 {"success": true}
GET /v1/owner/alerts 
  -> 200 {"items":[{"amount":35000,"createdAt":"2026-10-03T06:00:19.041216Z","details":{"billCode":"PH1003A101","received":"35000","remaining":"35000","since":"2026-10-03T05:40:18Z"},"id":"al_01M405JQB1DBS7C6SMTD1GB0AQ","kind":"PAYMENT_PARTIAL","roomCode":"A101","stayId":"st_01M405JPWT7TXJ03ACATQ9DG5D"},{"createdAt":"2026-10-03T06:00:16.314148Z","details":{"actor":"INSTALLER","at":"2026-10-03T06:00:16Z","code":"SECRET_SET"},"id":"al_01M405JMNWNVR2SJQCRFXSH2CG","kind":"SEPAY_UPDATED"}]}
POST /v1/invoices/iv_01M405JPX6XJEX7AE8NE38DH7V/payments {"method":"TRANSFER"}
  -> 201 {"amount":70000,"id":"pm_01M405JPXC5SB8XXXJXSJ7RPMR","invoiceId":"iv_01M405JPX6XJEX7AE8NE38DH7V","method":"TRANSFER","qr":{"accountName":"REHEARSAL TEST","accountNoMasked":"******8888","amount":35000,"payload":"00020101021238540010A00000072701240006970436011010175888880208QRIBFTTA53037045405350005802VN62140810PH1003A1016304978E","transferNote":"PH1003A101"},"receivedAmount":35000,"remaining":35000,"status":"PENDING"}
WEBHOOK in 35000 "PH1003A101" id=1791007219136010 age=0s
  -> 200 {"success": true}
GET /v1/payments/pm_01M405JPXC5SB8XXXJXSJ7RPMR 
  -> 200 {"amount":70000,"id":"pm_01M405JPXC5SB8XXXJXSJ7RPMR","invoiceId":"iv_01M405JPX6XJEX7AE8NE38DH7V","method":"TRANSFER","paidAt":"2026-10-03T06:00:19.13927Z","receivedAmount":70000,"remaining":0,"status":"PAID","transactionId":"1791007219136010"}
GET /v1/owner/alerts 
  -> 200 {"items":[{"amount":35000,"createdAt":"2026-10-03T06:00:19.041216Z","details":{"billCode":"PH1003A101","received":"35000","remaining":"35000","since":"2026-10-03T05:40:18Z"},"id":"al_01M405JQB1DBS7C6SMTD1GB0AQ","kind":"PAYMENT_PARTIAL","resolution":"PAID","resolvedAt":"2026-10-03T06:00:19.140589Z","roomCode":"A101","stayId":"st_01M405JPWT7TXJ03ACATQ9DG5D"},{"createdAt":"2026-10-03T06:00:16.314148Z","details":{"actor":"INSTALLER","at":"2026-10-03T06:00:16Z","code":"SECRET_SET"},"id":"al_01M405JMNWNVR2SJQCRFXSH2CG","kind":"SEPAY_UPDATED"}]}