GET /v1/owner/overview 
<<<<<<< HEAD
  -> 200 {"alerts":[{"createdAt":"2026-10-03T14:36:09.032118Z","details":{"actor":"INSTALLER","at":"2026-10-03T14:36:09Z","code":"SECRET_SET"},"id":"al_01M41337YAWWEJ87P6BVJD2AFA","kind":"SEPAY_UPDATED","read":false}],"attention":[],"buildings":[{"buildingId":"bd_01M41331K1NQJXD69A9ZKAZFBH","code":"A","maintenance":0,"occupancyPct":0,"occupied":0,"overdue":0,"revenueToday":240000,"toClean":3,"totalRooms":200,"vacant":197}],"byBuilding":[{"buildingId":"bd_01M41331K1NQJXD69A9ZKAZFBH","name":"Building A","revenue":240000}],"cashExpected":100000,"date":"2026-10-03","latestPayments":[{"amount":0,"at":"2026-
GET /v1/buildings 
  -> 200 {"items":[{"code":"A","counts":{"maintenance":0,"occupied":0,"overdue":0,"toClean":3,"vacant":197},"floors":[{"id":"fl_01M41331K1QT3R4SGFWQN8PAG5","name":"1","order":1},{"id":"fl_01M41331K170YEX76HVGNGD8XJ","name":"2","order":2},{"id":"fl_01M41331K1VSV1YS3WM1J042D0","name":"3","order":3},{"id":"fl_01M41331K18FQEZA37V8EQXREQ","name":"4","order":4}],"id":"bd_01M41331K1NQJXD69A9ZKAZFBH","level":"EDIT","name":"Building A"}]}
GET /v1/buildings/bd_01M41331K1NQJXD69A9ZKAZFBH/rooms 
  -> 200 {"items":[{"buildingId":"bd_01M41331K1NQJXD69A9ZKAZFBH","code":"A101","floor":1,"floorId":"fl_01M41331K1QT3R4SGFWQN8PAG5","floorName":"1","id":"un_01M41331K1HJVYW3E5YCKP0BJ2","status":"TO_CLEAN","unitType":{"code":"STANDARD","name":{"en":"Standard","vi":"Phòng thường"}}},{"buildingId":"bd_01M41331K1NQJXD69A9ZKAZFBH","code":"A102","floor":1,"floorId":"fl_01M41331K1QT3R4SGFWQN8PAG5","floorName":"1","id":"un_01M41331K17RZ0DN56RCQ09M3V","status":"TO_CLEAN","unitType":{"code":"STANDARD","name":{"en":"Standard","vi":"Phòng thường"}}},{"buildingId":"bd_01M41331K1NQJXD69A9ZKAZFBH","code":"A103","floor
POST /v1/rooms/un_01M41331K1M33N2E3SZN521PS6/stays {"rentalType":"HOURLY","guestName":"Rehearsal Guest","guestPhone":"0912345678","deposit":500000}
  -> 201 {"checkInAt":"2026-10-03T14:36:13.806934Z","deposit":500000,"extras":[],"guestId":{"hasBackPhoto":false,"hasFrontPhoto":false,"hasIdNumber":false},"guestName":"Rehearsal Guest","guestPhone":"0912345678","id":"st_01M4133CKESV3YGK47WJBC8M3A","pricingVersion":1,"quote":{"asOf":"2026-10-03T14:36:13.806934Z","balanceDue":0,"capped":false,"depositPaid":500000,"extrasAmount":0,"lines":[{"amount":80000,"code":"FIRST_HOUR","quantity":1,"unitAmount":80000}],"refundDue":420000,"stayAmount":80000,"total":80000},"rentalType":"HOURLY","roomCode":"A104","roomId":"un_01M41331K1M33N2E3SZN521PS6","status":"ACTI
POST /v1/stays/st_01M4133CKESV3YGK47WJBC8M3A/checkout 
  -> 201 {"billCode":"PH1003A104","createdAt":"2026-10-03T14:36:13.814527Z","id":"iv_01M4133CKPWQSJKH6ASWREGY8G","quote":{"asOf":"2026-10-03T14:36:13.814527Z","balanceDue":0,"capped":false,"depositPaid":500000,"extrasAmount":0,"lines":[{"amount":80000,"code":"FIRST_HOUR","quantity":1,"unitAmount":80000}],"refundDue":420000,"stayAmount":80000,"total":80000},"roomCode":"A104","status":"OPEN","stayId":"st_01M4133CKESV3YGK47WJBC8M3A"}
POST /v1/invoices/iv_01M4133CKPWQSJKH6ASWREGY8G/payments {"method":"CASH"}
  -> 201 {"amount":0,"id":"pm_01M4133D9GF38RQ07W237HJ3QN","invoiceId":"iv_01M4133CKPWQSJKH6ASWREGY8G","method":"CASH","paidAt":"2026-10-03T14:36:14.511839Z","receivedAmount":0,"remaining":0,"status":"PAID"}
=======
  -> 200 {"alerts":[{"createdAt":"2026-10-03T14:59:17.093693Z","details":{"actor":"INSTALLER","at":"2026-10-03T14:59:17Z","code":"SECRET_SET"},"id":"al_01M414DKF7H3A1QR1TEJ76NWG7","kind":"SEPAY_UPDATED","read":false}],"attention":[],"buildings":[{"buildingId":"bd_01M414DCJDHG63XAS4DVYE35FD","code":"A","maintenance":0,"occupancyPct":0,"occupied":0,"overdue":0,"revenueToday":240000,"toClean":3,"totalRooms":200,"vacant":197}],"byBuilding":[{"buildingId":"bd_01M414DCJDHG63XAS4DVYE35FD","name":"Building A","revenue":240000}],"cashExpected":100000,"date":"2026-10-03","latestPayments":[{"amount":0,"at":"2026-
GET /v1/buildings 
  -> 200 {"items":[{"code":"A","counts":{"maintenance":0,"occupied":0,"overdue":0,"toClean":3,"vacant":197},"floors":[{"id":"fl_01M414DCJDZ46FG27AXMPC4E8H","name":"1","order":1},{"id":"fl_01M414DCJD8Q9DQWV3K822ZM76","name":"2","order":2},{"id":"fl_01M414DCJDA1TVV2S9MZF01RRE","name":"3","order":3},{"id":"fl_01M414DCJDWRQ3Q2M4VMPQGF82","name":"4","order":4}],"id":"bd_01M414DCJDHG63XAS4DVYE35FD","level":"EDIT","name":"Building A"}]}
GET /v1/buildings/bd_01M414DCJDHG63XAS4DVYE35FD/rooms 
  -> 200 {"items":[{"buildingId":"bd_01M414DCJDHG63XAS4DVYE35FD","code":"A101","floor":1,"floorId":"fl_01M414DCJDZ46FG27AXMPC4E8H","floorName":"1","id":"un_01M414DCJD0THNDEP8AJ8FAJGB","status":"TO_CLEAN","unitType":{"code":"STANDARD","name":{"en":"Standard","vi":"Phòng thường"}}},{"buildingId":"bd_01M414DCJDHG63XAS4DVYE35FD","code":"A102","floor":1,"floorId":"fl_01M414DCJDZ46FG27AXMPC4E8H","floorName":"1","id":"un_01M414DCJDGMT12WJ6CSZQ6B94","status":"TO_CLEAN","unitType":{"code":"STANDARD","name":{"en":"Standard","vi":"Phòng thường"}}},{"buildingId":"bd_01M414DCJDHG63XAS4DVYE35FD","code":"A103","floor
POST /v1/rooms/un_01M414DCJDAYTD60FXMBVEHV2D/stays {"rentalType":"HOURLY","guestName":"Rehearsal Guest","guestPhone":"0912345678","deposit":500000}
  -> 201 {"checkInAt":"2026-10-03T15:00:02.470125Z","deposit":500000,"extras":[],"guestId":{"hasBackPhoto":false,"hasFrontPhoto":false,"hasIdNumber":false},"guestName":"Rehearsal Guest","guestPhone":"0912345678","id":"st_01M414EZS6VX7VYBJEMAC82V6M","pricingVersion":1,"quote":{"asOf":"2026-10-03T15:00:02.470125Z","balanceDue":0,"capped":false,"depositPaid":500000,"extrasAmount":0,"lines":[{"amount":80000,"code":"FIRST_HOUR","quantity":1,"unitAmount":80000}],"refundDue":420000,"stayAmount":80000,"total":80000},"rentalType":"HOURLY","roomCode":"A104","roomId":"un_01M414DCJDAYTD60FXMBVEHV2D","status":"ACTI
POST /v1/stays/st_01M414EZS6VX7VYBJEMAC82V6M/checkout 
  -> 201 {"billCode":"PH1003A104","createdAt":"2026-10-03T15:00:02.477005Z","id":"iv_01M414EZSD89VAMXRE6DYPKAHF","quote":{"asOf":"2026-10-03T15:00:02.477005Z","balanceDue":0,"capped":false,"depositPaid":500000,"extrasAmount":0,"lines":[{"amount":80000,"code":"FIRST_HOUR","quantity":1,"unitAmount":80000}],"refundDue":420000,"stayAmount":80000,"total":80000},"roomCode":"A104","status":"OPEN","stayId":"st_01M414EZS6VX7VYBJEMAC82V6M"}
POST /v1/invoices/iv_01M414EZSD89VAMXRE6DYPKAHF/payments {"method":"CASH"}
  -> 201 {"amount":0,"id":"pm_01M414F0FWWG3J4WGMJ32ANQ8G","invoiceId":"iv_01M414EZSD89VAMXRE6DYPKAHF","method":"CASH","paidAt":"2026-10-03T15:00:03.195756Z","receivedAmount":0,"remaining":0,"status":"PAID"}
>>>>>>> 952da7a (test(rehearsal): coverage report, bill-line stays for ui-lint, gap specs, sync preview on a copy, unapproved visual baselines)
