GET /v1/services 
  -> 200 {"items":[{"code":"WATER","name":{"en":"Still water","vi":"Nước suối"},"price":10000,"stock":37}]}
GET /v1/buildings 
<<<<<<< HEAD
  -> 200 {"items":[{"code":"A","counts":{"maintenance":0,"occupied":8,"overdue":0,"toClean":7,"vacant":185},"floors":[{"id":"fl_01M41331K1QT3R4SGFWQN8PAG5","name":"1","order":1},{"id":"fl_01M41331K170YEX76HVGNGD8XJ","name":"2","order":2},{"id":"fl_01M41331K1VSV1YS3WM1J042D0","name":"3","order":3},{"id":"fl_01M41331K18FQEZA37V8EQXREQ","name":"4","order":4}],"id":"bd_01M41331K1NQJXD69A9ZKAZFBH","level":"EDIT","name":"Building A"}]}
GET /v1/buildings/bd_01M41331K1NQJXD69A9ZKAZFBH/rooms 
  -> 200 {"items":[{"buildingId":"bd_01M41331K1NQJXD69A9ZKAZFBH","code":"A101","floor":1,"floorId":"fl_01M41331K1QT3R4SGFWQN8PAG5","floorName":"1","id":"un_01M41331K1HJVYW3E5YCKP0BJ2","status":"TO_CLEAN","unitType":{"code":"STANDARD","name":{"en":"Standard","vi":"Phòng thường"}}},{"buildingId":"bd_01M41331K1NQJXD69A9ZKAZFBH","code":"A102","floor":1,"floorId":"fl_01M41331K1QT3R4SGFWQN8PAG5","floorName":"1","id":"un_01M41331K17RZ0DN56RCQ09M3V","status":"TO_CLEAN","unitType":{"code":"STANDARD","name":{"en":"Standard","vi":"Phòng thường"}}},{"buildingId":"bd_01M41331K1NQJXD69A9ZKAZFBH","code":"A103","floor
POST /v1/rooms/un_01M41331K1296SEFHD3Q5JQTXC/stays {"rentalType":"HOURLY","guestName":"Rehearsal Guest","guestPhone":"0912345678","deposit":10000}
  -> 201 {"checkInAt":"2026-10-03T14:37:05.110924Z","deposit":10000,"extras":[],"guestId":{"hasBackPhoto":false,"hasFrontPhoto":false,"hasIdNumber":false},"guestName":"Rehearsal Guest","guestPhone":"0912345678","id":"st_01M4134YPP7BQBD0N3X2KCFAGG","pricingVersion":1,"quote":{"asOf":"2026-10-03T14:37:05.110924Z","balanceDue":70000,"capped":false,"depositPaid":10000,"extrasAmount":0,"lines":[{"amount":80000,"code":"FIRST_HOUR","quantity":1,"unitAmount":80000}],"refundDue":0,"stayAmount":80000,"total":80000},"rentalType":"HOURLY","roomCode":"A116","roomId":"un_01M41331K1296SEFHD3Q5JQTXC","status":"ACTIVE"
POST /v1/stays/st_01M4134YPP7BQBD0N3X2KCFAGG/extras {"items":[{"serviceCode":"WATER","quantity":2}]}
  -> 200 {"checkInAt":"2026-10-03T14:37:05.110924Z","deposit":10000,"extras":[{"amount":20000,"name":{"en":"Still water","vi":"Nước suối"},"quantity":2,"serviceCode":"WATER","unitAmount":10000}],"guestId":{"hasBackPhoto":false,"hasFrontPhoto":false,"hasIdNumber":false},"guestName":"Rehearsal Guest","guestPhone":"0912345678","id":"st_01M4134YPP7BQBD0N3X2KCFAGG","pricingVersion":1,"quote":{"asOf":"2026-10-03T14:37:05.115611Z","balanceDue":90000,"capped":false,"depositPaid":10000,"extrasAmount":20000,"lines":[{"amount":80000,"code":"FIRST_HOUR","quantity":1,"unitAmount":80000}],"refundDue":0,"stayAmount":
GET /v1/stays/st_01M4134YPP7BQBD0N3X2KCFAGG 
  -> 200 {"checkInAt":"2026-10-03T14:37:05.110924Z","deposit":10000,"extras":[{"amount":20000,"name":{"en":"Still water","vi":"Nước suối"},"quantity":2,"serviceCode":"WATER","unitAmount":10000}],"guestId":{"hasBackPhoto":false,"hasFrontPhoto":false,"hasIdNumber":false},"guestName":"Rehearsal Guest","guestPhone":"0912345678","id":"st_01M4134YPP7BQBD0N3X2KCFAGG","pricingVersion":1,"quote":{"asOf":"2026-10-03T14:37:05.117401Z","balanceDue":90000,"capped":false,"depositPaid":10000,"extrasAmount":20000,"lines":[{"amount":80000,"code":"FIRST_HOUR","quantity":1,"unitAmount":80000}],"refundDue":0,"stayAmount":
=======
  -> 200 {"items":[{"code":"A","counts":{"maintenance":0,"occupied":12,"overdue":0,"toClean":8,"vacant":180},"floors":[{"id":"fl_01M414DCJDZ46FG27AXMPC4E8H","name":"1","order":1},{"id":"fl_01M414DCJD8Q9DQWV3K822ZM76","name":"2","order":2},{"id":"fl_01M414DCJDA1TVV2S9MZF01RRE","name":"3","order":3},{"id":"fl_01M414DCJDWRQ3Q2M4VMPQGF82","name":"4","order":4}],"id":"bd_01M414DCJDHG63XAS4DVYE35FD","level":"EDIT","name":"Building A"}]}
GET /v1/buildings/bd_01M414DCJDHG63XAS4DVYE35FD/rooms 
  -> 200 {"items":[{"buildingId":"bd_01M414DCJDHG63XAS4DVYE35FD","code":"A101","floor":1,"floorId":"fl_01M414DCJDZ46FG27AXMPC4E8H","floorName":"1","id":"un_01M414DCJD0THNDEP8AJ8FAJGB","status":"TO_CLEAN","unitType":{"code":"STANDARD","name":{"en":"Standard","vi":"Phòng thường"}}},{"buildingId":"bd_01M414DCJDHG63XAS4DVYE35FD","code":"A102","floor":1,"floorId":"fl_01M414DCJDZ46FG27AXMPC4E8H","floorName":"1","id":"un_01M414DCJDGMT12WJ6CSZQ6B94","status":"TO_CLEAN","unitType":{"code":"STANDARD","name":{"en":"Standard","vi":"Phòng thường"}}},{"buildingId":"bd_01M414DCJDHG63XAS4DVYE35FD","code":"A103","floor
POST /v1/rooms/un_01M414DCJD5DQNZZVWK7SDCBRJ/stays {"rentalType":"HOURLY","guestName":"Rehearsal Guest","guestPhone":"0912345678","deposit":10000}
  -> 201 {"checkInAt":"2026-10-03T15:00:52.859109Z","deposit":10000,"extras":[],"guestId":{"hasBackPhoto":false,"hasFrontPhoto":false,"hasIdNumber":false},"guestName":"Rehearsal Guest","guestPhone":"0912345678","id":"st_01M414GGZVW4WRRCEKK62Q6NTE","pricingVersion":1,"quote":{"asOf":"2026-10-03T15:00:52.859109Z","balanceDue":70000,"capped":false,"depositPaid":10000,"extrasAmount":0,"lines":[{"amount":80000,"code":"FIRST_HOUR","quantity":1,"unitAmount":80000}],"refundDue":0,"stayAmount":80000,"total":80000},"rentalType":"HOURLY","roomCode":"A121","roomId":"un_01M414DCJD5DQNZZVWK7SDCBRJ","status":"ACTIVE"
POST /v1/stays/st_01M414GGZVW4WRRCEKK62Q6NTE/extras {"items":[{"serviceCode":"WATER","quantity":2}]}
  -> 200 {"checkInAt":"2026-10-03T15:00:52.859109Z","deposit":10000,"extras":[{"amount":20000,"name":{"en":"Still water","vi":"Nước suối"},"quantity":2,"serviceCode":"WATER","unitAmount":10000}],"guestId":{"hasBackPhoto":false,"hasFrontPhoto":false,"hasIdNumber":false},"guestName":"Rehearsal Guest","guestPhone":"0912345678","id":"st_01M414GGZVW4WRRCEKK62Q6NTE","pricingVersion":1,"quote":{"asOf":"2026-10-03T15:00:52.865938Z","balanceDue":90000,"capped":false,"depositPaid":10000,"extrasAmount":20000,"lines":[{"amount":80000,"code":"FIRST_HOUR","quantity":1,"unitAmount":80000}],"refundDue":0,"stayAmount":
GET /v1/stays/st_01M414GGZVW4WRRCEKK62Q6NTE 
  -> 200 {"checkInAt":"2026-10-03T15:00:52.859109Z","deposit":10000,"extras":[{"amount":20000,"name":{"en":"Still water","vi":"Nước suối"},"quantity":2,"serviceCode":"WATER","unitAmount":10000}],"guestId":{"hasBackPhoto":false,"hasFrontPhoto":false,"hasIdNumber":false},"guestName":"Rehearsal Guest","guestPhone":"0912345678","id":"st_01M414GGZVW4WRRCEKK62Q6NTE","pricingVersion":1,"quote":{"asOf":"2026-10-03T15:00:52.869545Z","balanceDue":90000,"capped":false,"depositPaid":10000,"extrasAmount":20000,"lines":[{"amount":80000,"code":"FIRST_HOUR","quantity":1,"unitAmount":80000}],"refundDue":0,"stayAmount":
>>>>>>> 952da7a (test(rehearsal): coverage report, bill-line stays for ui-lint, gap specs, sync preview on a copy, unapproved visual baselines)
GET /v1/services 
  -> 200 {"items":[{"code":"WATER","name":{"en":"Still water","vi":"Nước suối"},"price":10000,"stock":35}]}