GET /v1/owner/transactions?filter=NEEDS_ACTION 
  -> 200 {"items":[]}
GET /v1/buildings 
<<<<<<< HEAD
  -> 200 {"items":[{"code":"A","counts":{"maintenance":0,"occupied":0,"overdue":0,"toClean":4,"vacant":196},"floors":[{"id":"fl_01M41331K1QT3R4SGFWQN8PAG5","name":"1","order":1},{"id":"fl_01M41331K170YEX76HVGNGD8XJ","name":"2","order":2},{"id":"fl_01M41331K1VSV1YS3WM1J042D0","name":"3","order":3},{"id":"fl_01M41331K18FQEZA37V8EQXREQ","name":"4","order":4}],"id":"bd_01M41331K1NQJXD69A9ZKAZFBH","level":"EDIT","name":"Building A"}]}
GET /v1/buildings/bd_01M41331K1NQJXD69A9ZKAZFBH/rooms 
  -> 200 {"items":[{"buildingId":"bd_01M41331K1NQJXD69A9ZKAZFBH","code":"A101","floor":1,"floorId":"fl_01M41331K1QT3R4SGFWQN8PAG5","floorName":"1","id":"un_01M41331K1HJVYW3E5YCKP0BJ2","status":"TO_CLEAN","unitType":{"code":"STANDARD","name":{"en":"Standard","vi":"Phòng thường"}}},{"buildingId":"bd_01M41331K1NQJXD69A9ZKAZFBH","code":"A102","floor":1,"floorId":"fl_01M41331K1QT3R4SGFWQN8PAG5","floorName":"1","id":"un_01M41331K17RZ0DN56RCQ09M3V","status":"TO_CLEAN","unitType":{"code":"STANDARD","name":{"en":"Standard","vi":"Phòng thường"}}},{"buildingId":"bd_01M41331K1NQJXD69A9ZKAZFBH","code":"A103","floor
POST /v1/rooms/un_01M41331K17F2VDNY40AHKACSR/stays {"rentalType":"HOURLY","guestName":"Rehearsal Guest","guestPhone":"0912345678","deposit":10000}
  -> 201 {"checkInAt":"2026-10-03T14:36:14.729619Z","deposit":10000,"extras":[],"guestId":{"hasBackPhoto":false,"hasFrontPhoto":false,"hasIdNumber":false},"guestName":"Rehearsal Guest","guestPhone":"0912345678","id":"st_01M4133DG9NBD01KC4MQ9ER92P","pricingVersion":1,"quote":{"asOf":"2026-10-03T14:36:14.729619Z","balanceDue":70000,"capped":false,"depositPaid":10000,"extrasAmount":0,"lines":[{"amount":80000,"code":"FIRST_HOUR","quantity":1,"unitAmount":80000}],"refundDue":0,"stayAmount":80000,"total":80000},"rentalType":"HOURLY","roomCode":"A105","roomId":"un_01M41331K17F2VDNY40AHKACSR","status":"ACTIVE"
POST /v1/stays/st_01M4133DG9NBD01KC4MQ9ER92P/checkout 
  -> 201 {"billCode":"PH1003A105","createdAt":"2026-10-03T14:36:14.737489Z","id":"iv_01M4133DGHND54B3J692B59C7F","quote":{"asOf":"2026-10-03T14:36:14.737489Z","balanceDue":70000,"capped":false,"depositPaid":10000,"extrasAmount":0,"lines":[{"amount":80000,"code":"FIRST_HOUR","quantity":1,"unitAmount":80000}],"refundDue":0,"stayAmount":80000,"total":80000},"roomCode":"A105","status":"OPEN","stayId":"st_01M4133DG9NBD01KC4MQ9ER92P"}
POST /v1/invoices/iv_01M4133DGHND54B3J692B59C7F/payments {"method":"TRANSFER"}
  -> 201 {"amount":70000,"id":"pm_01M4133DGP45Z0NRA1WT4NRX44","invoiceId":"iv_01M4133DGHND54B3J692B59C7F","method":"TRANSFER","qr":{"accountName":"REHEARSAL TEST","accountNoMasked":"******8888","amount":70000,"payload":"00020101021238540010A00000072701240006970436011010175888880208QRIBFTTA53037045405700005802VN62140810PH1003A105630425C5","transferNote":"PH1003A105"},"remaining":70000,"status":"PENDING"}
WEBHOOK in 70000 "" id=1791038174745390 age=0s
  -> 200 {"success": true}
GET /v1/owner/transactions 
  -> 200 {"items":[{"amount":70000,"at":"2026-10-03T14:36:14.746767Z","id":"pe_01M4133DGV6ZQ171P3H6PEVRD5","kind":"PAYMENT","method":"TRANSFER","paymentEventId":"pe_01M4133DGV6ZQ171P3H6PEVRD5","receivedAt":"2026-10-03T14:36:14.746767Z","reconciliation":"UNMATCHED","transferNote":"no bill code, AL-05"},{"amount":-420000,"at":"2026-10-03T14:36:14.511839Z","billCode":"PH1003A104","id":"pm_01M4133D9GF38RQ07W237HJ3QN","kind":"CASH_REFUND","method":"CASH","reconciliation":"CASH","roomCode":"A104","settledAt":"2026-10-03T14:36:14.511839Z","shiftId":"sh_01M4133A4ZNE0G1YPJYHANFX9G"},{"amount":-420000,"at":"2026
POST /v1/owner/payment-events/pe_01M4133DGV6ZQ171P3H6PEVRD5/link {"invoiceId":"iv_01M4133DGHND54B3J692B59C7F"}
  -> 200 {"amount":70000,"at":"2026-10-03T14:36:14.895287Z","billCode":"PH1003A105","id":"pm_01M4133DGP45Z0NRA1WT4NRX44","kind":"","method":"TRANSFER","paymentEventId":"pe_01M4133DGV6ZQ171P3H6PEVRD5","reconciliation":"MATCHED","roomCode":"A105"}
=======
  -> 200 {"items":[{"code":"A","counts":{"maintenance":0,"occupied":0,"overdue":0,"toClean":4,"vacant":196},"floors":[{"id":"fl_01M414DCJDZ46FG27AXMPC4E8H","name":"1","order":1},{"id":"fl_01M414DCJD8Q9DQWV3K822ZM76","name":"2","order":2},{"id":"fl_01M414DCJDA1TVV2S9MZF01RRE","name":"3","order":3},{"id":"fl_01M414DCJDWRQ3Q2M4VMPQGF82","name":"4","order":4}],"id":"bd_01M414DCJDHG63XAS4DVYE35FD","level":"EDIT","name":"Building A"}]}
GET /v1/buildings/bd_01M414DCJDHG63XAS4DVYE35FD/rooms 
  -> 200 {"items":[{"buildingId":"bd_01M414DCJDHG63XAS4DVYE35FD","code":"A101","floor":1,"floorId":"fl_01M414DCJDZ46FG27AXMPC4E8H","floorName":"1","id":"un_01M414DCJD0THNDEP8AJ8FAJGB","status":"TO_CLEAN","unitType":{"code":"STANDARD","name":{"en":"Standard","vi":"Phòng thường"}}},{"buildingId":"bd_01M414DCJDHG63XAS4DVYE35FD","code":"A102","floor":1,"floorId":"fl_01M414DCJDZ46FG27AXMPC4E8H","floorName":"1","id":"un_01M414DCJDGMT12WJ6CSZQ6B94","status":"TO_CLEAN","unitType":{"code":"STANDARD","name":{"en":"Standard","vi":"Phòng thường"}}},{"buildingId":"bd_01M414DCJDHG63XAS4DVYE35FD","code":"A103","floor
POST /v1/rooms/un_01M414DCJDM52WGFY7Q52A8F4J/stays {"rentalType":"HOURLY","guestName":"Rehearsal Guest","guestPhone":"0912345678","deposit":10000}
  -> 201 {"checkInAt":"2026-10-03T15:00:03.406507Z","deposit":10000,"extras":[],"guestId":{"hasBackPhoto":false,"hasFrontPhoto":false,"hasIdNumber":false},"guestName":"Rehearsal Guest","guestPhone":"0912345678","id":"st_01M414F0PEHHSM06DJ536V09PT","pricingVersion":1,"quote":{"asOf":"2026-10-03T15:00:03.406507Z","balanceDue":70000,"capped":false,"depositPaid":10000,"extrasAmount":0,"lines":[{"amount":80000,"code":"FIRST_HOUR","quantity":1,"unitAmount":80000}],"refundDue":0,"stayAmount":80000,"total":80000},"rentalType":"HOURLY","roomCode":"A105","roomId":"un_01M414DCJDM52WGFY7Q52A8F4J","status":"ACTIVE"
POST /v1/stays/st_01M414F0PEHHSM06DJ536V09PT/checkout 
  -> 201 {"billCode":"PH1003A105","createdAt":"2026-10-03T15:00:03.410694Z","id":"iv_01M414F0PJ5XEHK4QNKBJBA09V","quote":{"asOf":"2026-10-03T15:00:03.410694Z","balanceDue":70000,"capped":false,"depositPaid":10000,"extrasAmount":0,"lines":[{"amount":80000,"code":"FIRST_HOUR","quantity":1,"unitAmount":80000}],"refundDue":0,"stayAmount":80000,"total":80000},"roomCode":"A105","status":"OPEN","stayId":"st_01M414F0PEHHSM06DJ536V09PT"}
POST /v1/invoices/iv_01M414F0PJ5XEHK4QNKBJBA09V/payments {"method":"TRANSFER"}
  -> 201 {"amount":70000,"id":"pm_01M414F0PPG2PEY877HXPBX7HN","invoiceId":"iv_01M414F0PJ5XEHK4QNKBJBA09V","method":"TRANSFER","qr":{"accountName":"REHEARSAL TEST","accountNoMasked":"******8888","amount":70000,"payload":"00020101021238540010A00000072701240006970436011010175888880208QRIBFTTA53037045405700005802VN62140810PH1003A105630425C5","transferNote":"PH1003A105"},"remaining":70000,"status":"PENDING"}
WEBHOOK in 70000 "" id=1791039603417171 age=0s
  -> 200 {"success": true}
GET /v1/owner/transactions 
  -> 200 {"items":[{"amount":70000,"at":"2026-10-03T15:00:03.418715Z","id":"pe_01M414F0PVKCZNXM8ZQ5W5VPWD","kind":"PAYMENT","method":"TRANSFER","paymentEventId":"pe_01M414F0PVKCZNXM8ZQ5W5VPWD","receivedAt":"2026-10-03T15:00:03.418715Z","reconciliation":"UNMATCHED","transferNote":"no bill code, AL-05"},{"amount":-420000,"at":"2026-10-03T15:00:03.195756Z","billCode":"PH1003A104","id":"pm_01M414F0FWWG3J4WGMJ32ANQ8G","kind":"CASH_REFUND","method":"CASH","reconciliation":"CASH","roomCode":"A104","settledAt":"2026-10-03T15:00:03.195756Z","shiftId":"sh_01M414EXKDAXPCEQH829YDJ161"},{"amount":-420000,"at":"2026
POST /v1/owner/payment-events/pe_01M414F0PVKCZNXM8ZQ5W5VPWD/link {"invoiceId":"iv_01M414F0PJ5XEHK4QNKBJBA09V"}
  -> 200 {"amount":70000,"at":"2026-10-03T15:00:03.56583Z","billCode":"PH1003A105","id":"pm_01M414F0PPG2PEY877HXPBX7HN","kind":"","method":"TRANSFER","paymentEventId":"pe_01M414F0PVKCZNXM8ZQ5W5VPWD","reconciliation":"MATCHED","roomCode":"A105"}
>>>>>>> 952da7a (test(rehearsal): coverage report, bill-line stays for ui-lint, gap specs, sync preview on a copy, unapproved visual baselines)
