POST /v1/auth/sign-in {"guesthouseCode":"rh4f632b","username":"mina","pin":"***"}
  -> 200 {"accessToken":"***","expiresAt":"2026-10-04T03:01:08.645241Z","mustChangePin":false,"tenantId":"tn_01M414DCJD57KM1TTGRGGPVHWZ","user":{"id":"us_01M414DCZTBYN7BYFJJPJPY0T6","locale":"vi","name":"Smoke Mina","role":"MANAGER"}}
GET /v1/buildings 
  -> 200 {"items":[{"code":"A","counts":{"maintenance":0,"occupied":34,"overdue":0,"toClean":14,"vacant":152},"floors":[{"id":"fl_01M414DCJDZ46FG27AXMPC4E8H","name":"1","order":1},{"id":"fl_01M414DCJD8Q9DQWV3K822ZM76","name":"2","order":2},{"id":"fl_01M414DCJDA1TVV2S9MZF01RRE","name":"3","order":3},{"id":"fl_01M414DCJDWRQ3Q2M4VMPQGF82","name":"4","order":4}],"id":"bd_01M414DCJDHG63XAS4DVYE35FD","level":"EDIT","name":"Building A"}]}
GET /v1/buildings/bd_01M414DCJDHG63XAS4DVYE35FD/rooms 
  -> 200 {"items":[{"buildingId":"bd_01M414DCJDHG63XAS4DVYE35FD","code":"A101","floor":1,"floorId":"fl_01M414DCJDZ46FG27AXMPC4E8H","floorName":"1","id":"un_01M414DCJD0THNDEP8AJ8FAJGB","status":"TO_CLEAN","unitType":{"code":"STANDARD","name":{"en":"Standard","vi":"Phòng thường"}}},{"buildingId":"bd_01M414DCJDHG63XAS4DVYE35FD","code":"A102","floor":1,"floorId":"fl_01M414DCJDZ46FG27AXMPC4E8H","floorName":"1","id":"un_01M414DCJDGMT12WJ6CSZQ6B94","status":"TO_CLEAN","unitType":{"code":"STANDARD","name":{"en":"Standard","vi":"Phòng thường"}}},{"buildingId":"bd_01M414DCJDHG63XAS4DVYE35FD","code":"A103","floor
POST /v1/rooms/un_01M414DCJD992KGAESKRMACY46/damage-reports {"category":"TV","description":"Rehearsal: remote","severity":"LOCK_ROOM"}
  -> 201 {"category":"TV","code":"BT-001","description":"Rehearsal: remote","id":"mt_01M414H0M94HVFHJG9CSTVCZBY","reportedAt":"2026-10-03T15:01:08.873538Z","reportedBy":"Rehearsal R19","roomCode":"A149","roomId":"un_01M414DCJD992KGAESKRMACY46","roomLocked":true,"status":"NEW","totalCost":null}
GET /v1/owner/maintenance-tickets 
  -> 200 {"items":[{"category":"TV","code":"BT-001","description":"Rehearsal: remote","id":"mt_01M414H0M94HVFHJG9CSTVCZBY","reportedAt":"2026-10-03T15:01:08.873538Z","reportedBy":"Rehearsal R19","roomCode":"A149","roomId":"un_01M414DCJD992KGAESKRMACY46","roomLocked":true,"status":"NEW","totalCost":null}]}
PATCH /v1/owner/maintenance-tickets/mt_01M414H0M94HVFHJG9CSTVCZBY {"status":"DONE","partsCost":50000,"labourCost":0}
  -> 200 {"category":"TV","code":"BT-001","completedAt":"2026-10-03T15:01:08.878969Z","description":"Rehearsal: remote","id":"mt_01M414H0M94HVFHJG9CSTVCZBY","labourCost":0,"partsCost":50000,"reportedAt":"2026-10-03T15:01:08.873538Z","reportedBy":"Rehearsal R19","roomCode":"A149","roomId":"un_01M414DCJD992KGAESKRMACY46","roomLocked":false,"status":"DONE","totalCost":50000}
PATCH /v1/owner/maintenance-tickets/mt_01M414H0M94HVFHJG9CSTVCZBY {"partsCost":80000}
  -> 200 {"category":"TV","code":"BT-001","completedAt":"2026-10-03T15:01:08.878969Z","description":"Rehearsal: remote","id":"mt_01M414H0M94HVFHJG9CSTVCZBY","labourCost":0,"partsCost":80000,"reportedAt":"2026-10-03T15:01:08.873538Z","reportedBy":"Rehearsal R19","roomCode":"A149","roomId":"un_01M414DCJD992KGAESKRMACY46","roomLocked":false,"status":"DONE","totalCost":80000}
GET /v1/owner/expenses?month=2026-10 
  -> 200 {"categories":[{"amount":10000,"category":"COST_OF_GOODS","source":"STOCK"},{"amount":300000,"category":"INTERNET_TV","source":"RECURRING"},{"amount":80000,"category":"MAINTENANCE","source":"MAINTENANCE"},{"amount":160000,"category":"SUPPLIES","source":"MANUAL"}],"items":[{"amount":10000,"category":"COST_OF_GOODS","id":"ex_01M414GK4SNDFD8A71GA9MGWCW","month":"2026-10","note":"CANDY","paidOn":"2026-10-03","recurring":false,"source":"STOCK"},{"amount":300000,"category":"INTERNET_TV","id":"ex_01M414GKEWJJG1J7X7J2X7K64Q","month":"2026-10","note":"Rehearsal internet","recurring":true,"source":"RECU
PATCH /v1/owner/maintenance-tickets/mt_01M414H0M94HVFHJG9CSTVCZBY {"partsCost":1}
  -> 403 {"type":"about:blank","title":"Forbidden","status":403,"code":"ROLE_FORBIDDEN"}
GET /v1/owner/audit-logs?from=2026-10-02&to=2026-10-04 
  -> 200 {"items":[{"action":"ticket.cost_updated","actorName":"Smoke Owner","actorRole":"OWNER","at":"2026-10-03T15:01:08.883177Z","category":"MAINTENANCE","details":{"roomLocked":"false","status":"DONE","ticketId":"mt_01M414H0M94HVFHJG9CSTVCZBY","total":"80000"},"id":"au_01M414H0MMF9EAMPFREX0APT7K"},{"action":"ticket.done","actorName":"Smoke Owner","actorRole":"OWNER","at":"2026-10-03T15:01:08.878595Z","category":"MAINTENANCE","details":{"roomLocked":"false","status":"DONE","ticketId":"mt_01M414H0M94HVFHJG9CSTVCZBY"},"id":"au_01M414H0MGQT5CKF8V2F8CBXYD"},{"action":"ticket.created","actorName":"Rehear