POST /v1/auth/sign-in {"guesthouseCode":"rh11ce74","username":"r9","pin":"***"}
  -> 200 {"accessToken":"***","expiresAt":"2026-10-03T23:44:08.783117Z","mustChangePin":true,"tenantId":"tn_01M40S5PXMPY7RENBTZJAW4FGE","user":{"id":"us_01M40S5SADZY3BHKTS05E9CC8S","locale":"vi","name":"Rehearsal R9","role":"RECEPTIONIST"}}
PUT /v1/me/pin {"currentPin":"***","newPin":"***"}
  -> 204 ""
GET /v1/me 
  -> 200 {"buildingAccess":[{"buildingId":"bd_01M40S5PXMRF3SZ1GQ5SFB9DDB","level":"EDIT"},{"buildingId":"bd_01M40S7W2N87FER69WG4BG38V7","level":"NONE"}],"tenant":{"currency":"VND","id":"tn_01M40S5PXMPY7RENBTZJAW4FGE","name":"Rehearsal Test rh11ce74","timezone":"Asia/Ho_Chi_Minh"},"user":{"id":"us_01M40S5SADZY3BHKTS05E9CC8S","locale":"vi","name":"Rehearsal R9","role":"RECEPTIONIST"}}
GET /v1/buildings 
  -> 200 {"items":[{"code":"A","counts":{"maintenance":1,"occupied":44,"overdue":0,"toClean":21,"vacant":134},"floors":[{"id":"fl_01M40S5PXM74H4AWP00F63EXRZ","name":"1","order":1},{"id":"fl_01M40S5PXM7VNN42W70DEZTC7S","name":"2","order":2},{"id":"fl_01M40S5PXMEF524KAVTK1YKWSE","name":"3","order":3},{"id":"fl_01M40S5PXM4621XFF7MS2T9FXM","name":"4","order":4}],"id":"bd_01M40S5PXMRF3SZ1GQ5SFB9DDB","level":"EDIT","name":"Building A"}]}
GET /v1/buildings/bd_01M40S5PXMRF3SZ1GQ5SFB9DDB/rooms 
  -> 200 {"items":[{"buildingId":"bd_01M40S5PXMRF3SZ1GQ5SFB9DDB","code":"A101","floor":1,"floorId":"fl_01M40S5PXM74H4AWP00F63EXRZ","floorName":"1","id":"un_01M40S5PXMJ27BQGSKZ57BJ2QQ","status":"TO_CLEAN","unitType":{"code":"STANDARD","name":{"en":"Standard","vi":"Phòng thường"}}},{"buildingId":"bd_01M40S5PXMRF3SZ1GQ5SFB9DDB","code":"A102","floor":1,"floorId":"fl_01M40S5PXM74H4AWP00F63EXRZ","floorName":"1","id":"un_01M40S5PXMMN3PJYHS5NZVQJ2R","status":"TO_CLEAN","unitType":{"code":"STANDARD","name":{"en":"Standard","vi":"Phòng thường"}}},{"buildingId":"bd_01M40S5PXMRF3SZ1GQ5SFB9DDB","code":"A103","floor
POST /v1/rooms/un_01M40S5PXMFJ08XGMMZC7574ZJ/stays {"rentalType":"HOURLY","guestName":"Rehearsal Guest","guestPhone":"0912345678","deposit":500000}
  -> 201 {"checkInAt":"2026-10-03T11:44:09.40973Z","deposit":500000,"extras":[],"guestId":{"hasBackPhoto":false,"hasFrontPhoto":false,"hasIdNumber":false},"guestName":"Rehearsal Guest","guestPhone":"0912345678","id":"st_01M40S8A61Z3ZBKHTP36A8CA4H","pricingVersion":3,"quote":{"asOf":"2026-10-03T11:44:09.40973Z","balanceDue":0,"capped":false,"depositPaid":500000,"extrasAmount":0,"lines":[{"amount":80000,"code":"FIRST_HOUR","quantity":1,"unitAmount":80000}],"refundDue":420000,"stayAmount":80000,"total":80000},"rentalType":"HOURLY","roomCode":"A217","roomId":"un_01M40S5PXMFJ08XGMMZC7574ZJ","status":"ACTIVE
POST /v1/stays/st_01M40S8A61Z3ZBKHTP36A8CA4H/checkout 
  -> 201 {"billCode":"PH1003A217","createdAt":"2026-10-03T11:44:09.413442Z","id":"iv_01M40S8A65H6P9G2VP6NGWDTD1","quote":{"asOf":"2026-10-03T11:44:09.413442Z","balanceDue":0,"capped":false,"depositPaid":500000,"extrasAmount":0,"lines":[{"amount":80000,"code":"FIRST_HOUR","quantity":1,"unitAmount":80000}],"refundDue":420000,"stayAmount":80000,"total":80000},"roomCode":"A217","status":"OPEN","stayId":"st_01M40S8A61Z3ZBKHTP36A8CA4H"}
GET /v1/shifts/current 
  -> 200 {"buildingIds":["bd_01M40S5PXMRF3SZ1GQ5SFB9DDB"],"cashIn":500000,"cashOut":0,"expectedCash":500000,"id":"sh_01M40S8A62JZD5BGY6J8TDT72C","movements":[{"amount":500000,"at":"2026-10-03T11:44:09.40995Z","billCode":"PH1003A217","byOwner":false,"kind":"DEPOSIT","roomCode":"A217"}],"openedAt":"2026-10-03T11:44:09.40995Z","openingFloat":0,"status":"OPEN","transfersReceived":0,"unpaidInvoices":[{"balance":0,"billCode":"PH1003A217","checkedOutAt":"2026-10-03T11:44:09.413442Z","guestName":"Rehearsal Guest","invoiceId":"iv_01M40S8A65H6P9G2VP6NGWDTD1","paid":80000,"refundDue":420000,"roomCode":"A217","tot
POST /v1/invoices/iv_01M40S8A65H6P9G2VP6NGWDTD1/payments {"method":"CASH"}
  -> 201 {"amount":0,"id":"pm_01M40S8A6BPJKE345SDWYDSY5C","invoiceId":"iv_01M40S8A65H6P9G2VP6NGWDTD1","method":"CASH","paidAt":"2026-10-03T11:44:09.41918Z","receivedAmount":0,"remaining":0,"status":"PAID"}
GET /v1/shifts/current 
  -> 200 {"buildingIds":["bd_01M40S5PXMRF3SZ1GQ5SFB9DDB"],"cashIn":500000,"cashOut":420000,"expectedCash":80000,"id":"sh_01M40S8A62JZD5BGY6J8TDT72C","movements":[{"amount":500000,"at":"2026-10-03T11:44:09.40995Z","billCode":"PH1003A217","byOwner":false,"kind":"DEPOSIT","roomCode":"A217"},{"amount":-420000,"at":"2026-10-03T11:44:09.421013Z","billCode":"PH1003A217","byOwner":true,"kind":"REFUND","roomCode":"A217"}],"openedAt":"2026-10-03T11:44:09.40995Z","openingFloat":0,"status":"OPEN","transfersReceived":0,"unpaidInvoices":[],"userId":"us_01M40S5SADZY3BHKTS05E9CC8S","userName":"Rehearsal R9"}