GET /v1/buildings 
<<<<<<< HEAD
  -> 200 {"items":[{"code":"A","counts":{"maintenance":0,"occupied":14,"overdue":0,"toClean":8,"vacant":178},"floors":[{"id":"fl_01M41331K1QT3R4SGFWQN8PAG5","name":"1","order":1},{"id":"fl_01M41331K170YEX76HVGNGD8XJ","name":"2","order":2},{"id":"fl_01M41331K1VSV1YS3WM1J042D0","name":"3","order":3},{"id":"fl_01M41331K18FQEZA37V8EQXREQ","name":"4","order":4}],"id":"bd_01M41331K1NQJXD69A9ZKAZFBH","level":"EDIT","name":"Building A"}]}
GET /v1/buildings/bd_01M41331K1NQJXD69A9ZKAZFBH/rooms 
  -> 200 {"items":[{"buildingId":"bd_01M41331K1NQJXD69A9ZKAZFBH","code":"A101","floor":1,"floorId":"fl_01M41331K1QT3R4SGFWQN8PAG5","floorName":"1","id":"un_01M41331K1HJVYW3E5YCKP0BJ2","status":"TO_CLEAN","unitType":{"code":"STANDARD","name":{"en":"Standard","vi":"Phòng thường"}}},{"buildingId":"bd_01M41331K1NQJXD69A9ZKAZFBH","code":"A102","floor":1,"floorId":"fl_01M41331K1QT3R4SGFWQN8PAG5","floorName":"1","id":"un_01M41331K17RZ0DN56RCQ09M3V","status":"TO_CLEAN","unitType":{"code":"STANDARD","name":{"en":"Standard","vi":"Phòng thường"}}},{"buildingId":"bd_01M41331K1NQJXD69A9ZKAZFBH","code":"A103","floor
POST /v1/rooms/un_01M41331K131VG2XZG40SP3JM3/stays {"rentalType":"HOURLY","guestName":"Rehearsal Guest","guestPhone":"0912345678","deposit":10000}
  -> 201 {"checkInAt":"2026-10-03T14:37:05.22789Z","deposit":10000,"extras":[],"guestId":{"hasBackPhoto":false,"hasFrontPhoto":false,"hasIdNumber":false},"guestName":"Rehearsal Guest","guestPhone":"0912345678","id":"st_01M4134YTBW6TNYF2QAJVE4CXP","pricingVersion":1,"quote":{"asOf":"2026-10-03T14:37:05.22789Z","balanceDue":70000,"capped":false,"depositPaid":10000,"extrasAmount":0,"lines":[{"amount":80000,"code":"FIRST_HOUR","quantity":1,"unitAmount":80000}],"refundDue":0,"stayAmount":80000,"total":80000},"rentalType":"HOURLY","roomCode":"A123","roomId":"un_01M41331K131VG2XZG40SP3JM3","status":"ACTIVE"}
POST /v1/stays/st_01M4134YTBW6TNYF2QAJVE4CXP/extras {"items":[{"serviceCode":"WATER","quantity":1}]}
  -> 200 {"checkInAt":"2026-10-03T14:37:05.22789Z","deposit":10000,"extras":[{"amount":10000,"name":{"en":"Still water","vi":"Nước suối"},"quantity":1,"serviceCode":"WATER","unitAmount":10000}],"guestId":{"hasBackPhoto":false,"hasFrontPhoto":false,"hasIdNumber":false},"guestName":"Rehearsal Guest","guestPhone":"0912345678","id":"st_01M4134YTBW6TNYF2QAJVE4CXP","pricingVersion":1,"quote":{"asOf":"2026-10-03T14:37:05.230729Z","balanceDue":80000,"capped":false,"depositPaid":10000,"extrasAmount":10000,"lines":[{"amount":80000,"code":"FIRST_HOUR","quantity":1,"unitAmount":80000}],"refundDue":0,"stayAmount":8
POST /v1/stays/st_01M4134YTBW6TNYF2QAJVE4CXP/checkout 
  -> 201 {"billCode":"PH1003A123","createdAt":"2026-10-03T14:37:05.232488Z","id":"iv_01M4134YTGKNB8GHJR6X2TE5JT","quote":{"asOf":"2026-10-03T14:37:05.232488Z","balanceDue":80000,"capped":false,"depositPaid":10000,"extrasAmount":10000,"lines":[{"amount":80000,"code":"FIRST_HOUR","quantity":1,"unitAmount":80000}],"refundDue":0,"stayAmount":80000,"total":90000},"roomCode":"A123","status":"OPEN","stayId":"st_01M4134YTBW6TNYF2QAJVE4CXP"}
POST /v1/invoices/iv_01M4134YTGKNB8GHJR6X2TE5JT/payments {"method":"TRANSFER"}
  -> 201 {"amount":80000,"id":"pm_01M4134YTJFB3ZKQRKP70K5CNB","invoiceId":"iv_01M4134YTGKNB8GHJR6X2TE5JT","method":"TRANSFER","qr":{"accountName":"REHEARSAL TEST","accountNoMasked":"******8888","amount":80000,"payload":"00020101021238540010A00000072701240006970436011010175888880208QRIBFTTA53037045405800005802VN62140810PH1003A1236304DC13","transferNote":"PH1003A123"},"remaining":80000,"status":"PENDING"}
WEBHOOK in 80000 "PH1003A123" id=1791038225237241 age=0s
  -> 200 {"success": true}
GET /v1/payments/pm_01M4134YTJFB3ZKQRKP70K5CNB 
  -> 200 {"amount":80000,"id":"pm_01M4134YTJFB3ZKQRKP70K5CNB","invoiceId":"iv_01M4134YTGKNB8GHJR6X2TE5JT","method":"TRANSFER","paidAt":"2026-10-03T14:37:05.237578Z","receivedAmount":80000,"remaining":0,"status":"PAID","transactionId":"1791038225237241"}
GET /v1/stays/st_01M4134YTBW6TNYF2QAJVE4CXP 
  -> 200 {"billCode":"PH1003A123","checkInAt":"2026-10-03T14:37:05.22789Z","checkOutAt":"2026-10-03T14:37:05.232488Z","deposit":10000,"extras":[{"amount":10000,"name":{"en":"Still water","vi":"Nước suối"},"quantity":1,"serviceCode":"WATER","unitAmount":10000}],"guestId":{"hasBackPhoto":false,"hasFrontPhoto":false,"hasIdNumber":false},"guestName":"Rehearsal Guest","guestPhone":"0912345678","id":"st_01M4134YTBW6TNYF2QAJVE4CXP","invoice":{"billCode":"PH1003A123","createdAt":"2026-10-03T14:37:05.232488Z","id":"iv_01M4134YTGKNB8GHJR6X2TE5JT","quote":{"asOf":"2026-10-03T14:37:05.232488Z","balanceDue":80000,"
GET /v1/housekeeping/tasks 
  -> 200 {"items":[{"buildingId":"bd_01M41331K1NQJXD69A9ZKAZFBH","createdAt":"2026-10-03T14:36:02.529158Z","id":"un_01M41331K1PMARZHD6DZK2WFYH","roomCode":"A119","roomId":"un_01M41331K1PMARZHD6DZK2WFYH","status":"OPEN"},{"buildingId":"bd_01M41331K1NQJXD69A9ZKAZFBH","createdAt":"2026-10-03T14:36:11.301985Z","id":"un_01M41331K1HJVYW3E5YCKP0BJ2","roomCode":"A101","roomId":"un_01M41331K1HJVYW3E5YCKP0BJ2","status":"OPEN"},{"buildingId":"bd_01M41331K1NQJXD69A9ZKAZFBH","createdAt":"2026-10-03T14:36:12.234223Z","id":"un_01M41331K17RZ0DN56RCQ09M3V","roomCode":"A102","roomId":"un_01M41331K17RZ0DN56RCQ09M3V","sta
POST /v1/housekeeping/tasks/un_01M41331K131VG2XZG40SP3JM3/complete 
  -> 200 {"buildingId":"bd_01M41331K1NQJXD69A9ZKAZFBH","completedAt":"2026-10-03T14:37:05.244966Z","createdAt":"2026-10-03T14:37:05.232488Z","id":"un_01M41331K131VG2XZG40SP3JM3","roomCode":"A123","roomId":"un_01M41331K131VG2XZG40SP3JM3","status":"DONE"}
GET /v1/owner/stays/st_01M4134YTBW6TNYF2QAJVE4CXP/timeline 
  -> 200 {"items":[{"actorName":"Rehearsal R13","at":"2026-10-03T14:37:05.22789Z","details":{"rentalType":"HOURLY","room":"A123"},"kind":"CHECKED_IN"},{"actorName":"Rehearsal R13","at":"2026-10-03T14:37:05.230118Z","details":{"quantity":"1","service":"WATER"},"kind":"EXTRAS_ADDED"},{"actorName":"Rehearsal R13","at":"2026-10-03T14:37:05.232488Z","details":{"billCode":"PH1003A123"},"kind":"CHECKED_OUT"},{"actorName":"","at":"2026-10-03T14:37:05.237578Z","details":{"amount":"80000","method":"TRANSFER"},"kind":"PAYMENT_RECEIVED"},{"actorName":"Rehearsal R13","at":"2026-10-03T14:37:05.244673Z","details":{},
GET /v1/owner/stays/st_01M4134YTBW6TNYF2QAJVE4CXP/timeline 
=======
  -> 200 {"items":[{"code":"A","counts":{"maintenance":0,"occupied":18,"overdue":0,"toClean":9,"vacant":173},"floors":[{"id":"fl_01M414DCJDZ46FG27AXMPC4E8H","name":"1","order":1},{"id":"fl_01M414DCJD8Q9DQWV3K822ZM76","name":"2","order":2},{"id":"fl_01M414DCJDA1TVV2S9MZF01RRE","name":"3","order":3},{"id":"fl_01M414DCJDWRQ3Q2M4VMPQGF82","name":"4","order":4}],"id":"bd_01M414DCJDHG63XAS4DVYE35FD","level":"EDIT","name":"Building A"}]}
GET /v1/buildings/bd_01M414DCJDHG63XAS4DVYE35FD/rooms 
  -> 200 {"items":[{"buildingId":"bd_01M414DCJDHG63XAS4DVYE35FD","code":"A101","floor":1,"floorId":"fl_01M414DCJDZ46FG27AXMPC4E8H","floorName":"1","id":"un_01M414DCJD0THNDEP8AJ8FAJGB","status":"TO_CLEAN","unitType":{"code":"STANDARD","name":{"en":"Standard","vi":"Phòng thường"}}},{"buildingId":"bd_01M414DCJDHG63XAS4DVYE35FD","code":"A102","floor":1,"floorId":"fl_01M414DCJDZ46FG27AXMPC4E8H","floorName":"1","id":"un_01M414DCJDGMT12WJ6CSZQ6B94","status":"TO_CLEAN","unitType":{"code":"STANDARD","name":{"en":"Standard","vi":"Phòng thường"}}},{"buildingId":"bd_01M414DCJDHG63XAS4DVYE35FD","code":"A103","floor
POST /v1/rooms/un_01M414DCJDR3FM1HCA2HN3VWJY/stays {"rentalType":"HOURLY","guestName":"Rehearsal Guest","guestPhone":"0912345678","deposit":10000}
  -> 201 {"checkInAt":"2026-10-03T15:00:53.051886Z","deposit":10000,"extras":[],"guestId":{"hasBackPhoto":false,"hasFrontPhoto":false,"hasIdNumber":false},"guestName":"Rehearsal Guest","guestPhone":"0912345678","id":"st_01M414GH5VDZSYAHGG9QK00KFC","pricingVersion":1,"quote":{"asOf":"2026-10-03T15:00:53.051886Z","balanceDue":70000,"capped":false,"depositPaid":10000,"extrasAmount":0,"lines":[{"amount":80000,"code":"FIRST_HOUR","quantity":1,"unitAmount":80000}],"refundDue":0,"stayAmount":80000,"total":80000},"rentalType":"HOURLY","roomCode":"A128","roomId":"un_01M414DCJDR3FM1HCA2HN3VWJY","status":"ACTIVE"
POST /v1/stays/st_01M414GH5VDZSYAHGG9QK00KFC/extras {"items":[{"serviceCode":"WATER","quantity":1}]}
  -> 200 {"checkInAt":"2026-10-03T15:00:53.051886Z","deposit":10000,"extras":[{"amount":10000,"name":{"en":"Still water","vi":"Nước suối"},"quantity":1,"serviceCode":"WATER","unitAmount":10000}],"guestId":{"hasBackPhoto":false,"hasFrontPhoto":false,"hasIdNumber":false},"guestName":"Rehearsal Guest","guestPhone":"0912345678","id":"st_01M414GH5VDZSYAHGG9QK00KFC","pricingVersion":1,"quote":{"asOf":"2026-10-03T15:00:53.055075Z","balanceDue":80000,"capped":false,"depositPaid":10000,"extrasAmount":10000,"lines":[{"amount":80000,"code":"FIRST_HOUR","quantity":1,"unitAmount":80000}],"refundDue":0,"stayAmount":
POST /v1/stays/st_01M414GH5VDZSYAHGG9QK00KFC/checkout 
  -> 201 {"billCode":"PH1003A128","createdAt":"2026-10-03T15:00:53.057071Z","id":"iv_01M414GH61CA3BMX4XBN9AGGH4","quote":{"asOf":"2026-10-03T15:00:53.057071Z","balanceDue":80000,"capped":false,"depositPaid":10000,"extrasAmount":10000,"lines":[{"amount":80000,"code":"FIRST_HOUR","quantity":1,"unitAmount":80000}],"refundDue":0,"stayAmount":80000,"total":90000},"roomCode":"A128","status":"OPEN","stayId":"st_01M414GH5VDZSYAHGG9QK00KFC"}
POST /v1/invoices/iv_01M414GH61CA3BMX4XBN9AGGH4/payments {"method":"TRANSFER"}
  -> 201 {"amount":80000,"id":"pm_01M414GH646B6R48QBES709TVE","invoiceId":"iv_01M414GH61CA3BMX4XBN9AGGH4","method":"TRANSFER","qr":{"accountName":"REHEARSAL TEST","accountNoMasked":"******8888","amount":80000,"payload":"00020101021238540010A00000072701240006970436011010175888880208QRIBFTTA53037045405800005802VN62140810PH1003A128630430EC","transferNote":"PH1003A128"},"remaining":80000,"status":"PENDING"}
WEBHOOK in 80000 "PH1003A128" id=1791039653062050 age=0s
  -> 200 {"success": true}
GET /v1/payments/pm_01M414GH646B6R48QBES709TVE 
  -> 200 {"amount":80000,"id":"pm_01M414GH646B6R48QBES709TVE","invoiceId":"iv_01M414GH61CA3BMX4XBN9AGGH4","method":"TRANSFER","paidAt":"2026-10-03T15:00:53.06422Z","receivedAmount":80000,"remaining":0,"status":"PAID","transactionId":"1791039653062050"}
GET /v1/stays/st_01M414GH5VDZSYAHGG9QK00KFC 
  -> 200 {"billCode":"PH1003A128","checkInAt":"2026-10-03T15:00:53.051886Z","checkOutAt":"2026-10-03T15:00:53.057071Z","deposit":10000,"extras":[{"amount":10000,"name":{"en":"Still water","vi":"Nước suối"},"quantity":1,"serviceCode":"WATER","unitAmount":10000}],"guestId":{"hasBackPhoto":false,"hasFrontPhoto":false,"hasIdNumber":false},"guestName":"Rehearsal Guest","guestPhone":"0912345678","id":"st_01M414GH5VDZSYAHGG9QK00KFC","invoice":{"billCode":"PH1003A128","createdAt":"2026-10-03T15:00:53.057071Z","id":"iv_01M414GH61CA3BMX4XBN9AGGH4","quote":{"asOf":"2026-10-03T15:00:53.057071Z","balanceDue":80000,
GET /v1/housekeeping/tasks 
  -> 200 {"items":[{"buildingId":"bd_01M414DCJDHG63XAS4DVYE35FD","createdAt":"2026-10-03T14:59:10.029923Z","id":"un_01M414DCJD942GTF6J2M8MQA06","roomCode":"A124","roomId":"un_01M414DCJD942GTF6J2M8MQA06","status":"OPEN"},{"buildingId":"bd_01M414DCJDHG63XAS4DVYE35FD","createdAt":"2026-10-03T15:00:00.243049Z","id":"un_01M414DCJD0THNDEP8AJ8FAJGB","roomCode":"A101","roomId":"un_01M414DCJD0THNDEP8AJ8FAJGB","status":"OPEN"},{"buildingId":"bd_01M414DCJDHG63XAS4DVYE35FD","createdAt":"2026-10-03T15:00:01.03586Z","id":"un_01M414DCJDGMT12WJ6CSZQ6B94","roomCode":"A102","roomId":"un_01M414DCJDGMT12WJ6CSZQ6B94","stat
POST /v1/housekeeping/tasks/un_01M414DCJDR3FM1HCA2HN3VWJY/complete 
  -> 200 {"buildingId":"bd_01M414DCJDHG63XAS4DVYE35FD","completedAt":"2026-10-03T15:00:53.075768Z","createdAt":"2026-10-03T15:00:53.057071Z","id":"un_01M414DCJDR3FM1HCA2HN3VWJY","roomCode":"A128","roomId":"un_01M414DCJDR3FM1HCA2HN3VWJY","status":"DONE"}
GET /v1/owner/stays/st_01M414GH5VDZSYAHGG9QK00KFC/timeline 
  -> 200 {"items":[{"actorName":"Rehearsal R13","at":"2026-10-03T15:00:53.051886Z","details":{"rentalType":"HOURLY","room":"A128"},"kind":"CHECKED_IN"},{"actorName":"Rehearsal R13","at":"2026-10-03T15:00:53.054409Z","details":{"quantity":"1","service":"WATER"},"kind":"EXTRAS_ADDED"},{"actorName":"Rehearsal R13","at":"2026-10-03T15:00:53.057071Z","details":{"billCode":"PH1003A128"},"kind":"CHECKED_OUT"},{"actorName":"","at":"2026-10-03T15:00:53.06422Z","details":{"amount":"80000","method":"TRANSFER"},"kind":"PAYMENT_RECEIVED"},{"actorName":"Rehearsal R13","at":"2026-10-03T15:00:53.075422Z","details":{},
GET /v1/owner/stays/st_01M414GH5VDZSYAHGG9QK00KFC/timeline 
>>>>>>> 952da7a (test(rehearsal): coverage report, bill-line stays for ui-lint, gap specs, sync preview on a copy, unapproved visual baselines)
  -> 403 {"type":"about:blank","title":"Forbidden","status":403,"code":"ROLE_FORBIDDEN"}