POST /v1/auth/sign-in {"guesthouseCode":"rhaec4ce","username":"r8","pin":"***"}
  -> 200 {"accessToken":"***","expiresAt":"2026-10-03T18:02:47.944233Z","mustChangePin":true,"tenantId":"tn_01M405JF5BQ3D2VK6SFMNGZGK9","user":{"id":"us_01M405JHA43K2N85HYEJMVZQCN","locale":"vi","name":"Rehearsal R8","role":"RECEPTIONIST"}}
PUT /v1/me/pin {"currentPin":"***","newPin":"***"}
  -> 204 ""
GET /v1/me 
  -> 200 {"buildingAccess":[{"buildingId":"bd_01M405JF5BYGDW7RGK4KB35SWW","level":"EDIT"}],"tenant":{"currency":"VND","id":"tn_01M405JF5BQ3D2VK6SFMNGZGK9","name":"Rehearsal Test rhaec4ce","timezone":"Asia/Ho_Chi_Minh"},"user":{"id":"us_01M405JHA43K2N85HYEJMVZQCN","locale":"vi","name":"Rehearsal R8","role":"RECEPTIONIST"}}
GET /v1/buildings 
  -> 200 {"items":[{"code":"A","counts":{"maintenance":1,"occupied":14,"overdue":0,"toClean":18,"vacant":87},"floors":[{"id":"fl_01M405JF5BCNDATRVY60SGNRTF","name":"1","order":1},{"id":"fl_01M405JF5BGWM44ASWKWRWJQ99","name":"2","order":2},{"id":"fl_01M405JF5BTTTF5MRA2Q2HWZNA","name":"3","order":3}],"id":"bd_01M405JF5BYGDW7RGK4KB35SWW","level":"EDIT","name":"Building A"}]}
GET /v1/buildings/bd_01M405JF5BYGDW7RGK4KB35SWW/rooms 
  -> 200 {"items":[{"buildingId":"bd_01M405JF5BYGDW7RGK4KB35SWW","code":"A101","floor":1,"floorId":"fl_01M405JF5BCNDATRVY60SGNRTF","floorName":"1","id":"un_01M405JF5BV3JF0G84JYES61BF","status":"TO_CLEAN","unitType":{"code":"STANDARD","name":{"en":"Standard","vi":"Phòng thường"}}},{"buildingId":"bd_01M405JF5BYGDW7RGK4KB35SWW","code":"A102","floor":1,"floorId":"fl_01M405JF5BCNDATRVY60SGNRTF","floorName":"1","id":"un_01M405JF5BNCSN7MWJCJQS9F53","status":"TO_CLEAN","unitType":{"code":"STANDARD","name":{"en":"Standard","vi":"Phòng thường"}}},{"buildingId":"bd_01M405JF5BYGDW7RGK4KB35SWW","code":"A103","floor
POST /v1/rooms/un_01M405JF5BS6YCCR9NR0PFX858/stays {"rentalType":"HOURLY","guestName":"Rehearsal Guest","guestPhone":"0912345678","deposit":50000}
  -> 201 {"checkInAt":"2026-10-03T06:02:48.516131Z","deposit":50000,"extras":[],"guestId":{"hasBackPhoto":false,"hasFrontPhoto":false,"hasIdNumber":false},"guestName":"Rehearsal Guest","guestPhone":"0912345678","id":"st_01M405Q9A43K0CE3HVEC00058J","pricingVersion":1,"quote":{"asOf":"2026-10-03T06:02:48.516131Z","balanceDue":30000,"capped":false,"depositPaid":50000,"extrasAmount":0,"lines":[{"amount":80000,"code":"FIRST_HOUR","quantity":1,"unitAmount":80000}],"refundDue":0,"stayAmount":80000,"total":80000},"rentalType":"HOURLY","roomCode":"A134","roomId":"un_01M405JF5BS6YCCR9NR0PFX858","status":"ACTIVE"
GET /v1/shifts/current 
  -> 200 {"buildingIds":["bd_01M405JF5BYGDW7RGK4KB35SWW"],"cashIn":50000,"cashOut":0,"expectedCash":50000,"id":"sh_01M405Q9A408CR390NWRNFAE13","movements":[{"amount":50000,"at":"2026-10-03T06:02:48.516428Z","byOwner":false,"kind":"DEPOSIT","roomCode":"A134"}],"openedAt":"2026-10-03T06:02:48.516428Z","openingFloat":0,"status":"OPEN","transfersReceived":0,"unpaidInvoices":[],"userId":"us_01M405JHA43K2N85HYEJMVZQCN","userName":"Rehearsal R8"}
POST /v1/stays/st_01M405Q9A43K0CE3HVEC00058J/checkout 
  -> 201 {"billCode":"PH1003A134","createdAt":"2026-10-03T06:02:48.525074Z","id":"iv_01M405Q9ADJX7AA5917TD1KHW1","quote":{"asOf":"2026-10-03T06:02:48.525074Z","balanceDue":30000,"capped":false,"depositPaid":50000,"extrasAmount":0,"lines":[{"amount":80000,"code":"FIRST_HOUR","quantity":1,"unitAmount":80000}],"refundDue":0,"stayAmount":80000,"total":80000},"roomCode":"A134","status":"OPEN","stayId":"st_01M405Q9A43K0CE3HVEC00058J"}
GET /v1/shifts/current 
  -> 200 {"buildingIds":["bd_01M405JF5BYGDW7RGK4KB35SWW"],"cashIn":50000,"cashOut":0,"expectedCash":50000,"id":"sh_01M405Q9A408CR390NWRNFAE13","movements":[{"amount":50000,"at":"2026-10-03T06:02:48.516428Z","billCode":"PH1003A134","byOwner":false,"kind":"DEPOSIT","roomCode":"A134"}],"openedAt":"2026-10-03T06:02:48.516428Z","openingFloat":0,"status":"OPEN","transfersReceived":0,"unpaidInvoices":[{"balance":30000,"billCode":"PH1003A134","checkedOutAt":"2026-10-03T06:02:48.525074Z","guestName":"Rehearsal Guest","invoiceId":"iv_01M405Q9ADJX7AA5917TD1KHW1","paid":50000,"roomCode":"A134","total":80000}],"use
POST /v1/shifts/current/close {"counts":[{"denomination":50000,"quantity":1}],"floatLeft":0}
  -> 422 {"type":"about:blank","title":"Unprocessable Entity","status":422,"code":"VALIDATION_FAILED","errors":[{"code":"REQUIRED","field":"reason"}]}
POST /v1/shifts/current/close {"counts":[{"denomination":50000,"quantity":1}],"floatLeft":0,"reason":"Guest will transfer later"}
  -> 200 {"cashPayments":[{"amount":50000,"at":"2026-10-03T06:02:48.516428Z","rentalType":"HOURLY","roomCode":"A134"}],"countedCash":50000,"difference":0,"reason":"Guest will transfer later","reasonRecordedAt":"2026-10-03T06:02:48.535738Z","shift":{"buildingIds":["bd_01M405JF5BYGDW7RGK4KB35SWW"],"cashIn":50000,"cashOut":0,"closedAt":"2026-10-03T06:02:48.535738Z","expectedCash":50000,"id":"sh_01M405Q9A408CR390NWRNFAE13","movements":[{"amount":50000,"at":"2026-10-03T06:02:48.516428Z","billCode":"PH1003A134","byOwner":false,"kind":"DEPOSIT","roomCode":"A134"}],"openedAt":"2026-10-03T06:02:48.516428Z","ope