GET /v1/buildings 
  -> 200 {"items":[{"code":"A","counts":{"maintenance":1,"occupied":48,"overdue":0,"toClean":22,"vacant":129},"floors":[{"id":"fl_01M40WXZFD46BD6J3FBJ2NPM8A","name":"1","order":1},{"id":"fl_01M40WXZFDW689V2GMSAJ721K8","name":"2","order":2},{"id":"fl_01M40WXZFDXXG4WVDSZPE12YHB","name":"3","order":3},{"id":"fl_01M40WXZFDSF72A3ED1X9QZP1P","name":"4","order":4}],"id":"bd_01M40WXZFDSX288SJN4EAN9F2E","level":"EDIT","name":"Building A"},{"code":"Y","counts":{"maintenance":0,"occupied":0,"overdue":0,"toClean":0,"vacant":6},"floors":[{"id":"fl_01M40WZX03GN280VCYC0CWF0HJ","name":"1","order":1},{"id":"fl_01M40WZX
GET /v1/buildings/bd_01M40WXZFDSX288SJN4EAN9F2E/rooms 
  -> 200 {"items":[{"buildingId":"bd_01M40WXZFDSX288SJN4EAN9F2E","code":"A101","floor":1,"floorId":"fl_01M40WXZFD46BD6J3FBJ2NPM8A","floorName":"1","id":"un_01M40WXZFDQ0NBEC89PW0MK9G1","status":"TO_CLEAN","unitType":{"code":"STANDARD","name":{"en":"Standard","vi":"Phòng thường"}}},{"buildingId":"bd_01M40WXZFDSX288SJN4EAN9F2E","code":"A102","floor":1,"floorId":"fl_01M40WXZFD46BD6J3FBJ2NPM8A","floorName":"1","id":"un_01M40WXZFDFR0ABNC0VSCVNYRE","status":"TO_CLEAN","unitType":{"code":"STANDARD","name":{"en":"Standard","vi":"Phòng thường"}}},{"buildingId":"bd_01M40WXZFDSX288SJN4EAN9F2E","code":"A103","floor
POST /v1/owner/staff {"name":"Rehearsal rl04user","username":"rl04user","position":"FRONT_DESK","appAccess":"RECEPTIONIST","contract":{"payType":"MONTHLY","rate":6000000,"fixedAllowance":0,"standardShifts":26,"startDate":"2026-01-01","annualLeaveDays":12},"buildingAccess":[{"buildingId":"bd_01M40WXZFDSX288SJN4EAN9F2E","level":"EDIT"}]}
  -> 201 {"oneTimePin":{"expiresAt":"2026-10-04T12:53:42.79228Z","pin":"***"},"staff":{"appAccess":"RECEPTIONIST","buildingAccess":[{"buildingId":"bd_01M40WXZFDSX288SJN4EAN9F2E","level":"EDIT"},{"buildingId":"bd_01M40WZX03WDT424RP6RYTDWSV","level":"NONE"}],"contract":{"annualLeaveDays":12,"fixedAllowance":0,"payType":"MONTHLY","rate":6000000,"standardShifts":26,"startDate":"2026-01-01"},"id":"us_01M40X7NR8V7Q3EA1MTS3CS4GA","name":"Rehearsal rl04user","position":"FRONT_DESK","status":"ACTIVE","username":"rl04user"}}
POST /v1/auth/sign-in {"guesthouseCode":"rh7296d6","username":"rl04user","pin":"***"}
  -> 200 {"accessToken":"***","expiresAt":"2026-10-04T00:53:42.801048Z","mustChangePin":true,"tenantId":"tn_01M40WXZFDC3MW29M7SQ5HW9VK","user":{"id":"us_01M40X7NR8V7Q3EA1MTS3CS4GA","locale":"vi","name":"Rehearsal rl04user","role":"RECEPTIONIST"}}
PUT /v1/me/pin {"currentPin":"***","newPin":"***"}
  -> 204 ""
POST /v1/auth/sign-in {"guesthouseCode":"rh7296d6","username":"rl04user","pin":"***"}
  -> 200 {"accessToken":"***","expiresAt":"2026-10-04T00:53:43.345905Z","mustChangePin":false,"tenantId":"tn_01M40WXZFDC3MW29M7SQ5HW9VK","user":{"id":"us_01M40X7NR8V7Q3EA1MTS3CS4GA","locale":"vi","name":"Rehearsal rl04user","role":"RECEPTIONIST"}}
POST /v1/auth/sign-in {"guesthouseCode":"rh7296d6","username":"rl04user","pin":"***"}
  -> 200 {"accessToken":"***","expiresAt":"2026-10-04T00:53:43.528332Z","mustChangePin":false,"tenantId":"tn_01M40WXZFDC3MW29M7SQ5HW9VK","user":{"id":"us_01M40X7NR8V7Q3EA1MTS3CS4GA","locale":"vi","name":"Rehearsal rl04user","role":"RECEPTIONIST"}}
GET /v1/me 
  -> 200 {"buildingAccess":[{"buildingId":"bd_01M40WXZFDSX288SJN4EAN9F2E","level":"EDIT"},{"buildingId":"bd_01M40WZX03WDT424RP6RYTDWSV","level":"NONE"}],"tenant":{"currency":"VND","id":"tn_01M40WXZFDC3MW29M7SQ5HW9VK","name":"Rehearsal Test rh7296d6","timezone":"Asia/Ho_Chi_Minh"},"user":{"id":"us_01M40X7NR8V7Q3EA1MTS3CS4GA","locale":"vi","name":"Rehearsal rl04user","role":"RECEPTIONIST"}}
GET /v1/me 
  -> 200 {"buildingAccess":[{"buildingId":"bd_01M40WXZFDSX288SJN4EAN9F2E","level":"EDIT"},{"buildingId":"bd_01M40WZX03WDT424RP6RYTDWSV","level":"NONE"}],"tenant":{"currency":"VND","id":"tn_01M40WXZFDC3MW29M7SQ5HW9VK","name":"Rehearsal Test rh7296d6","timezone":"Asia/Ho_Chi_Minh"},"user":{"id":"us_01M40X7NR8V7Q3EA1MTS3CS4GA","locale":"vi","name":"Rehearsal rl04user","role":"RECEPTIONIST"}}
GET /v1/me 
  -> 200 {"buildingAccess":[{"buildingId":"bd_01M40WXZFDSX288SJN4EAN9F2E","level":"EDIT"},{"buildingId":"bd_01M40WZX03WDT424RP6RYTDWSV","level":"NONE"}],"tenant":{"currency":"VND","id":"tn_01M40WXZFDC3MW29M7SQ5HW9VK","name":"Rehearsal Test rh7296d6","timezone":"Asia/Ho_Chi_Minh"},"user":{"id":"us_01M40X7NR8V7Q3EA1MTS3CS4GA","locale":"vi","name":"Rehearsal rl04user","role":"RECEPTIONIST"}}
PUT /v1/me/pin {"currentPin":"***","newPin":"***"}
  -> 204 ""
GET /v1/me 
  -> 200 {"buildingAccess":[{"buildingId":"bd_01M40WXZFDSX288SJN4EAN9F2E","level":"EDIT"},{"buildingId":"bd_01M40WZX03WDT424RP6RYTDWSV","level":"NONE"}],"tenant":{"currency":"VND","id":"tn_01M40WXZFDC3MW29M7SQ5HW9VK","name":"Rehearsal Test rh7296d6","timezone":"Asia/Ho_Chi_Minh"},"user":{"id":"us_01M40X7NR8V7Q3EA1MTS3CS4GA","locale":"vi","name":"Rehearsal rl04user","role":"RECEPTIONIST"}}
GET /v1/me 
  -> 401 {"type":"about:blank","title":"Unauthorized","status":401,"code":"UNAUTHENTICATED"}
GET /v1/me 
  -> 401 {"type":"about:blank","title":"Unauthorized","status":401,"code":"UNAUTHENTICATED"}
GET /v1/buildings/bd_01M40WXZFDSX288SJN4EAN9F2E/rooms 
  -> 200 {"items":[{"buildingId":"bd_01M40WXZFDSX288SJN4EAN9F2E","code":"A101","floor":1,"floorId":"fl_01M40WXZFD46BD6J3FBJ2NPM8A","floorName":"1","id":"un_01M40WXZFDQ0NBEC89PW0MK9G1","status":"TO_CLEAN","unitType":{"code":"STANDARD","name":{"en":"Standard","vi":"Phòng thường"}}},{"buildingId":"bd_01M40WXZFDSX288SJN4EAN9F2E","code":"A102","floor":1,"floorId":"fl_01M40WXZFD46BD6J3FBJ2NPM8A","floorName":"1","id":"un_01M40WXZFDFR0ABNC0VSCVNYRE","status":"TO_CLEAN","unitType":{"code":"STANDARD","name":{"en":"Standard","vi":"Phòng thường"}}},{"buildingId":"bd_01M40WXZFDSX288SJN4EAN9F2E","code":"A103","floor
POST /v1/owner/staff {"name":"Rehearsal rl05user","username":"rl05user","position":"FRONT_DESK","appAccess":"RECEPTIONIST","contract":{"payType":"MONTHLY","rate":6000000,"fixedAllowance":0,"standardShifts":26,"startDate":"2026-01-01","annualLeaveDays":12},"buildingAccess":[{"buildingId":"bd_01M40WXZFDSX288SJN4EAN9F2E","level":"EDIT"}]}
  -> 201 {"oneTimePin":{"expiresAt":"2026-10-04T12:53:44.29395Z","pin":"***"},"staff":{"appAccess":"RECEPTIONIST","buildingAccess":[{"buildingId":"bd_01M40WXZFDSX288SJN4EAN9F2E","level":"EDIT"},{"buildingId":"bd_01M40WZX03WDT424RP6RYTDWSV","level":"NONE"}],"contract":{"annualLeaveDays":12,"fixedAllowance":0,"payType":"MONTHLY","rate":6000000,"standardShifts":26,"startDate":"2026-01-01"},"id":"us_01M40X7Q76XKYSYNPYJQ6JNAMN","name":"Rehearsal rl05user","position":"FRONT_DESK","status":"ACTIVE","username":"rl05user"}}
POST /v1/auth/sign-in {"guesthouseCode":"rh7296d6","username":"rl05user","pin":"***"}
  -> 200 {"accessToken":"***","expiresAt":"2026-10-04T00:54:38.132138Z","mustChangePin":true,"tenantId":"tn_01M40WXZFDC3MW29M7SQ5HW9VK","user":{"id":"us_01M40X7Q76XKYSYNPYJQ6JNAMN","locale":"vi","name":"Rehearsal rl05user","role":"RECEPTIONIST"}}
PUT /v1/me/pin {"currentPin":"***","newPin":"***"}
  -> 204 ""
POST /v1/auth/sign-in {"guesthouseCode":"rh7296d6","username":"rl05user","pin":"***"}
  -> 200 {"accessToken":"***","expiresAt":"2026-10-04T00:54:39.367472Z","mustChangePin":false,"tenantId":"tn_01M40WXZFDC3MW29M7SQ5HW9VK","user":{"id":"us_01M40X7Q76XKYSYNPYJQ6JNAMN","locale":"vi","name":"Rehearsal rl05user","role":"RECEPTIONIST"}}
POST /v1/owner/staff/us_01M40X7Q76XKYSYNPYJQ6JNAMN/lock 
  -> 200 {"appAccess":"RECEPTIONIST","buildingAccess":[{"buildingId":"bd_01M40WXZFDSX288SJN4EAN9F2E","level":"EDIT"},{"buildingId":"bd_01M40WZX03WDT424RP6RYTDWSV","level":"NONE"}],"contract":{"annualLeaveDays":12,"fixedAllowance":0,"payType":"MONTHLY","rate":6000000,"standardShifts":26,"startDate":"2026-01-01"},"id":"us_01M40X7Q76XKYSYNPYJQ6JNAMN","name":"Rehearsal rl05user","position":"FRONT_DESK","status":"LOCKED","username":"rl05user"}
GET /v1/me 
  -> 401 {"type":"about:blank","title":"Unauthorized","status":401,"code":"UNAUTHENTICATED"}
GET /v1/me 
  -> 401 {"type":"about:blank","title":"Unauthorized","status":401,"code":"UNAUTHENTICATED"}
POST /v1/auth/sign-in {"guesthouseCode":"rh7296d6","username":"rl05user","pin":"***"}
  -> 401 {"type":"about:blank","title":"Unauthorized","status":401,"code":"PIN_INVALID"}
GET /v1/buildings/bd_01M40WXZFDSX288SJN4EAN9F2E/rooms 
  -> 200 {"items":[{"buildingId":"bd_01M40WXZFDSX288SJN4EAN9F2E","code":"A101","floor":1,"floorId":"fl_01M40WXZFD46BD6J3FBJ2NPM8A","floorName":"1","id":"un_01M40WXZFDQ0NBEC89PW0MK9G1","status":"TO_CLEAN","unitType":{"code":"STANDARD","name":{"en":"Standard","vi":"Phòng thường"}}},{"buildingId":"bd_01M40WXZFDSX288SJN4EAN9F2E","code":"A102","floor":1,"floorId":"fl_01M40WXZFD46BD6J3FBJ2NPM8A","floorName":"1","id":"un_01M40WXZFDFR0ABNC0VSCVNYRE","status":"TO_CLEAN","unitType":{"code":"STANDARD","name":{"en":"Standard","vi":"Phòng thường"}}},{"buildingId":"bd_01M40WXZFDSX288SJN4EAN9F2E","code":"A103","floor
POST /v1/owner/staff {"name":"Rehearsal rl06user","username":"rl06user","position":"FRONT_DESK","appAccess":"RECEPTIONIST","contract":{"payType":"MONTHLY","rate":6000000,"fixedAllowance":0,"standardShifts":26,"startDate":"2026-01-01","annualLeaveDays":12},"buildingAccess":[{"buildingId":"bd_01M40WXZFDSX288SJN4EAN9F2E","level":"EDIT"}]}
  -> 201 {"oneTimePin":{"expiresAt":"2026-10-04T12:54:40.940678Z","pin":"***"},"staff":{"appAccess":"RECEPTIONIST","buildingAccess":[{"buildingId":"bd_01M40WXZFDSX288SJN4EAN9F2E","level":"EDIT"},{"buildingId":"bd_01M40WZX03WDT424RP6RYTDWSV","level":"NONE"}],"contract":{"annualLeaveDays":12,"fixedAllowance":0,"payType":"MONTHLY","rate":6000000,"standardShifts":26,"startDate":"2026-01-01"},"id":"us_01M40X9EHDM3WGG8N12679S904","name":"Rehearsal rl06user","position":"FRONT_DESK","status":"ACTIVE","username":"rl06user"}}
POST /v1/auth/sign-in {"guesthouseCode":"rh7296d6","username":"rl06user","pin":"***"}
  -> 200 {"accessToken":"***","expiresAt":"2026-10-04T00:54:40.95824Z","mustChangePin":true,"tenantId":"tn_01M40WXZFDC3MW29M7SQ5HW9VK","user":{"id":"us_01M40X9EHDM3WGG8N12679S904","locale":"vi","name":"Rehearsal rl06user","role":"RECEPTIONIST"}}
PUT /v1/me/pin {"currentPin":"***","newPin":"***"}
  -> 204 ""
POST /v1/auth/sign-in {"guesthouseCode":"rh7296d6","username":"rl06user","pin":"***"}
  -> 200 {"accessToken":"***","expiresAt":"2026-10-04T00:54:41.504669Z","mustChangePin":false,"tenantId":"tn_01M40WXZFDC3MW29M7SQ5HW9VK","user":{"id":"us_01M40X9EHDM3WGG8N12679S904","locale":"vi","name":"Rehearsal rl06user","role":"RECEPTIONIST"}}
POST /v1/owner/staff/us_01M40X9EHDM3WGG8N12679S904/remove {"ownerPin":"***"}
  -> 403 {"type":"about:blank","title":"Forbidden","status":403,"code":"OWNER_PIN_INVALID"}
GET /v1/me 
  -> 200 {"buildingAccess":[{"buildingId":"bd_01M40WXZFDSX288SJN4EAN9F2E","level":"EDIT"},{"buildingId":"bd_01M40WZX03WDT424RP6RYTDWSV","level":"NONE"}],"tenant":{"currency":"VND","id":"tn_01M40WXZFDC3MW29M7SQ5HW9VK","name":"Rehearsal Test rh7296d6","timezone":"Asia/Ho_Chi_Minh"},"user":{"id":"us_01M40X9EHDM3WGG8N12679S904","locale":"vi","name":"Rehearsal rl06user","role":"RECEPTIONIST"}}
POST /v1/owner/staff/us_01M40X9EHDM3WGG8N12679S904/remove {"ownerPin":"***"}
  -> 204 ""
GET /v1/me 
  -> 401 {"type":"about:blank","title":"Unauthorized","status":401,"code":"UNAUTHENTICATED"}
GET /v1/me 
  -> 401 {"type":"about:blank","title":"Unauthorized","status":401,"code":"UNAUTHENTICATED"}
POST /v1/auth/sign-in {"guesthouseCode":"rh7296d6","username":"rl06user","pin":"***"}
  -> 401 {"type":"about:blank","title":"Unauthorized","status":401,"code":"PIN_INVALID"}