GET /v1/buildings 
<<<<<<< HEAD
  -> 200 {"items":[{"code":"A","counts":{"maintenance":0,"occupied":27,"overdue":0,"toClean":9,"vacant":164},"floors":[{"id":"fl_01M41331K1QT3R4SGFWQN8PAG5","name":"1","order":1},{"id":"fl_01M41331K170YEX76HVGNGD8XJ","name":"2","order":2},{"id":"fl_01M41331K1VSV1YS3WM1J042D0","name":"3","order":3},{"id":"fl_01M41331K18FQEZA37V8EQXREQ","name":"4","order":4}],"id":"bd_01M41331K1NQJXD69A9ZKAZFBH","level":"EDIT","name":"Building A"}]}
GET /v1/buildings/bd_01M41331K1NQJXD69A9ZKAZFBH/rooms 
  -> 200 {"items":[{"buildingId":"bd_01M41331K1NQJXD69A9ZKAZFBH","code":"A101","floor":1,"floorId":"fl_01M41331K1QT3R4SGFWQN8PAG5","floorName":"1","id":"un_01M41331K1HJVYW3E5YCKP0BJ2","status":"TO_CLEAN","unitType":{"code":"STANDARD","name":{"en":"Standard","vi":"Phòng thường"}}},{"buildingId":"bd_01M41331K1NQJXD69A9ZKAZFBH","code":"A102","floor":1,"floorId":"fl_01M41331K1QT3R4SGFWQN8PAG5","floorName":"1","id":"un_01M41331K17RZ0DN56RCQ09M3V","status":"TO_CLEAN","unitType":{"code":"STANDARD","name":{"en":"Standard","vi":"Phòng thường"}}},{"buildingId":"bd_01M41331K1NQJXD69A9ZKAZFBH","code":"A103","floor
POST /v1/rooms/un_01M41331K1WZ03DVGGW6ZXQRNK/stays {"rentalType":"HOURLY","guestName":"Rehearsal Guest","guestPhone":"0912345678","deposit":10000}
  -> 201 {"checkInAt":"2026-10-03T14:37:08.386026Z","deposit":10000,"extras":[],"guestId":{"hasBackPhoto":false,"hasFrontPhoto":false,"hasIdNumber":false},"guestName":"Rehearsal Guest","guestPhone":"0912345678","id":"st_01M41351X295Q36JGNJT2YK0R4","pricingVersion":3,"quote":{"asOf":"2026-10-03T14:37:08.386026Z","balanceDue":70000,"capped":false,"depositPaid":10000,"extrasAmount":0,"lines":[{"amount":80000,"code":"FIRST_HOUR","quantity":1,"unitAmount":80000}],"refundDue":0,"stayAmount":80000,"total":80000},"rentalType":"HOURLY","roomCode":"A137","roomId":"un_01M41331K1WZ03DVGGW6ZXQRNK","status":"ACTIVE"
POST /v1/stays/st_01M41351X295Q36JGNJT2YK0R4/checkout 
  -> 201 {"billCode":"PH1003A137","createdAt":"2026-10-03T14:37:08.389311Z","id":"iv_01M41351X5CMF51GARZ4S5FGBJ","quote":{"asOf":"2026-10-03T14:37:08.389311Z","balanceDue":70000,"capped":false,"depositPaid":10000,"extrasAmount":0,"lines":[{"amount":80000,"code":"FIRST_HOUR","quantity":1,"unitAmount":80000}],"refundDue":0,"stayAmount":80000,"total":80000},"roomCode":"A137","status":"OPEN","stayId":"st_01M41351X295Q36JGNJT2YK0R4"}
POST /v1/invoices/iv_01M41351X5CMF51GARZ4S5FGBJ/payments {"method":"TRANSFER"}
  -> 201 {"amount":70000,"id":"pm_01M41351X88Z2DSC0C114AZYMM","invoiceId":"iv_01M41351X5CMF51GARZ4S5FGBJ","method":"TRANSFER","qr":{"accountName":"REHEARSAL TEST","accountNoMasked":"******8888","amount":70000,"payload":"00020101021238540010A00000072701240006970436011010175888880208QRIBFTTA53037045405700005802VN62140810PH1003A1376304AFA6","transferNote":"PH1003A137"},"remaining":70000,"status":"PENDING"}
WEBHOOK in 70000 "" id=1791038228395251 age=0s
  -> 200 {"success": true}
GET /v1/owner/transactions 
  -> 200 {"items":[{"amount":70000,"at":"2026-10-03T14:37:08.394755Z","id":"pe_01M41351XBJGMFGKBNY9JC9NBN","kind":"PAYMENT","method":"TRANSFER","paymentEventId":"pe_01M41351XBJGMFGKBNY9JC9NBN","receivedAt":"2026-10-03T14:37:08.394755Z","reconciliation":"UNMATCHED","transferNote":"no bill code here"},{"amount":12345,"at":"2026-10-03T14:37:08.364222Z","id":"pe_01M41351WCP2MV0N8J326M5X42","kind":"PAYMENT","method":"TRANSFER","paymentEventId":"pe_01M41351WCP2MV0N8J326M5X42","receivedAt":"2026-10-03T14:37:08.364222Z","reconciliation":"UNMATCHED","transferNote":"chuyen tien khong ma"},{"amount":70000,"at":"2
POST /v1/owner/payment-events/pe_01M41351XBJGMFGKBNY9JC9NBN/link {"invoiceId":"iv_01M41351X5CMF51GARZ4S5FGBJ"}
  -> 200 {"amount":70000,"at":"2026-10-03T14:37:08.403475Z","billCode":"PH1003A137","id":"pm_01M41351X88Z2DSC0C114AZYMM","kind":"","method":"TRANSFER","paymentEventId":"pe_01M41351XBJGMFGKBNY9JC9NBN","reconciliation":"MATCHED","roomCode":"A137"}
GET /v1/payments/pm_01M41351X88Z2DSC0C114AZYMM 
  -> 200 {"amount":70000,"id":"pm_01M41351X88Z2DSC0C114AZYMM","invoiceId":"iv_01M41351X5CMF51GARZ4S5FGBJ","method":"TRANSFER","paidAt":"2026-10-03T14:37:08.402299Z","receivedAmount":70000,"remaining":0,"status":"PAID","transactionId":"1791038228395251"}
GET /v1/stays/st_01M41351X295Q36JGNJT2YK0R4 
  -> 200 {"billCode":"PH1003A137","checkInAt":"2026-10-03T14:37:08.386026Z","checkOutAt":"2026-10-03T14:37:08.389311Z","deposit":10000,"extras":[],"guestId":{"hasBackPhoto":false,"hasFrontPhoto":false,"hasIdNumber":false},"guestName":"Rehearsal Guest","guestPhone":"0912345678","id":"st_01M41351X295Q36JGNJT2YK0R4","invoice":{"billCode":"PH1003A137","createdAt":"2026-10-03T14:37:08.389311Z","id":"iv_01M41351X5CMF51GARZ4S5FGBJ","quote":{"asOf":"2026-10-03T14:37:08.389311Z","balanceDue":70000,"capped":false,"depositPaid":10000,"extrasAmount":0,"lines":[{"amount":80000,"code":"FIRST_HOUR","quantity":1,"unit
GET /v1/owner/audit-logs?from=2026-10-02&to=2026-10-04 
  -> 200 {"items":[{"action":"payment.linked","actorName":"Smoke Owner","actorRole":"OWNER","at":"2026-10-03T14:37:08.401016Z","category":"MONEY","details":{"amount":"70000","bill":"PH1003A137","eventId":"pe_01M41351XBJGMFGKBNY9JC9NBN","invoiceId":"iv_01M41351X5CMF51GARZ4S5FGBJ","paymentId":"pm_01M41351X88Z2DSC0C114AZYMM","room":"A137"},"id":"au_01M41351XKSYP3CG83A9XD5MF6"},{"action":"payment.settled","actorName":"Smoke Owner","actorRole":"OWNER","at":"2026-10-03T14:37:08.401016Z","category":"MONEY","details":{"amount":"70000","bill":"PH1003A137","invoiceId":"iv_01M41351X5CMF51GARZ4S5FGBJ","method":"TR
=======
  -> 200 {"items":[{"code":"A","counts":{"maintenance":0,"occupied":37,"overdue":0,"toClean":15,"vacant":148},"floors":[{"id":"fl_01M414DCJDZ46FG27AXMPC4E8H","name":"1","order":1},{"id":"fl_01M414DCJD8Q9DQWV3K822ZM76","name":"2","order":2},{"id":"fl_01M414DCJDA1TVV2S9MZF01RRE","name":"3","order":3},{"id":"fl_01M414DCJDWRQ3Q2M4VMPQGF82","name":"4","order":4}],"id":"bd_01M414DCJDHG63XAS4DVYE35FD","level":"EDIT","name":"Building A"}]}
GET /v1/buildings/bd_01M414DCJDHG63XAS4DVYE35FD/rooms 
  -> 200 {"items":[{"buildingId":"bd_01M414DCJDHG63XAS4DVYE35FD","code":"A101","floor":1,"floorId":"fl_01M414DCJDZ46FG27AXMPC4E8H","floorName":"1","id":"un_01M414DCJD0THNDEP8AJ8FAJGB","status":"TO_CLEAN","unitType":{"code":"STANDARD","name":{"en":"Standard","vi":"Phòng thường"}}},{"buildingId":"bd_01M414DCJDHG63XAS4DVYE35FD","code":"A102","floor":1,"floorId":"fl_01M414DCJDZ46FG27AXMPC4E8H","floorName":"1","id":"un_01M414DCJDGMT12WJ6CSZQ6B94","status":"TO_CLEAN","unitType":{"code":"STANDARD","name":{"en":"Standard","vi":"Phòng thường"}}},{"buildingId":"bd_01M414DCJDHG63XAS4DVYE35FD","code":"A103","floor
POST /v1/rooms/un_01M414DCJDXFBBZR2PEPZZ6T0Z/stays {"rentalType":"HOURLY","guestName":"Rehearsal Guest","guestPhone":"0912345678","deposit":10000}
  -> 201 {"checkInAt":"2026-10-03T15:01:12.110485Z","deposit":10000,"extras":[],"guestId":{"hasBackPhoto":false,"hasFrontPhoto":false,"hasIdNumber":false},"guestName":"Rehearsal Guest","guestPhone":"0912345678","id":"st_01M414H3SEFBEFV7PZ02VJDG00","pricingVersion":3,"quote":{"asOf":"2026-10-03T15:01:12.110485Z","balanceDue":70000,"capped":false,"depositPaid":10000,"extrasAmount":0,"lines":[{"amount":80000,"code":"FIRST_HOUR","quantity":1,"unitAmount":80000}],"refundDue":0,"stayAmount":80000,"total":80000},"rentalType":"HOURLY","roomCode":"A203","roomId":"un_01M414DCJDXFBBZR2PEPZZ6T0Z","status":"ACTIVE"
POST /v1/stays/st_01M414H3SEFBEFV7PZ02VJDG00/checkout 
  -> 201 {"billCode":"PH1003A203","createdAt":"2026-10-03T15:01:12.113985Z","id":"iv_01M414H3SJ0TT9YCWTRHYETQTQ","quote":{"asOf":"2026-10-03T15:01:12.113985Z","balanceDue":70000,"capped":false,"depositPaid":10000,"extrasAmount":0,"lines":[{"amount":80000,"code":"FIRST_HOUR","quantity":1,"unitAmount":80000}],"refundDue":0,"stayAmount":80000,"total":80000},"roomCode":"A203","status":"OPEN","stayId":"st_01M414H3SEFBEFV7PZ02VJDG00"}
POST /v1/invoices/iv_01M414H3SJ0TT9YCWTRHYETQTQ/payments {"method":"TRANSFER"}
  -> 201 {"amount":70000,"id":"pm_01M414H3SM9NTEAVDQ35EZKNG9","invoiceId":"iv_01M414H3SJ0TT9YCWTRHYETQTQ","method":"TRANSFER","qr":{"accountName":"REHEARSAL TEST","accountNoMasked":"******8888","amount":70000,"payload":"00020101021238540010A00000072701240006970436011010175888880208QRIBFTTA53037045405700005802VN62140810PH1003A203630430C2","transferNote":"PH1003A203"},"remaining":70000,"status":"PENDING"}
WEBHOOK in 70000 "" id=1791039672118924 age=0s
  -> 200 {"success": true}
GET /v1/owner/transactions 
  -> 200 {"items":[{"amount":70000,"at":"2026-10-03T15:01:12.118669Z","id":"pe_01M414H3SQFWV59W3KQV68YGB6","kind":"PAYMENT","method":"TRANSFER","paymentEventId":"pe_01M414H3SQFWV59W3KQV68YGB6","receivedAt":"2026-10-03T15:01:12.118669Z","reconciliation":"UNMATCHED","transferNote":"no bill code here"},{"amount":12345,"at":"2026-10-03T15:01:12.068223Z","id":"pe_01M414H3R446PE1YC4TWEYRE1J","kind":"PAYMENT","method":"TRANSFER","paymentEventId":"pe_01M414H3R446PE1YC4TWEYRE1J","receivedAt":"2026-10-03T15:01:12.068223Z","reconciliation":"UNMATCHED","transferNote":"chuyen tien khong ma"},{"amount":70000,"at":"2
POST /v1/owner/payment-events/pe_01M414H3SQFWV59W3KQV68YGB6/link {"invoiceId":"iv_01M414H3SJ0TT9YCWTRHYETQTQ"}
  -> 200 {"amount":70000,"at":"2026-10-03T15:01:12.130699Z","billCode":"PH1003A203","id":"pm_01M414H3SM9NTEAVDQ35EZKNG9","kind":"","method":"TRANSFER","paymentEventId":"pe_01M414H3SQFWV59W3KQV68YGB6","reconciliation":"MATCHED","roomCode":"A203"}
GET /v1/payments/pm_01M414H3SM9NTEAVDQ35EZKNG9 
  -> 200 {"amount":70000,"id":"pm_01M414H3SM9NTEAVDQ35EZKNG9","invoiceId":"iv_01M414H3SJ0TT9YCWTRHYETQTQ","method":"TRANSFER","paidAt":"2026-10-03T15:01:12.129714Z","receivedAmount":70000,"remaining":0,"status":"PAID","transactionId":"1791039672118924"}
GET /v1/stays/st_01M414H3SEFBEFV7PZ02VJDG00 
  -> 200 {"billCode":"PH1003A203","checkInAt":"2026-10-03T15:01:12.110485Z","checkOutAt":"2026-10-03T15:01:12.113985Z","deposit":10000,"extras":[],"guestId":{"hasBackPhoto":false,"hasFrontPhoto":false,"hasIdNumber":false},"guestName":"Rehearsal Guest","guestPhone":"0912345678","id":"st_01M414H3SEFBEFV7PZ02VJDG00","invoice":{"billCode":"PH1003A203","createdAt":"2026-10-03T15:01:12.113985Z","id":"iv_01M414H3SJ0TT9YCWTRHYETQTQ","quote":{"asOf":"2026-10-03T15:01:12.113985Z","balanceDue":70000,"capped":false,"depositPaid":10000,"extrasAmount":0,"lines":[{"amount":80000,"code":"FIRST_HOUR","quantity":1,"unit
GET /v1/owner/audit-logs?from=2026-10-02&to=2026-10-04 
  -> 200 {"items":[{"action":"payment.linked","actorName":"Smoke Owner","actorRole":"OWNER","at":"2026-10-03T15:01:12.128207Z","category":"MONEY","details":{"amount":"70000","bill":"PH1003A203","eventId":"pe_01M414H3SQFWV59W3KQV68YGB6","invoiceId":"iv_01M414H3SJ0TT9YCWTRHYETQTQ","paymentId":"pm_01M414H3SM9NTEAVDQ35EZKNG9","room":"A203"},"id":"au_01M414H3T2HJTSBRJ7J36QCVQK"},{"action":"payment.settled","actorName":"Smoke Owner","actorRole":"OWNER","at":"2026-10-03T15:01:12.128207Z","category":"MONEY","details":{"amount":"70000","bill":"PH1003A203","invoiceId":"iv_01M414H3SJ0TT9YCWTRHYETQTQ","method":"TR
>>>>>>> 952da7a (test(rehearsal): coverage report, bill-line stays for ui-lint, gap specs, sync preview on a copy, unapproved visual baselines)
