GET /v1/buildings 
  -> 200 {"items":[{"code":"A","counts":{"maintenance":0,"occupied":27,"overdue":0,"toClean":8,"vacant":165},"floors":[{"id":"fl_01M41331K1QT3R4SGFWQN8PAG5","name":"1","order":1},{"id":"fl_01M41331K170YEX76HVGNGD8XJ","name":"2","order":2},{"id":"fl_01M41331K1VSV1YS3WM1J042D0","name":"3","order":3},{"id":"fl_01M41331K18FQEZA37V8EQXREQ","name":"4","order":4}],"id":"bd_01M41331K1NQJXD69A9ZKAZFBH","level":"EDIT","name":"Building A"}]}
GET /v1/buildings/bd_01M41331K1NQJXD69A9ZKAZFBH/rooms 
  -> 200 {"items":[{"buildingId":"bd_01M41331K1NQJXD69A9ZKAZFBH","code":"A101","floor":1,"floorId":"fl_01M41331K1QT3R4SGFWQN8PAG5","floorName":"1","id":"un_01M41331K1HJVYW3E5YCKP0BJ2","status":"TO_CLEAN","unitType":{"code":"STANDARD","name":{"en":"Standard","vi":"Phòng thường"}}},{"buildingId":"bd_01M41331K1NQJXD69A9ZKAZFBH","code":"A102","floor":1,"floorId":"fl_01M41331K1QT3R4SGFWQN8PAG5","floorName":"1","id":"un_01M41331K17RZ0DN56RCQ09M3V","status":"TO_CLEAN","unitType":{"code":"STANDARD","name":{"en":"Standard","vi":"Phòng thường"}}},{"buildingId":"bd_01M41331K1NQJXD69A9ZKAZFBH","code":"A103","floor
POST /v1/rooms/un_01M41331K1T56C9ZN94FSW00AM/stays {"rentalType":"HOURLY","guestName":"Rehearsal Guest","guestPhone":"0912345678","deposit":10000}
  -> 201 {"checkInAt":"2026-10-03T14:37:08.330515Z","deposit":10000,"extras":[],"guestId":{"hasBackPhoto":false,"hasFrontPhoto":false,"hasIdNumber":false},"guestName":"Rehearsal Guest","guestPhone":"0912345678","id":"st_01M41351VARMBYKFTR5Q1CDM9A","pricingVersion":3,"quote":{"asOf":"2026-10-03T14:37:08.330515Z","balanceDue":70000,"capped":false,"depositPaid":10000,"extrasAmount":0,"lines":[{"amount":80000,"code":"FIRST_HOUR","quantity":1,"unitAmount":80000}],"refundDue":0,"stayAmount":80000,"total":80000},"rentalType":"HOURLY","roomCode":"A136","roomId":"un_01M41331K1T56C9ZN94FSW00AM","status":"ACTIVE"
POST /v1/stays/st_01M41351VARMBYKFTR5Q1CDM9A/checkout 
  -> 201 {"billCode":"PH1003A136","createdAt":"2026-10-03T14:37:08.334569Z","id":"iv_01M41351VEYHRFH6XNA1CEKYB5","quote":{"asOf":"2026-10-03T14:37:08.334569Z","balanceDue":70000,"capped":false,"depositPaid":10000,"extrasAmount":0,"lines":[{"amount":80000,"code":"FIRST_HOUR","quantity":1,"unitAmount":80000}],"refundDue":0,"stayAmount":80000,"total":80000},"roomCode":"A136","status":"OPEN","stayId":"st_01M41351VARMBYKFTR5Q1CDM9A"}
POST /v1/invoices/iv_01M41351VEYHRFH6XNA1CEKYB5/payments {"method":"TRANSFER"}
  -> 201 {"amount":70000,"id":"pm_01M41351VHGZ1JQWPXS7608259","invoiceId":"iv_01M41351VEYHRFH6XNA1CEKYB5","method":"TRANSFER","qr":{"accountName":"REHEARSAL TEST","accountNoMasked":"******8888","amount":70000,"payload":"00020101021238540010A00000072701240006970436011010175888880208QRIBFTTA53037045405700005802VN62140810PH1003A136630405F7","transferNote":"PH1003A136"},"remaining":70000,"status":"PENDING"}
WEBHOOK in 70000 "PH1003A136" id=1791038228340615 age=0s
  -> 200 {"success": true}
GET /v1/payments/pm_01M41351VHGZ1JQWPXS7608259 
  -> 200 {"amount":70000,"id":"pm_01M41351VHGZ1JQWPXS7608259","invoiceId":"iv_01M41351VEYHRFH6XNA1CEKYB5","method":"TRANSFER","paidAt":"2026-10-03T14:37:08.341058Z","receivedAmount":70000,"remaining":0,"status":"PAID","transactionId":"1791038228340615"}
GET /v1/stays/st_01M41351VARMBYKFTR5Q1CDM9A 
  -> 200 {"billCode":"PH1003A136","checkInAt":"2026-10-03T14:37:08.330515Z","checkOutAt":"2026-10-03T14:37:08.334569Z","deposit":10000,"extras":[],"guestId":{"hasBackPhoto":false,"hasFrontPhoto":false,"hasIdNumber":false},"guestName":"Rehearsal Guest","guestPhone":"0912345678","id":"st_01M41351VARMBYKFTR5Q1CDM9A","invoice":{"billCode":"PH1003A136","createdAt":"2026-10-03T14:37:08.334569Z","id":"iv_01M41351VEYHRFH6XNA1CEKYB5","quote":{"asOf":"2026-10-03T14:37:08.334569Z","balanceDue":70000,"capped":false,"depositPaid":10000,"extrasAmount":0,"lines":[{"amount":80000,"code":"FIRST_HOUR","quantity":1,"unit
GET /v1/buildings/bd_01M41331K1NQJXD69A9ZKAZFBH/rooms 
  -> 200 {"items":[{"buildingId":"bd_01M41331K1NQJXD69A9ZKAZFBH","code":"A101","floor":1,"floorId":"fl_01M41331K1QT3R4SGFWQN8PAG5","floorName":"1","id":"un_01M41331K1HJVYW3E5YCKP0BJ2","status":"TO_CLEAN","unitType":{"code":"STANDARD","name":{"en":"Standard","vi":"Phòng thường"}}},{"buildingId":"bd_01M41331K1NQJXD69A9ZKAZFBH","code":"A102","floor":1,"floorId":"fl_01M41331K1QT3R4SGFWQN8PAG5","floorName":"1","id":"un_01M41331K17RZ0DN56RCQ09M3V","status":"TO_CLEAN","unitType":{"code":"STANDARD","name":{"en":"Standard","vi":"Phòng thường"}}},{"buildingId":"bd_01M41331K1NQJXD69A9ZKAZFBH","code":"A103","floor
GET /v1/owner/transactions 
  -> 200 {"items":[{"amount":70000,"at":"2026-10-03T14:37:08.34012Z","billCode":"PH1003A136","id":"pm_01M41351VHGZ1JQWPXS7608259","kind":"PAYMENT","method":"TRANSFER","paymentEventId":"pe_01M41351VM6SMDACK5A67G487E","receivedAt":"2026-10-03T14:37:08.34012Z","reconciliation":"MATCHED","roomCode":"A136","settledAt":"2026-10-03T14:37:08.341058Z"},{"amount":80000,"at":"2026-10-03T14:37:05.236753Z","billCode":"PH1003A123","id":"pm_01M4134YTJFB3ZKQRKP70K5CNB","kind":"PAYMENT","method":"TRANSFER","paymentEventId":"pe_01M4134YTNHGG9Z4HXQHQPYR86","receivedAt":"2026-10-03T14:37:05.236753Z","reconciliation":"MATC