GET /v1/buildings 
  -> 200 {"items":[{"code":"A","counts":{"maintenance":0,"occupied":34,"overdue":0,"toClean":14,"vacant":152},"floors":[{"id":"fl_01M414DCJDZ46FG27AXMPC4E8H","name":"1","order":1},{"id":"fl_01M414DCJD8Q9DQWV3K822ZM76","name":"2","order":2},{"id":"fl_01M414DCJDA1TVV2S9MZF01RRE","name":"3","order":3},{"id":"fl_01M414DCJDWRQ3Q2M4VMPQGF82","name":"4","order":4}],"id":"bd_01M414DCJDHG63XAS4DVYE35FD","level":"EDIT","name":"Building A"},{"code":"Y","counts":{"maintenance":0,"occupied":0,"overdue":0,"toClean":0,"vacant":6},"floors":[{"id":"fl_01M414GK2MTMR50R9PXHN1BYHT","name":"1","order":1},{"id":"fl_01M414GK
GET /v1/buildings/bd_01M414DCJDHG63XAS4DVYE35FD/rooms 
  -> 200 {"items":[{"buildingId":"bd_01M414DCJDHG63XAS4DVYE35FD","code":"A101","floor":1,"floorId":"fl_01M414DCJDZ46FG27AXMPC4E8H","floorName":"1","id":"un_01M414DCJD0THNDEP8AJ8FAJGB","status":"TO_CLEAN","unitType":{"code":"STANDARD","name":{"en":"Standard","vi":"Phòng thường"}}},{"buildingId":"bd_01M414DCJDHG63XAS4DVYE35FD","code":"A102","floor":1,"floorId":"fl_01M414DCJDZ46FG27AXMPC4E8H","floorName":"1","id":"un_01M414DCJDGMT12WJ6CSZQ6B94","status":"TO_CLEAN","unitType":{"code":"STANDARD","name":{"en":"Standard","vi":"Phòng thường"}}},{"buildingId":"bd_01M414DCJDHG63XAS4DVYE35FD","code":"A103","floor
POST /v1/owner/staff {"name":"Rehearsal cd06user","username":"cd06user","position":"FRONT_DESK","appAccess":"RECEPTIONIST","contract":{"payType":"MONTHLY","rate":6000000,"fixedAllowance":0,"standardShifts":26,"startDate":"2026-01-01","annualLeaveDays":12},"buildingAccess":[{"buildingId":"bd_01M414DCJDHG63XAS4DVYE35FD","level":"EDIT"}]}
  -> 201 {"oneTimePin":{"expiresAt":"2026-10-04T15:01:10.301765Z","pin":"***"},"staff":{"appAccess":"RECEPTIONIST","buildingAccess":[{"buildingId":"bd_01M414DCJDHG63XAS4DVYE35FD","level":"EDIT"},{"buildingId":"bd_01M414GK2MYQDCZJZR9132YZET","level":"NONE"}],"contract":{"annualLeaveDays":12,"fixedAllowance":0,"payType":"MONTHLY","rate":6000000,"standardShifts":26,"startDate":"2026-01-01"},"id":"us_01M414H20Y41CSCMQ441PRYC94","name":"Rehearsal cd06user","position":"FRONT_DESK","status":"ACTIVE","username":"cd06user"}}
POST /v1/auth/sign-in {"guesthouseCode":"rh4f632b","username":"cd06user","pin":"***"}
  -> 200 {"accessToken":"***","expiresAt":"2026-10-04T03:01:10.308208Z","mustChangePin":true,"tenantId":"tn_01M414DCJD57KM1TTGRGGPVHWZ","user":{"id":"us_01M414H20Y41CSCMQ441PRYC94","locale":"vi","name":"Rehearsal cd06user","role":"RECEPTIONIST"}}
PUT /v1/me/pin {"currentPin":"***","newPin":"***"}
  -> 204 ""
PUT /v1/owner/roster {"set":[{"userId":"us_01M414H20Y41CSCMQ441PRYC94","date":"2026-11-01","shift":"MORNING"},{"userId":"us_01M414H20Y41CSCMQ441PRYC94","date":"2026-11-02","shift":"MORNING"},{"userId":"us_01M414H20Y41CSCMQ441PRYC94","date":"2026-11-03","shift":"MORNING"}],"remove":[]}
  -> 200 {"assignments":[{"date":"2026-11-01","shift":"MORNING","userId":"us_01M414H20Y41CSCMQ441PRYC94","userName":"Rehearsal cd06user"},{"date":"2026-11-02","shift":"MORNING","userId":"us_01M414H20Y41CSCMQ441PRYC94","userName":"Rehearsal cd06user"},{"date":"2026-11-03","shift":"MORNING","userId":"us_01M414H20Y41CSCMQ441PRYC94","userName":"Rehearsal cd06user"}],"from":"2026-11-01","gaps":[{"date":"2026-11-01","shift":"AFTERNOON"},{"date":"2026-11-01","shift":"NIGHT"},{"date":"2026-11-02","shift":"AFTERNOON"},{"date":"2026-11-02","shift":"NIGHT"},{"date":"2026-11-03","shift":"AFTERNOON"},{"date":"2026-
GET /v1/owner/payroll/2026-11 
  -> 200 {"lines":[{"allowance":0,"bonus":0,"deduction":0,"earnedPay":0,"leaveDays":0,"name":"Rehearsal Guard","net":0,"payType":"MONTHLY","position":"SECURITY","rate":5000000,"shiftsWorked":0,"standardShifts":26,"status":"UNPAID","userId":"us_01M414GK736AY9PJ1WPZF13KAY"},{"allowance":0,"bonus":0,"deduction":0,"earnedPay":0,"leaveDays":0,"name":"Rehearsal Housekeeper","net":0,"payType":"MONTHLY","position":"HOUSEKEEPING","rate":6000000,"shiftsWorked":0,"standardShifts":26,"status":"UNPAID","userId":"us_01M414DH0ZXGM9H1FN77QCV0ED"},{"allowance":0,"bonus":0,"deduction":0,"earnedPay":0,"leaveDays":0,"name
POST /v1/me/leave-requests {"fromDate":"2026-11-02","toDate":"2026-11-02","kind":"SICK","reason":"Rehearsal"}
  -> 201 {"createdAt":"2026-10-03T15:01:10.909684Z","fromDate":"2026-11-02","id":"lv_01M414H2KXSY5GK7XVE938XM0T","kind":"SICK","reason":"Rehearsal","status":"PENDING","toDate":"2026-11-02","userId":"us_01M414H20Y41CSCMQ441PRYC94","userName":"Rehearsal cd06user"}
POST /v1/me/leave-requests {"fromDate":"2026-11-03","toDate":"2026-11-03","kind":"UNPAID","reason":"Rehearsal"}
  -> 201 {"createdAt":"2026-10-03T15:01:10.912703Z","fromDate":"2026-11-03","id":"lv_01M414H2M0J9X4QN8ZE5409JNM","kind":"UNPAID","reason":"Rehearsal","status":"PENDING","toDate":"2026-11-03","userId":"us_01M414H20Y41CSCMQ441PRYC94","userName":"Rehearsal cd06user"}
POST /v1/owner/leave-requests/lv_01M414H2KXSY5GK7XVE938XM0T/approve 
  -> 200 {"createdAt":"2026-10-03T15:01:10.909684Z","decidedAt":"2026-10-03T15:01:10.915109Z","fromDate":"2026-11-02","id":"lv_01M414H2KXSY5GK7XVE938XM0T","kind":"SICK","reason":"Rehearsal","status":"APPROVED","toDate":"2026-11-02","userId":"us_01M414H20Y41CSCMQ441PRYC94","userName":"Rehearsal cd06user"}
POST /v1/owner/leave-requests/lv_01M414H2M0J9X4QN8ZE5409JNM/approve 
  -> 200 {"createdAt":"2026-10-03T15:01:10.912703Z","decidedAt":"2026-10-03T15:01:10.917197Z","fromDate":"2026-11-03","id":"lv_01M414H2M0J9X4QN8ZE5409JNM","kind":"UNPAID","reason":"Rehearsal","status":"APPROVED","toDate":"2026-11-03","userId":"us_01M414H20Y41CSCMQ441PRYC94","userName":"Rehearsal cd06user"}
GET /v1/owner/payroll/2026-11 
  -> 200 {"lines":[{"allowance":0,"bonus":0,"deduction":0,"earnedPay":0,"leaveDays":0,"name":"Rehearsal Guard","net":0,"payType":"MONTHLY","position":"SECURITY","rate":5000000,"shiftsWorked":0,"standardShifts":26,"status":"UNPAID","userId":"us_01M414GK736AY9PJ1WPZF13KAY"},{"allowance":0,"bonus":0,"deduction":0,"earnedPay":0,"leaveDays":0,"name":"Rehearsal Housekeeper","net":0,"payType":"MONTHLY","position":"HOUSEKEEPING","rate":6000000,"shiftsWorked":0,"standardShifts":26,"status":"UNPAID","userId":"us_01M414DH0ZXGM9H1FN77QCV0ED"},{"allowance":0,"bonus":0,"deduction":0,"earnedPay":0,"leaveDays":0,"name
PUT /v1/owner/roster {"set":[{"userId":"us_01M414H20Y41CSCMQ441PRYC94","date":"2026-10-01","shift":"MORNING"}],"remove":[]}
  -> 200 {"assignments":[{"date":"2026-10-01","shift":"MORNING","userId":"us_01M414H20Y41CSCMQ441PRYC94","userName":"Rehearsal cd06user"}],"from":"2026-10-01","leave":[],"to":"2026-10-01"}
GET /v1/owner/payroll/2026-10 
  -> 200 {"lines":[{"allowance":0,"bonus":0,"deduction":0,"earnedPay":0,"leaveDays":0,"name":"Rehearsal Guard","net":0,"payType":"MONTHLY","position":"SECURITY","rate":5000000,"shiftsWorked":0,"standardShifts":26,"status":"UNPAID","userId":"us_01M414GK736AY9PJ1WPZF13KAY"},{"allowance":0,"bonus":0,"deduction":0,"earnedPay":0,"leaveDays":0,"name":"Rehearsal Housekeeper","net":0,"payType":"MONTHLY","position":"HOUSEKEEPING","rate":6000000,"shiftsWorked":0,"standardShifts":26,"status":"UNPAID","userId":"us_01M414DH0ZXGM9H1FN77QCV0ED"},{"allowance":0,"bonus":0,"deduction":0,"earnedPay":0,"leaveDays":0,"name
POST /v1/owner/payroll/2026-10/mark-paid {"userIds":["us_01M414H20Y41CSCMQ441PRYC94"]}
  -> 200 {"lines":[{"allowance":0,"bonus":0,"deduction":0,"earnedPay":0,"leaveDays":0,"name":"Rehearsal Guard","net":0,"payType":"MONTHLY","position":"SECURITY","rate":5000000,"shiftsWorked":0,"standardShifts":26,"status":"UNPAID","userId":"us_01M414GK736AY9PJ1WPZF13KAY"},{"allowance":0,"bonus":0,"deduction":0,"earnedPay":0,"leaveDays":0,"name":"Rehearsal Housekeeper","net":0,"payType":"MONTHLY","position":"HOUSEKEEPING","rate":6000000,"shiftsWorked":0,"standardShifts":26,"status":"UNPAID","userId":"us_01M414DH0ZXGM9H1FN77QCV0ED"},{"allowance":0,"bonus":0,"deduction":0,"earnedPay":0,"leaveDays":0,"name
GET /v1/owner/expenses?month=2026-10 
  -> 200 {"categories":[{"amount":10000,"category":"COST_OF_GOODS","source":"STOCK"},{"amount":300000,"category":"INTERNET_TV","source":"RECURRING"},{"amount":80000,"category":"MAINTENANCE","source":"MAINTENANCE"},{"amount":230769,"category":"STAFF_PAY","source":"PAYROLL"},{"amount":160000,"category":"SUPPLIES","source":"MANUAL"}],"items":[{"amount":10000,"category":"COST_OF_GOODS","id":"ex_01M414GK4SNDFD8A71GA9MGWCW","month":"2026-10","note":"CANDY","paidOn":"2026-10-03","recurring":false,"source":"STOCK"},{"amount":300000,"category":"INTERNET_TV","id":"ex_01M414GKEWJJG1J7X7J2X7K64Q","month":"2026-10"