GET /v1/buildings 
  -> 200 {"items":[{"code":"A","counts":{"maintenance":0,"occupied":33,"overdue":0,"toClean":14,"vacant":153},"floors":[{"id":"fl_01M40S5PXM74H4AWP00F63EXRZ","name":"1","order":1},{"id":"fl_01M40S5PXM7VNN42W70DEZTC7S","name":"2","order":2},{"id":"fl_01M40S5PXMEF524KAVTK1YKWSE","name":"3","order":3},{"id":"fl_01M40S5PXM4621XFF7MS2T9FXM","name":"4","order":4}],"id":"bd_01M40S5PXMRF3SZ1GQ5SFB9DDB","level":"EDIT","name":"Building A"}]}
GET /v1/buildings/bd_01M40S5PXMRF3SZ1GQ5SFB9DDB/rooms 
  -> 200 {"items":[{"buildingId":"bd_01M40S5PXMRF3SZ1GQ5SFB9DDB","code":"A101","floor":1,"floorId":"fl_01M40S5PXM74H4AWP00F63EXRZ","floorName":"1","id":"un_01M40S5PXMJ27BQGSKZ57BJ2QQ","status":"TO_CLEAN","unitType":{"code":"STANDARD","name":{"en":"Standard","vi":"Phòng thường"}}},{"buildingId":"bd_01M40S5PXMRF3SZ1GQ5SFB9DDB","code":"A102","floor":1,"floorId":"fl_01M40S5PXM74H4AWP00F63EXRZ","floorName":"1","id":"un_01M40S5PXMMN3PJYHS5NZVQJ2R","status":"TO_CLEAN","unitType":{"code":"STANDARD","name":{"en":"Standard","vi":"Phòng thường"}}},{"buildingId":"bd_01M40S5PXMRF3SZ1GQ5SFB9DDB","code":"A103","floor
POST /v1/rooms/un_01M40S5PXMGTXJHTFRYX9G63BA/stays {"rentalType":"HOURLY","guestName":"Rehearsal Guest","guestPhone":"0912345678","deposit":10000}
  -> 201 {"checkInAt":"2026-10-03T11:43:58.542018Z","deposit":10000,"extras":[],"guestId":{"hasBackPhoto":false,"hasFrontPhoto":false,"hasIdNumber":false},"guestName":"Rehearsal Guest","guestPhone":"0912345678","id":"st_01M40S7ZJEVKHTYZ0EZ4NQ0BN9","pricingVersion":3,"quote":{"asOf":"2026-10-03T11:43:58.542018Z","balanceDue":70000,"capped":false,"depositPaid":10000,"extrasAmount":0,"lines":[{"amount":80000,"code":"FIRST_HOUR","quantity":1,"unitAmount":80000}],"refundDue":0,"stayAmount":80000,"total":80000},"rentalType":"HOURLY","roomCode":"A148","roomId":"un_01M40S5PXMGTXJHTFRYX9G63BA","status":"ACTIVE"
POST /v1/stays/st_01M40S7ZJEVKHTYZ0EZ4NQ0BN9/checkout 
  -> 201 {"billCode":"PH1003A148","createdAt":"2026-10-03T11:43:58.545058Z","id":"iv_01M40S7ZJHBBN4F9S1G5VPRT53","quote":{"asOf":"2026-10-03T11:43:58.545058Z","balanceDue":70000,"capped":false,"depositPaid":10000,"extrasAmount":0,"lines":[{"amount":80000,"code":"FIRST_HOUR","quantity":1,"unitAmount":80000}],"refundDue":0,"stayAmount":80000,"total":80000},"roomCode":"A148","status":"OPEN","stayId":"st_01M40S7ZJEVKHTYZ0EZ4NQ0BN9"}
POST /v1/invoices/iv_01M40S7ZJHBBN4F9S1G5VPRT53/payments {"method":"TRANSFER"}
  -> 201 {"amount":70000,"id":"pm_01M40S7ZJK8YAQJX21Z06VS0N2","invoiceId":"iv_01M40S7ZJHBBN4F9S1G5VPRT53","method":"TRANSFER","qr":{"accountName":"REHEARSAL TEST","accountNoMasked":"******8888","amount":70000,"payload":"00020101021238540010A00000072701240006970436011010175888880208QRIBFTTA53037045405700005802VN62140810PH1003A1486304021E","transferNote":"PH1003A148"},"remaining":70000,"status":"PENDING"}
WEBHOOK in 70000 "PH1003A148" id=1791027838548645 age=0s
  -> 200 {"success": true}
WEBHOOK in 70000 "PH1003A148" id=1791027838548645 age=0s
  -> 200 {"success": true}
GET /v1/payments/pm_01M40S7ZJK8YAQJX21Z06VS0N2 
  -> 200 {"amount":70000,"id":"pm_01M40S7ZJK8YAQJX21Z06VS0N2","invoiceId":"iv_01M40S7ZJHBBN4F9S1G5VPRT53","method":"TRANSFER","paidAt":"2026-10-03T11:43:58.549899Z","receivedAmount":70000,"remaining":0,"status":"PAID","transactionId":"1791027838548645"}
GET /v1/owner/transactions 
  -> 200 {"items":[{"amount":70000,"at":"2026-10-03T11:43:58.548771Z","billCode":"PH1003A148","id":"pm_01M40S7ZJK8YAQJX21Z06VS0N2","kind":"PAYMENT","method":"TRANSFER","paymentEventId":"pe_01M40S7ZJN39TSFTZ17HYA567A","receivedAt":"2026-10-03T11:43:58.548771Z","reconciliation":"MATCHED","roomCode":"A148","settledAt":"2026-10-03T11:43:58.549899Z"},{"amount":75000,"at":"2026-10-03T11:43:58.470458Z","billCode":"PH1003A146","id":"pm_01M40S7ZG4BQ1WYT1M6V6C0FR4","kind":"PAYMENT","method":"TRANSFER","paymentEventId":"pe_01M40S7ZG6BWJ5V8ER144A0SJY","receivedAt":"2026-10-03T11:43:58.470458Z","reconciliation":"MA
GET /v1/owner/alerts 
  -> 200 {"items":[{"amount":5000,"createdAt":"2026-10-03T11:43:58.470678Z","details":{"billCode":"PH1003A146","excess":"5000","expected":"70000","received":"75000"},"id":"al_01M40S7ZG7Z0AXDPC6AN6J6794","kind":"OVERPAID","roomCode":"A146","stayId":"st_01M40S7ZFYZ1P00X8V58TME2PW"},{"amount":70000,"createdAt":"2026-10-03T11:43:57.652489Z","details":{"eventId":"pe_01M40S7YPMESGF3X5QTPGYGN2G","transferNote":"front desk tries"},"id":"al_01M40S7YPNSJ7DP3NMJ0PS4EPK","kind":"UNMATCHED_TRANSFER"},{"amount":70000,"createdAt":"2026-10-03T11:43:57.609394Z","details":{"eventId":"pe_01M40S7YN99F999SDN26KKWKFT","tran