POST /v1/auth/sign-in {"guesthouseCode":"rhaec4ce","username":"r3","pin":"***"}
  -> 200 {"accessToken":"***","expiresAt":"2026-10-03T18:00:25.490773Z","mustChangePin":true,"tenantId":"tn_01M405JF5BQ3D2VK6SFMNGZGK9","user":{"id":"us_01M405JGBP81KP1NN6SAZAX319","locale":"vi","name":"Rehearsal R3","role":"RECEPTIONIST"}}
PUT /v1/me/pin {"currentPin":"***","newPin":"***"}
  -> 204 ""
GET /v1/me 
  -> 200 {"buildingAccess":[{"buildingId":"bd_01M405JF5BYGDW7RGK4KB35SWW","level":"EDIT"}],"tenant":{"currency":"VND","id":"tn_01M405JF5BQ3D2VK6SFMNGZGK9","name":"Rehearsal Test rhaec4ce","timezone":"Asia/Ho_Chi_Minh"},"user":{"id":"us_01M405JGBP81KP1NN6SAZAX319","locale":"vi","name":"Rehearsal R3","role":"RECEPTIONIST"}}
GET /v1/buildings 
  -> 200 {"items":[{"code":"A","counts":{"maintenance":0,"occupied":6,"overdue":0,"toClean":13,"vacant":101},"floors":[{"id":"fl_01M405JF5BCNDATRVY60SGNRTF","name":"1","order":1},{"id":"fl_01M405JF5BGWM44ASWKWRWJQ99","name":"2","order":2},{"id":"fl_01M405JF5BTTTF5MRA2Q2HWZNA","name":"3","order":3}],"id":"bd_01M405JF5BYGDW7RGK4KB35SWW","level":"EDIT","name":"Building A"}]}
GET /v1/buildings/bd_01M405JF5BYGDW7RGK4KB35SWW/rooms 
  -> 200 {"items":[{"buildingId":"bd_01M405JF5BYGDW7RGK4KB35SWW","code":"A101","floor":1,"floorId":"fl_01M405JF5BCNDATRVY60SGNRTF","floorName":"1","id":"un_01M405JF5BV3JF0G84JYES61BF","status":"TO_CLEAN","unitType":{"code":"STANDARD","name":{"en":"Standard","vi":"Phòng thường"}}},{"buildingId":"bd_01M405JF5BYGDW7RGK4KB35SWW","code":"A102","floor":1,"floorId":"fl_01M405JF5BCNDATRVY60SGNRTF","floorName":"1","id":"un_01M405JF5BNCSN7MWJCJQS9F53","status":"TO_CLEAN","unitType":{"code":"STANDARD","name":{"en":"Standard","vi":"Phòng thường"}}},{"buildingId":"bd_01M405JF5BYGDW7RGK4KB35SWW","code":"A103","floor
POST /v1/rooms/un_01M405JF5BGEM25FM67JHJKX87/stays {"rentalType":"HOURLY","guestName":"Rehearsal Guest","guestPhone":"0912345678","deposit":10000}
  -> 201 {"checkInAt":"2026-10-03T06:00:26.106388Z","deposit":10000,"extras":[],"guestId":{"hasBackPhoto":false,"hasFrontPhoto":false,"hasIdNumber":false},"guestName":"Rehearsal Guest","guestPhone":"0912345678","id":"st_01M405JY7T5D0WJBTKX7CCS909","pricingVersion":1,"quote":{"asOf":"2026-10-03T06:00:26.106388Z","balanceDue":70000,"capped":false,"depositPaid":10000,"extrasAmount":0,"lines":[{"amount":80000,"code":"FIRST_HOUR","quantity":1,"unitAmount":80000}],"refundDue":0,"stayAmount":80000,"total":80000},"rentalType":"HOURLY","roomCode":"A120","roomId":"un_01M405JF5BGEM25FM67JHJKX87","status":"ACTIVE"
POST /v1/stays/st_01M405JY7T5D0WJBTKX7CCS909/checkout 
  -> 201 {"billCode":"PH1003A120","createdAt":"2026-10-03T06:00:26.110324Z","id":"iv_01M405JY7YKFVEW5BYCSSMTGP1","quote":{"asOf":"2026-10-03T06:00:26.110324Z","balanceDue":70000,"capped":false,"depositPaid":10000,"extrasAmount":0,"lines":[{"amount":80000,"code":"FIRST_HOUR","quantity":1,"unitAmount":80000}],"refundDue":0,"stayAmount":80000,"total":80000},"roomCode":"A120","status":"OPEN","stayId":"st_01M405JY7T5D0WJBTKX7CCS909"}
POST /v1/invoices/iv_01M405JY7YKFVEW5BYCSSMTGP1/payments {"method":"TRANSFER"}
  -> 201 {"amount":70000,"id":"pm_01M405JY80M7BRDB38J6Q5TV31","invoiceId":"iv_01M405JY7YKFVEW5BYCSSMTGP1","method":"TRANSFER","qr":{"accountName":"REHEARSAL TEST","accountNoMasked":"******8888","amount":70000,"payload":"00020101021238540010A00000072701240006970436011010175888880208QRIBFTTA53037045405700005802VN62140810PH1003A12063048DD2","transferNote":"PH1003A120"},"remaining":70000,"status":"PENDING"}
GET /v1/stays/st_01M405JY7T5D0WJBTKX7CCS909 
  -> 200 {"billCode":"PH1003A120","checkInAt":"2026-10-03T06:00:26.106388Z","checkOutAt":"2026-10-03T06:00:26.110324Z","deposit":10000,"extras":[],"guestId":{"hasBackPhoto":false,"hasFrontPhoto":false,"hasIdNumber":false},"guestName":"Rehearsal Guest","guestPhone":"0912345678","id":"st_01M405JY7T5D0WJBTKX7CCS909","invoice":{"billCode":"PH1003A120","createdAt":"2026-10-03T06:00:26.110324Z","id":"iv_01M405JY7YKFVEW5BYCSSMTGP1","quote":{"asOf":"2026-10-03T06:00:26.110324Z","balanceDue":70000,"capped":false,"depositPaid":10000,"extrasAmount":0,"lines":[{"amount":80000,"code":"FIRST_HOUR","quantity":1,"unit
WEBHOOK in 70000 "PH1003A120" id=1791007226442290 age=0s
  -> 200 {"success": true}