POST /v1/auth/sign-in {"guesthouseCode":"rhaec4ce","username":"r7","pin":"***"}
  -> 200 {"accessToken":"***","expiresAt":"2026-10-03T18:02:47.355639Z","mustChangePin":true,"tenantId":"tn_01M405JF5BQ3D2VK6SFMNGZGK9","user":{"id":"us_01M405JH46AYETNZK556605XDA","locale":"vi","name":"Rehearsal R7","role":"RECEPTIONIST"}}
PUT /v1/me/pin {"currentPin":"***","newPin":"***"}
  -> 204 ""
GET /v1/me 
  -> 200 {"buildingAccess":[{"buildingId":"bd_01M405JF5BYGDW7RGK4KB35SWW","level":"EDIT"}],"tenant":{"currency":"VND","id":"tn_01M405JF5BQ3D2VK6SFMNGZGK9","name":"Rehearsal Test rhaec4ce","timezone":"Asia/Ho_Chi_Minh"},"user":{"id":"us_01M405JH46AYETNZK556605XDA","locale":"vi","name":"Rehearsal R7","role":"RECEPTIONIST"}}
GET /v1/buildings 
  -> 200 {"items":[{"code":"A","counts":{"maintenance":1,"occupied":13,"overdue":0,"toClean":18,"vacant":88},"floors":[{"id":"fl_01M405JF5BCNDATRVY60SGNRTF","name":"1","order":1},{"id":"fl_01M405JF5BGWM44ASWKWRWJQ99","name":"2","order":2},{"id":"fl_01M405JF5BTTTF5MRA2Q2HWZNA","name":"3","order":3}],"id":"bd_01M405JF5BYGDW7RGK4KB35SWW","level":"EDIT","name":"Building A"}]}
GET /v1/buildings/bd_01M405JF5BYGDW7RGK4KB35SWW/rooms 
  -> 200 {"items":[{"buildingId":"bd_01M405JF5BYGDW7RGK4KB35SWW","code":"A101","floor":1,"floorId":"fl_01M405JF5BCNDATRVY60SGNRTF","floorName":"1","id":"un_01M405JF5BV3JF0G84JYES61BF","status":"TO_CLEAN","unitType":{"code":"STANDARD","name":{"en":"Standard","vi":"Phòng thường"}}},{"buildingId":"bd_01M405JF5BYGDW7RGK4KB35SWW","code":"A102","floor":1,"floorId":"fl_01M405JF5BCNDATRVY60SGNRTF","floorName":"1","id":"un_01M405JF5BNCSN7MWJCJQS9F53","status":"TO_CLEAN","unitType":{"code":"STANDARD","name":{"en":"Standard","vi":"Phòng thường"}}},{"buildingId":"bd_01M405JF5BYGDW7RGK4KB35SWW","code":"A103","floor
POST /v1/rooms/un_01M405JF5B6X6KRA9KBPKRB72D/stays {"rentalType":"HOURLY","guestName":"Rehearsal Guest","guestPhone":"0912345678","deposit":50000}
  -> 201 {"checkInAt":"2026-10-03T06:02:47.918252Z","deposit":50000,"extras":[],"guestId":{"hasBackPhoto":false,"hasFrontPhoto":false,"hasIdNumber":false},"guestName":"Rehearsal Guest","guestPhone":"0912345678","id":"st_01M405Q8QEAYKPAM1WV1BEQW9D","pricingVersion":1,"quote":{"asOf":"2026-10-03T06:02:47.918252Z","balanceDue":30000,"capped":false,"depositPaid":50000,"extrasAmount":0,"lines":[{"amount":80000,"code":"FIRST_HOUR","quantity":1,"unitAmount":80000}],"refundDue":0,"stayAmount":80000,"total":80000},"rentalType":"HOURLY","roomCode":"A133","roomId":"un_01M405JF5B6X6KRA9KBPKRB72D","status":"ACTIVE"
GET /v1/shifts/current 
  -> 200 {"buildingIds":["bd_01M405JF5BYGDW7RGK4KB35SWW"],"cashIn":50000,"cashOut":0,"expectedCash":50000,"id":"sh_01M405Q8QE05S3C5YYPBV4JE63","movements":[{"amount":50000,"at":"2026-10-03T06:02:47.918588Z","byOwner":false,"kind":"DEPOSIT","roomCode":"A133"}],"openedAt":"2026-10-03T06:02:47.918588Z","openingFloat":0,"status":"OPEN","transfersReceived":0,"unpaidInvoices":[],"userId":"us_01M405JH46AYETNZK556605XDA","userName":"Rehearsal R7"}
POST /v1/shifts/current/close {"counts":[{"denomination":20000,"quantity":2}],"floatLeft":0}
  -> 422 {"type":"about:blank","title":"Unprocessable Entity","status":422,"code":"VALIDATION_FAILED","errors":[{"code":"REQUIRED","field":"reason"}]}
GET /v1/shifts/current 
  -> 200 {"buildingIds":["bd_01M405JF5BYGDW7RGK4KB35SWW"],"cashIn":50000,"cashOut":0,"expectedCash":50000,"id":"sh_01M405Q8QE05S3C5YYPBV4JE63","movements":[{"amount":50000,"at":"2026-10-03T06:02:47.918588Z","byOwner":false,"kind":"DEPOSIT","roomCode":"A133"}],"openedAt":"2026-10-03T06:02:47.918588Z","openingFloat":0,"status":"OPEN","transfersReceived":0,"unpaidInvoices":[],"userId":"us_01M405JH46AYETNZK556605XDA","userName":"Rehearsal R7"}
POST /v1/shifts/current/close {"counts":[{"denomination":20000,"quantity":2}],"floatLeft":0,"reason":"A 10,000 note was given as change"}
  -> 200 {"cashPayments":[{"amount":50000,"at":"2026-10-03T06:02:47.918588Z","rentalType":"HOURLY","roomCode":"A133"}],"countedCash":40000,"difference":-10000,"reason":"A 10,000 note was given as change","reasonRecordedAt":"2026-10-03T06:02:47.929034Z","shift":{"buildingIds":["bd_01M405JF5BYGDW7RGK4KB35SWW"],"cashIn":50000,"cashOut":0,"closedAt":"2026-10-03T06:02:47.929034Z","expectedCash":50000,"id":"sh_01M405Q8QE05S3C5YYPBV4JE63","movements":[{"amount":50000,"at":"2026-10-03T06:02:47.918588Z","byOwner":false,"kind":"DEPOSIT","roomCode":"A133"}],"openedAt":"2026-10-03T06:02:47.918588Z","openingFloat":
GET /v1/owner/shifts/sh_01M405Q8QE05S3C5YYPBV4JE63 
  -> 200 {"cashPayments":[{"amount":50000,"at":"2026-10-03T06:02:47.918588Z","rentalType":"HOURLY","roomCode":"A133"}],"countedCash":40000,"difference":-10000,"reason":"A 10,000 note was given as change","reasonRecordedAt":"2026-10-03T06:02:47.929034Z","shift":{"buildingIds":["bd_01M405JF5BYGDW7RGK4KB35SWW"],"cashIn":50000,"cashOut":0,"closedAt":"2026-10-03T06:02:47.929034Z","expectedCash":50000,"id":"sh_01M405Q8QE05S3C5YYPBV4JE63","movements":[{"amount":50000,"at":"2026-10-03T06:02:47.918588Z","byOwner":false,"kind":"DEPOSIT","roomCode":"A133"}],"openedAt":"2026-10-03T06:02:47.918588Z","openingFloat":
GET /v1/owner/alerts 
  -> 200 {"items":[{"actorName":"Rehearsal R7","amount":10000,"createdAt":"2026-10-03T06:02:47.928851Z","details":{"counted":"40000","expected":"50000"},"id":"al_01M405Q8QSXT5VS2C0XEEEYB4G","kind":"CASH_SHORT","shiftId":"sh_01M405Q8QE05S3C5YYPBV4JE63"},{"actorName":"Smoke Linh","createdAt":"2026-10-03T06:02:45.479208Z","details":{"category":"PLUMBING","severity":"LOCK_ROOM","ticket":"BT-002"},"id":"al_01M405Q6B8FKVC6QZW7KKSYJRW","kind":"DAMAGE_REPORTED","roomCode":"A129"},{"actorName":"Smoke Linh","createdAt":"2026-10-03T06:02:45.421779Z","details":{"category":"AIR_CONDITIONER","severity":"LOCK_ROOM","