GET /v1/buildings 
<<<<<<< HEAD
  -> 200 {"items":[{"code":"A","counts":{"maintenance":0,"occupied":33,"overdue":0,"toClean":16,"vacant":151},"floors":[{"id":"fl_01M41331K1QT3R4SGFWQN8PAG5","name":"1","order":1},{"id":"fl_01M41331K170YEX76HVGNGD8XJ","name":"2","order":2},{"id":"fl_01M41331K1VSV1YS3WM1J042D0","name":"3","order":3},{"id":"fl_01M41331K18FQEZA37V8EQXREQ","name":"4","order":4}],"id":"bd_01M41331K1NQJXD69A9ZKAZFBH","level":"EDIT","name":"Building A"}]}
GET /v1/buildings/bd_01M41331K1NQJXD69A9ZKAZFBH/rooms 
  -> 200 {"items":[{"buildingId":"bd_01M41331K1NQJXD69A9ZKAZFBH","code":"A101","floor":1,"floorId":"fl_01M41331K1QT3R4SGFWQN8PAG5","floorName":"1","id":"un_01M41331K1HJVYW3E5YCKP0BJ2","status":"TO_CLEAN","unitType":{"code":"STANDARD","name":{"en":"Standard","vi":"Phòng thường"}}},{"buildingId":"bd_01M41331K1NQJXD69A9ZKAZFBH","code":"A102","floor":1,"floorId":"fl_01M41331K1QT3R4SGFWQN8PAG5","floorName":"1","id":"un_01M41331K17RZ0DN56RCQ09M3V","status":"TO_CLEAN","unitType":{"code":"STANDARD","name":{"en":"Standard","vi":"Phòng thường"}}},{"buildingId":"bd_01M41331K1NQJXD69A9ZKAZFBH","code":"A103","floor
POST /v1/rooms/un_01M41331K1V30DFTGY5V072HM8/stays {"rentalType":"HOURLY","guestName":"Rehearsal Guest","guestPhone":"0912345678","deposit":10000}
  -> 201 {"checkInAt":"2026-10-03T14:37:09.422024Z","deposit":10000,"extras":[],"guestId":{"hasBackPhoto":false,"hasFrontPhoto":false,"hasIdNumber":false},"guestName":"Rehearsal Guest","guestPhone":"0912345678","id":"st_01M41352XE6YFR8KBS7QEX8GCQ","pricingVersion":3,"quote":{"asOf":"2026-10-03T14:37:09.422024Z","balanceDue":70000,"capped":false,"depositPaid":10000,"extrasAmount":0,"lines":[{"amount":80000,"code":"FIRST_HOUR","quantity":1,"unitAmount":80000}],"refundDue":0,"stayAmount":80000,"total":80000},"rentalType":"HOURLY","roomCode":"A150","roomId":"un_01M41331K1V30DFTGY5V072HM8","status":"ACTIVE"
POST /v1/stays/st_01M41352XE6YFR8KBS7QEX8GCQ/checkout 
  -> 201 {"billCode":"PH1003A150","createdAt":"2026-10-03T14:37:09.4261Z","id":"iv_01M41352XJ4EPK10X5AFS5H9G5","quote":{"asOf":"2026-10-03T14:37:09.4261Z","balanceDue":70000,"capped":false,"depositPaid":10000,"extrasAmount":0,"lines":[{"amount":80000,"code":"FIRST_HOUR","quantity":1,"unitAmount":80000}],"refundDue":0,"stayAmount":80000,"total":80000},"roomCode":"A150","status":"OPEN","stayId":"st_01M41352XE6YFR8KBS7QEX8GCQ"}
POST /v1/invoices/iv_01M41352XJ4EPK10X5AFS5H9G5/payments {"method":"TRANSFER"}
  -> 201 {"amount":70000,"id":"pm_01M41352XMBX8BWBCT2055B36G","invoiceId":"iv_01M41352XJ4EPK10X5AFS5H9G5","method":"TRANSFER","qr":{"accountName":"REHEARSAL TEST","accountNoMasked":"******8888","amount":70000,"payload":"00020101021238540010A00000072701240006970436011010175888880208QRIBFTTA53037045405700005802VN62140810PH1003A15063044593","transferNote":"PH1003A150"},"remaining":70000,"status":"PENDING"}
GET /v1/stays/st_01M41352XE6YFR8KBS7QEX8GCQ 
  -> 200 {"billCode":"PH1003A150","checkInAt":"2026-10-03T14:37:09.422024Z","checkOutAt":"2026-10-03T14:37:09.4261Z","deposit":10000,"extras":[],"guestId":{"hasBackPhoto":false,"hasFrontPhoto":false,"hasIdNumber":false},"guestName":"Rehearsal Guest","guestPhone":"0912345678","id":"st_01M41352XE6YFR8KBS7QEX8GCQ","invoice":{"billCode":"PH1003A150","createdAt":"2026-10-03T14:37:09.4261Z","id":"iv_01M41352XJ4EPK10X5AFS5H9G5","quote":{"asOf":"2026-10-03T14:37:09.4261Z","balanceDue":70000,"capped":false,"depositPaid":10000,"extrasAmount":0,"lines":[{"amount":80000,"code":"FIRST_HOUR","quantity":1,"unitAmount
WEBHOOK in 70000 "PH1003A150" id=1791038229755730 age=0s
=======
  -> 200 {"items":[{"code":"A","counts":{"maintenance":0,"occupied":43,"overdue":0,"toClean":22,"vacant":135},"floors":[{"id":"fl_01M414DCJDZ46FG27AXMPC4E8H","name":"1","order":1},{"id":"fl_01M414DCJD8Q9DQWV3K822ZM76","name":"2","order":2},{"id":"fl_01M414DCJDA1TVV2S9MZF01RRE","name":"3","order":3},{"id":"fl_01M414DCJDWRQ3Q2M4VMPQGF82","name":"4","order":4}],"id":"bd_01M414DCJDHG63XAS4DVYE35FD","level":"EDIT","name":"Building A"}]}
GET /v1/buildings/bd_01M414DCJDHG63XAS4DVYE35FD/rooms 
  -> 200 {"items":[{"buildingId":"bd_01M414DCJDHG63XAS4DVYE35FD","code":"A101","floor":1,"floorId":"fl_01M414DCJDZ46FG27AXMPC4E8H","floorName":"1","id":"un_01M414DCJD0THNDEP8AJ8FAJGB","status":"TO_CLEAN","unitType":{"code":"STANDARD","name":{"en":"Standard","vi":"Phòng thường"}}},{"buildingId":"bd_01M414DCJDHG63XAS4DVYE35FD","code":"A102","floor":1,"floorId":"fl_01M414DCJDZ46FG27AXMPC4E8H","floorName":"1","id":"un_01M414DCJDGMT12WJ6CSZQ6B94","status":"TO_CLEAN","unitType":{"code":"STANDARD","name":{"en":"Standard","vi":"Phòng thường"}}},{"buildingId":"bd_01M414DCJDHG63XAS4DVYE35FD","code":"A103","floor
POST /v1/rooms/un_01M414DCJDECVFYA2JM59RV3JG/stays {"rentalType":"HOURLY","guestName":"Rehearsal Guest","guestPhone":"0912345678","deposit":10000}
  -> 201 {"checkInAt":"2026-10-03T15:01:13.535205Z","deposit":10000,"extras":[],"guestId":{"hasBackPhoto":false,"hasFrontPhoto":false,"hasIdNumber":false},"guestName":"Rehearsal Guest","guestPhone":"0912345678","id":"st_01M414H55ZRD4A1BJC697S84DT","pricingVersion":3,"quote":{"asOf":"2026-10-03T15:01:13.535205Z","balanceDue":70000,"capped":false,"depositPaid":10000,"extrasAmount":0,"lines":[{"amount":80000,"code":"FIRST_HOUR","quantity":1,"unitAmount":80000}],"refundDue":0,"stayAmount":80000,"total":80000},"rentalType":"HOURLY","roomCode":"A216","roomId":"un_01M414DCJDECVFYA2JM59RV3JG","status":"ACTIVE"
POST /v1/stays/st_01M414H55ZRD4A1BJC697S84DT/checkout 
  -> 201 {"billCode":"PH1003A216","createdAt":"2026-10-03T15:01:13.539557Z","id":"iv_01M414H5636SEKCQX9KR7QG84P","quote":{"asOf":"2026-10-03T15:01:13.539557Z","balanceDue":70000,"capped":false,"depositPaid":10000,"extrasAmount":0,"lines":[{"amount":80000,"code":"FIRST_HOUR","quantity":1,"unitAmount":80000}],"refundDue":0,"stayAmount":80000,"total":80000},"roomCode":"A216","status":"OPEN","stayId":"st_01M414H55ZRD4A1BJC697S84DT"}
POST /v1/invoices/iv_01M414H5636SEKCQX9KR7QG84P/payments {"method":"TRANSFER"}
  -> 201 {"amount":70000,"id":"pm_01M414H566835DJ7QYX69DMQ0X","invoiceId":"iv_01M414H5636SEKCQX9KR7QG84P","method":"TRANSFER","qr":{"accountName":"REHEARSAL TEST","accountNoMasked":"******8888","amount":70000,"payload":"00020101021238540010A00000072701240006970436011010175888880208QRIBFTTA53037045405700005802VN62140810PH1003A21663045635","transferNote":"PH1003A216"},"remaining":70000,"status":"PENDING"}
GET /v1/stays/st_01M414H55ZRD4A1BJC697S84DT 
  -> 200 {"billCode":"PH1003A216","checkInAt":"2026-10-03T15:01:13.535205Z","checkOutAt":"2026-10-03T15:01:13.539557Z","deposit":10000,"extras":[],"guestId":{"hasBackPhoto":false,"hasFrontPhoto":false,"hasIdNumber":false},"guestName":"Rehearsal Guest","guestPhone":"0912345678","id":"st_01M414H55ZRD4A1BJC697S84DT","invoice":{"billCode":"PH1003A216","createdAt":"2026-10-03T15:01:13.539557Z","id":"iv_01M414H5636SEKCQX9KR7QG84P","quote":{"asOf":"2026-10-03T15:01:13.539557Z","balanceDue":70000,"capped":false,"depositPaid":10000,"extrasAmount":0,"lines":[{"amount":80000,"code":"FIRST_HOUR","quantity":1,"unit
WEBHOOK in 70000 "PH1003A216" id=1791039673887303 age=0s
>>>>>>> 952da7a (test(rehearsal): coverage report, bill-line stays for ui-lint, gap specs, sync preview on a copy, unapproved visual baselines)
  -> 200 {"success": true}