POST /v1/owner/services {"name":{"vi":"Kẹo","en":"Candy"},"price":5000,"unitCost":2000,"openingQuantity":10,"unit":"pcs","lowStockAt":3}
  -> 201 {"code":"CANDY","latestUnitCost":2000,"lowStockAt":3,"name":{"en":"Candy","vi":"Kẹo"},"onSale":true,"price":5000,"stock":10,"unit":"pcs"}
GET /v1/services 
  -> 200 {"items":[{"code":"CANDY","name":{"en":"Candy","vi":"Kẹo"},"price":5000,"stock":10},{"code":"WATER","name":{"en":"Still water","vi":"Nước suối"},"price":10000,"stock":36}]}
POST /v1/owner/services/CANDY/restock {"quantity":5,"unitCost":2000}
  -> 200 {"code":"CANDY","latestUnitCost":2000,"lowStockAt":3,"name":{"en":"Candy","vi":"Kẹo"},"onSale":true,"price":5000,"stock":15,"unit":"pcs"}
GET /v1/services 
  -> 200 {"items":[{"code":"CANDY","name":{"en":"Candy","vi":"Kẹo"},"price":5000,"stock":15},{"code":"WATER","name":{"en":"Still water","vi":"Nước suối"},"price":10000,"stock":36}]}
GET /v1/owner/services/CANDY/movements 
  -> 200 {"items":[{"actorName":"Smoke Owner","at":"2026-10-03T11:43:55.025534Z","kind":"IN","quantity":5,"unitCost":2000},{"actorName":"Smoke Owner","at":"2026-10-03T11:43:55.020979Z","kind":"OPENING","quantity":10,"unitCost":2000}]}
POST /v1/stocktakes {"lines":[{"serviceCode":"CANDY","counted":12}]}
  -> 201 {"differences":[{"counted":12,"serviceCode":"CANDY","system":15}],"id":"st_01M40S7W4QRMRVHPBYJTGJBD9Y","valueDifference":-6000}
GET /v1/services 
  -> 200 {"items":[{"code":"CANDY","name":{"en":"Candy","vi":"Kẹo"},"price":5000,"stock":12},{"code":"WATER","name":{"en":"Still water","vi":"Nước suối"},"price":10000,"stock":36}]}
GET /v1/owner/alerts 
  -> 200 {"items":[{"actorName":"Rehearsal R14","amount":6000,"createdAt":"2026-10-03T11:43:55.031599Z","details":{"items":"1","stocktake":"st_01M40S7W4QRMRVHPBYJTGJBD9Y"},"id":"al_01M40S7W4RYF20VCJ4819N3XSE","kind":"STOCKTAKE_DIFFERENCE"},{"actorName":"Rehearsal R13","createdAt":"2026-10-03T11:43:52.576006Z","details":{"newTime":"2026-10-03T11:23:52Z","oldTime":"2026-10-03T11:43:52Z","reasonCode":"WRONG_TIME"},"id":"al_01M40S7SR18DNPNSE0QAWQ6DYN","kind":"STAY_TIME_EDITED","roomCode":"A117","stayId":"st_01M40S7SQXXJJ6B3ESXEV27WN6"},{"actorName":"Rehearsal R15","createdAt":"2026-10-03T11:43:48.058425Z",
GET /v1/buildings 
  -> 200 {"items":[{"code":"A","counts":{"maintenance":0,"occupied":23,"overdue":0,"toClean":8,"vacant":169},"floors":[{"id":"fl_01M40S5PXM74H4AWP00F63EXRZ","name":"1","order":1},{"id":"fl_01M40S5PXM7VNN42W70DEZTC7S","name":"2","order":2},{"id":"fl_01M40S5PXMEF524KAVTK1YKWSE","name":"3","order":3},{"id":"fl_01M40S5PXM4621XFF7MS2T9FXM","name":"4","order":4}],"id":"bd_01M40S5PXMRF3SZ1GQ5SFB9DDB","level":"EDIT","name":"Building A"}]}
GET /v1/buildings/bd_01M40S5PXMRF3SZ1GQ5SFB9DDB/rooms 
  -> 200 {"items":[{"buildingId":"bd_01M40S5PXMRF3SZ1GQ5SFB9DDB","code":"A101","floor":1,"floorId":"fl_01M40S5PXM74H4AWP00F63EXRZ","floorName":"1","id":"un_01M40S5PXMJ27BQGSKZ57BJ2QQ","status":"TO_CLEAN","unitType":{"code":"STANDARD","name":{"en":"Standard","vi":"Phòng thường"}}},{"buildingId":"bd_01M40S5PXMRF3SZ1GQ5SFB9DDB","code":"A102","floor":1,"floorId":"fl_01M40S5PXM74H4AWP00F63EXRZ","floorName":"1","id":"un_01M40S5PXMMN3PJYHS5NZVQJ2R","status":"TO_CLEAN","unitType":{"code":"STANDARD","name":{"en":"Standard","vi":"Phòng thường"}}},{"buildingId":"bd_01M40S5PXMRF3SZ1GQ5SFB9DDB","code":"A103","floor
POST /v1/rooms/un_01M40S5PXM66DS1FV0E6MZVZ9J/stays {"rentalType":"HOURLY","guestName":"Rehearsal Guest","guestPhone":"0912345678","deposit":10000}
  -> 201 {"checkInAt":"2026-10-03T11:43:55.052208Z","deposit":10000,"extras":[],"guestId":{"hasBackPhoto":false,"hasFrontPhoto":false,"hasIdNumber":false},"guestName":"Rehearsal Guest","guestPhone":"0912345678","id":"st_01M40S7W5CSA2X5TG9PDR7WR95","pricingVersion":3,"quote":{"asOf":"2026-10-03T11:43:55.052208Z","balanceDue":70000,"capped":false,"depositPaid":10000,"extrasAmount":0,"lines":[{"amount":80000,"code":"FIRST_HOUR","quantity":1,"unitAmount":80000}],"refundDue":0,"stayAmount":80000,"total":80000},"rentalType":"HOURLY","roomCode":"A132","roomId":"un_01M40S5PXM66DS1FV0E6MZVZ9J","status":"ACTIVE"
POST /v1/stays/st_01M40S7W5CSA2X5TG9PDR7WR95/extras {"items":[{"serviceCode":"CANDY","quantity":1}]}
  -> 200 {"checkInAt":"2026-10-03T11:43:55.052208Z","deposit":10000,"extras":[{"amount":5000,"name":{"en":"Candy","vi":"Kẹo"},"quantity":1,"serviceCode":"CANDY","unitAmount":5000}],"guestId":{"hasBackPhoto":false,"hasFrontPhoto":false,"hasIdNumber":false},"guestName":"Rehearsal Guest","guestPhone":"0912345678","id":"st_01M40S7W5CSA2X5TG9PDR7WR95","pricingVersion":3,"quote":{"asOf":"2026-10-03T11:43:55.056242Z","balanceDue":75000,"capped":false,"depositPaid":10000,"extrasAmount":5000,"lines":[{"amount":80000,"code":"FIRST_HOUR","quantity":1,"unitAmount":80000}],"refundDue":0,"stayAmount":80000,"total":8
POST /v1/owner/services/CANDY/remove 
  -> 200 {"result":"STOPPED_SELLING"}