POST /v1/auth/sign-in {"guesthouseCode":"rh4f632b","username":"r17","pin":"***"}
  -> 200 {"accessToken":"***","expiresAt":"2026-10-04T03:00:56.816433Z","mustChangePin":false,"tenantId":"tn_01M414DCJD57KM1TTGRGGPVHWZ","user":{"id":"us_01M414DG9CSKCMHS5NH65HCBJN","locale":"vi","name":"Rehearsal R17","role":"RECEPTIONIST"}}
POST /v1/auth/sign-in {"guesthouseCode":"rh4f632b","username":"owner","pin":"***"}
  -> 200 {"accessToken":"***","expiresAt":"2026-10-04T03:00:57.021535Z","mustChangePin":false,"tenantId":"tn_01M414DCJD57KM1TTGRGGPVHWZ","user":{"id":"us_01M414DCK9QQ34TXSKX9PQXEAZ","locale":"en","name":"Smoke Owner","role":"OWNER"}}
GET /v1/buildings 
  -> 200 {"items":[{"code":"A","counts":{"maintenance":0,"occupied":29,"overdue":0,"toClean":9,"vacant":162},"floors":[{"id":"fl_01M414DCJDZ46FG27AXMPC4E8H","name":"1","order":1},{"id":"fl_01M414DCJD8Q9DQWV3K822ZM76","name":"2","order":2},{"id":"fl_01M414DCJDA1TVV2S9MZF01RRE","name":"3","order":3},{"id":"fl_01M414DCJDWRQ3Q2M4VMPQGF82","name":"4","order":4}],"id":"bd_01M414DCJDHG63XAS4DVYE35FD","level":"EDIT","name":"Building A"}]}
GET /v1/buildings/bd_01M414DCJDHG63XAS4DVYE35FD/rooms 
  -> 200 {"items":[{"buildingId":"bd_01M414DCJDHG63XAS4DVYE35FD","code":"A101","floor":1,"floorId":"fl_01M414DCJDZ46FG27AXMPC4E8H","floorName":"1","id":"un_01M414DCJD0THNDEP8AJ8FAJGB","status":"TO_CLEAN","unitType":{"code":"STANDARD","name":{"en":"Standard","vi":"Phòng thường"}}},{"buildingId":"bd_01M414DCJDHG63XAS4DVYE35FD","code":"A102","floor":1,"floorId":"fl_01M414DCJDZ46FG27AXMPC4E8H","floorName":"1","id":"un_01M414DCJDGMT12WJ6CSZQ6B94","status":"TO_CLEAN","unitType":{"code":"STANDARD","name":{"en":"Standard","vi":"Phòng thường"}}},{"buildingId":"bd_01M414DCJDHG63XAS4DVYE35FD","code":"A103","floor
POST /v1/rooms/un_01M414DCJDMMVA8CJHH7SMSQ4H/stays {"rentalType":"HOURLY","guestName":"Rehearsal Guest","guestPhone":"0912345678","deposit":10000}
  -> 201 {"checkInAt":"2026-10-03T15:00:57.250783Z","deposit":10000,"extras":[],"guestId":{"hasBackPhoto":false,"hasFrontPhoto":false,"hasIdNumber":false},"guestName":"Rehearsal Guest","guestPhone":"0912345678","id":"st_01M414GN921VFX0JT1B9PG6T1V","pricingVersion":3,"quote":{"asOf":"2026-10-03T15:00:57.250783Z","balanceDue":70000,"capped":false,"depositPaid":10000,"extrasAmount":0,"lines":[{"amount":80000,"code":"FIRST_HOUR","quantity":1,"unitAmount":80000}],"refundDue":0,"stayAmount":80000,"total":80000},"rentalType":"HOURLY","roomCode":"A139","roomId":"un_01M414DCJDMMVA8CJHH7SMSQ4H","status":"ACTIVE"
POST /v1/stays/st_01M414GN921VFX0JT1B9PG6T1V/checkout 
  -> 201 {"billCode":"PH1003A139","createdAt":"2026-10-03T15:00:57.256772Z","id":"iv_01M414GN98VMC41K9VKKN3KBKA","quote":{"asOf":"2026-10-03T15:00:57.256772Z","balanceDue":70000,"capped":false,"depositPaid":10000,"extrasAmount":0,"lines":[{"amount":80000,"code":"FIRST_HOUR","quantity":1,"unitAmount":80000}],"refundDue":0,"stayAmount":80000,"total":80000},"roomCode":"A139","status":"OPEN","stayId":"st_01M414GN921VFX0JT1B9PG6T1V"}
POST /v1/invoices/iv_01M414GN98VMC41K9VKKN3KBKA/payments {"method":"TRANSFER"}
  -> 201 {"amount":70000,"id":"pm_01M414GN9FRNK3C8QS93AZ4PSA","invoiceId":"iv_01M414GN98VMC41K9VKKN3KBKA","method":"TRANSFER","qr":{"accountName":"REHEARSAL TEST","accountNoMasked":"******8888","amount":70000,"payload":"00020101021238540010A00000072701240006970436011010175888880208QRIBFTTA53037045405700005802VN62140810PH1003A1396304600E","transferNote":"PH1003A139"},"remaining":70000,"status":"PENDING"}
WEBHOOK in 35000 "PH1003A139" id=1791039657267069 age=0s
  -> 200 {"success": true}
GET /v1/shifts/current 
  -> 200 {"buildingIds":["bd_01M414DCJDHG63XAS4DVYE35FD"],"cashIn":20000,"cashOut":0,"expectedCash":20000,"id":"sh_01M414GM9QWR6PYYPK050YTCG6","movements":[{"amount":10000,"at":"2026-10-03T15:00:56.247292Z","billCode":"PH1003A138","byOwner":false,"kind":"DEPOSIT","roomCode":"A138"},{"amount":10000,"at":"2026-10-03T15:00:57.251454Z","billCode":"PH1003A139","byOwner":false,"kind":"DEPOSIT","roomCode":"A139"}],"openedAt":"2026-10-03T15:00:56.247292Z","openingFloat":0,"status":"OPEN","transfersReceived":0,"unpaidInvoices":[{"balance":35000,"billCode":"PH1003A139","checkedOutAt":"2026-10-03T15:00:57.256772Z
POST /v1/invoices/iv_01M414GN98VMC41K9VKKN3KBKA/payments {"method":"CASH"}
  -> 201 {"amount":35000,"id":"pm_01M414GNA46NXAR1NWNJ6R80NV","invoiceId":"iv_01M414GN98VMC41K9VKKN3KBKA","method":"CASH","paidAt":"2026-10-03T15:00:57.284232Z","receivedAmount":35000,"remaining":0,"status":"PAID"}
GET /v1/shifts/current 
  -> 200 {"buildingIds":["bd_01M414DCJDHG63XAS4DVYE35FD"],"cashIn":55000,"cashOut":0,"expectedCash":55000,"id":"sh_01M414GM9QWR6PYYPK050YTCG6","movements":[{"amount":10000,"at":"2026-10-03T15:00:56.247292Z","billCode":"PH1003A138","byOwner":false,"kind":"DEPOSIT","roomCode":"A138"},{"amount":10000,"at":"2026-10-03T15:00:57.251454Z","billCode":"PH1003A139","byOwner":false,"kind":"DEPOSIT","roomCode":"A139"},{"amount":35000,"at":"2026-10-03T15:00:57.285169Z","billCode":"PH1003A139","byOwner":false,"kind":"PAYMENT","roomCode":"A139"}],"openedAt":"2026-10-03T15:00:56.247292Z","openingFloat":0,"status":"OPE
GET /v1/stays/st_01M414GN921VFX0JT1B9PG6T1V 
  -> 200 {"billCode":"PH1003A139","checkInAt":"2026-10-03T15:00:57.250783Z","checkOutAt":"2026-10-03T15:00:57.256772Z","deposit":10000,"extras":[],"guestId":{"hasBackPhoto":false,"hasFrontPhoto":false,"hasIdNumber":false},"guestName":"Rehearsal Guest","guestPhone":"0912345678","id":"st_01M414GN921VFX0JT1B9PG6T1V","invoice":{"billCode":"PH1003A139","createdAt":"2026-10-03T15:00:57.256772Z","id":"iv_01M414GN98VMC41K9VKKN3KBKA","quote":{"asOf":"2026-10-03T15:00:57.256772Z","balanceDue":70000,"capped":false,"depositPaid":10000,"extrasAmount":0,"lines":[{"amount":80000,"code":"FIRST_HOUR","quantity":1,"unit