POST /v1/auth/sign-in {"guesthouseCode":"rh7296d6","username":"r14","pin":"***"}
  -> 200 {"accessToken":"***","expiresAt":"2026-10-04T00:49:27.468952Z","mustChangePin":true,"tenantId":"tn_01M40WXZFDC3MW29M7SQ5HW9VK","user":{"id":"us_01M40WY2HNDYBPXFPH3ZGGAFTT","locale":"vi","name":"Rehearsal R14","role":"RECEPTIONIST"}}
PUT /v1/me/pin {"currentPin":"***","newPin":"***"}
  -> 204 ""
GET /v1/me 
  -> 200 {"buildingAccess":[{"buildingId":"bd_01M40WXZFDSX288SJN4EAN9F2E","level":"EDIT"}],"tenant":{"currency":"VND","id":"tn_01M40WXZFDC3MW29M7SQ5HW9VK","name":"Rehearsal Test rh7296d6","timezone":"Asia/Ho_Chi_Minh"},"user":{"id":"us_01M40WY2HNDYBPXFPH3ZGGAFTT","locale":"vi","name":"Rehearsal R14","role":"RECEPTIONIST"}}
GET /v1/owner/rate-plans 
  -> 200 {"items":[{"code":"STANDARD","name":{"en":"Standard","vi":"Phòng thường"},"ratePlan":{"daily":{"price":300000,"windowEnd":"12:00","windowStart":"14:00"},"graceMinutes":15,"hourly":{"extraHour":20000,"firstHour":80000},"overnight":{"price":200000,"windowEnd":"12:00","windowStart":"21:00"},"version":1},"updatedAt":"2026-10-03T12:48:25.06922Z"}]}
GET /v1/buildings 
  -> 200 {"items":[{"code":"A","counts":{"maintenance":0,"occupied":20,"overdue":0,"toClean":8,"vacant":172},"floors":[{"id":"fl_01M40WXZFD46BD6J3FBJ2NPM8A","name":"1","order":1},{"id":"fl_01M40WXZFDW689V2GMSAJ721K8","name":"2","order":2},{"id":"fl_01M40WXZFDXXG4WVDSZPE12YHB","name":"3","order":3},{"id":"fl_01M40WXZFDSF72A3ED1X9QZP1P","name":"4","order":4}],"id":"bd_01M40WXZFDSX288SJN4EAN9F2E","level":"EDIT","name":"Building A"}]}
GET /v1/buildings/bd_01M40WXZFDSX288SJN4EAN9F2E/rooms 
  -> 200 {"items":[{"buildingId":"bd_01M40WXZFDSX288SJN4EAN9F2E","code":"A101","floor":1,"floorId":"fl_01M40WXZFD46BD6J3FBJ2NPM8A","floorName":"1","id":"un_01M40WXZFDQ0NBEC89PW0MK9G1","status":"TO_CLEAN","unitType":{"code":"STANDARD","name":{"en":"Standard","vi":"Phòng thường"}}},{"buildingId":"bd_01M40WXZFDSX288SJN4EAN9F2E","code":"A102","floor":1,"floorId":"fl_01M40WXZFD46BD6J3FBJ2NPM8A","floorName":"1","id":"un_01M40WXZFDFR0ABNC0VSCVNYRE","status":"TO_CLEAN","unitType":{"code":"STANDARD","name":{"en":"Standard","vi":"Phòng thường"}}},{"buildingId":"bd_01M40WXZFDSX288SJN4EAN9F2E","code":"A103","floor
POST /v1/rooms/un_01M40WXZFDDKSK790RAWXHXSV0/stays {"rentalType":"HOURLY","guestName":"Rehearsal Guest","guestPhone":"0912345678","deposit":0}
  -> 201 {"checkInAt":"2026-10-03T12:49:28.03939Z","deposit":0,"extras":[],"guestId":{"hasBackPhoto":false,"hasFrontPhoto":false,"hasIdNumber":false},"guestName":"Rehearsal Guest","guestPhone":"0912345678","id":"st_01M40WZWZ7Q924ANT7HHJM0T7S","pricingVersion":1,"quote":{"asOf":"2026-10-03T12:49:28.03939Z","balanceDue":80000,"capped":false,"depositPaid":0,"extrasAmount":0,"lines":[{"amount":80000,"code":"FIRST_HOUR","quantity":1,"unitAmount":80000}],"refundDue":0,"stayAmount":80000,"total":80000},"rentalType":"HOURLY","roomCode":"A129","roomId":"un_01M40WXZFDDKSK790RAWXHXSV0","status":"ACTIVE"}
POST /v1/owner/rate-plans/preview {"rentalType":"HOURLY","checkIn":"2026-10-03T12:19:28.042Z","checkOut":"2026-10-03T12:49:28.042Z","ratePlan":{"daily":{"price":300000,"windowEnd":"12:00","windowStart":"14:00"},"graceMinutes":15,"hourly":{"extraHour":20000,"firstHour":90000},"overnight":{"price":200000,"windowEnd":"12:00","windowStart":"21:00"},"version":1}}
  -> 200 {"asOf":"2026-10-03T12:49:28.042Z","balanceDue":90000,"capped":false,"depositPaid":0,"extrasAmount":0,"lines":[{"amount":90000,"code":"FIRST_HOUR","quantity":1,"unitAmount":90000}],"refundDue":0,"stayAmount":90000,"total":90000}
PUT /v1/owner/unit-types/STANDARD/rate-plan {"daily":{"price":300000,"windowEnd":"12:00","windowStart":"14:00"},"graceMinutes":15,"hourly":{"extraHour":20000,"firstHour":90000},"overnight":{"price":200000,"windowEnd":"12:00","windowStart":"21:00"},"version":2}
  -> 200 {"code":"STANDARD","name":{"en":"Standard","vi":"Phòng thường"},"ratePlan":{"daily":{"price":300000,"windowEnd":"12:00","windowStart":"14:00"},"graceMinutes":15,"hourly":{"extraHour":20000,"firstHour":90000},"overnight":{"price":200000,"windowEnd":"12:00","windowStart":"21:00"},"version":2},"updatedAt":"2026-10-03T12:49:28.044516Z"}
GET /v1/buildings/bd_01M40WXZFDSX288SJN4EAN9F2E/rooms 
  -> 200 {"items":[{"buildingId":"bd_01M40WXZFDSX288SJN4EAN9F2E","code":"A101","floor":1,"floorId":"fl_01M40WXZFD46BD6J3FBJ2NPM8A","floorName":"1","id":"un_01M40WXZFDQ0NBEC89PW0MK9G1","status":"TO_CLEAN","unitType":{"code":"STANDARD","name":{"en":"Standard","vi":"Phòng thường"}}},{"buildingId":"bd_01M40WXZFDSX288SJN4EAN9F2E","code":"A102","floor":1,"floorId":"fl_01M40WXZFD46BD6J3FBJ2NPM8A","floorName":"1","id":"un_01M40WXZFDFR0ABNC0VSCVNYRE","status":"TO_CLEAN","unitType":{"code":"STANDARD","name":{"en":"Standard","vi":"Phòng thường"}}},{"buildingId":"bd_01M40WXZFDSX288SJN4EAN9F2E","code":"A103","floor
POST /v1/rooms/un_01M40WXZFD1XHB30DX38J372J4/stays {"rentalType":"HOURLY","guestName":"Rehearsal Guest","guestPhone":"0912345678","deposit":0}
  -> 201 {"checkInAt":"2026-10-03T12:49:28.054473Z","deposit":0,"extras":[],"guestId":{"hasBackPhoto":false,"hasFrontPhoto":false,"hasIdNumber":false},"guestName":"Rehearsal Guest","guestPhone":"0912345678","id":"st_01M40WZWZP5RRVVMJNRF76R348","pricingVersion":2,"quote":{"asOf":"2026-10-03T12:49:28.054473Z","balanceDue":90000,"capped":false,"depositPaid":0,"extrasAmount":0,"lines":[{"amount":90000,"code":"FIRST_HOUR","quantity":1,"unitAmount":90000}],"refundDue":0,"stayAmount":90000,"total":90000},"rentalType":"HOURLY","roomCode":"A130","roomId":"un_01M40WXZFD1XHB30DX38J372J4","status":"ACTIVE"}
GET /v1/stays/st_01M40WZWZP5RRVVMJNRF76R348 
  -> 200 {"checkInAt":"2026-10-03T12:49:28.054473Z","deposit":0,"extras":[],"guestId":{"hasBackPhoto":false,"hasFrontPhoto":false,"hasIdNumber":false},"guestName":"Rehearsal Guest","guestPhone":"0912345678","id":"st_01M40WZWZP5RRVVMJNRF76R348","pricingVersion":2,"quote":{"asOf":"2026-10-03T12:49:28.056301Z","balanceDue":90000,"capped":false,"depositPaid":0,"extrasAmount":0,"lines":[{"amount":90000,"code":"FIRST_HOUR","quantity":1,"unitAmount":90000}],"refundDue":0,"stayAmount":90000,"total":90000},"rentalType":"HOURLY","roomCode":"A130","roomId":"un_01M40WXZFD1XHB30DX38J372J4","status":"ACTIVE"}
GET /v1/stays/st_01M40WZWZ7Q924ANT7HHJM0T7S 
  -> 200 {"checkInAt":"2026-10-03T12:49:28.03939Z","deposit":0,"extras":[],"guestId":{"hasBackPhoto":false,"hasFrontPhoto":false,"hasIdNumber":false},"guestName":"Rehearsal Guest","guestPhone":"0912345678","id":"st_01M40WZWZ7Q924ANT7HHJM0T7S","pricingVersion":1,"quote":{"asOf":"2026-10-03T12:49:28.057603Z","balanceDue":80000,"capped":false,"depositPaid":0,"extrasAmount":0,"lines":[{"amount":80000,"code":"FIRST_HOUR","quantity":1,"unitAmount":80000}],"refundDue":0,"stayAmount":80000,"total":80000},"rentalType":"HOURLY","roomCode":"A129","roomId":"un_01M40WXZFDDKSK790RAWXHXSV0","status":"ACTIVE"}
PUT /v1/owner/unit-types/STANDARD/rate-plan {"daily":{"price":300000,"windowEnd":"12:00","windowStart":"14:00"},"graceMinutes":15,"hourly":{"extraHour":20000,"firstHour":80000},"overnight":{"price":200000,"windowEnd":"12:00","windowStart":"21:00"},"version":3}
  -> 200 {"code":"STANDARD","name":{"en":"Standard","vi":"Phòng thường"},"ratePlan":{"daily":{"price":300000,"windowEnd":"12:00","windowStart":"14:00"},"graceMinutes":15,"hourly":{"extraHour":20000,"firstHour":80000},"overnight":{"price":200000,"windowEnd":"12:00","windowStart":"21:00"},"version":3},"updatedAt":"2026-10-03T12:49:28.059047Z"}