POST /v1/owner/buildings {"code":"Z","name":"Building Z","floors":1,"roomsPerFloor":2,"unitTypeCode":"STANDARD"}
  -> 201 {"code":"Z","counts":{"maintenance":0,"occupied":0,"overdue":0,"toClean":0,"vacant":2},"floors":[{"id":"fl_01M40X9GY9E6T9HCCCEFJ03QCE","name":"1","order":1}],"id":"bd_01M40X9GY9097DRD8W33XPA986","level":"EDIT","name":"Building Z"}
GET /v1/buildings 
  -> 200 {"items":[{"code":"A","counts":{"maintenance":1,"occupied":49,"overdue":0,"toClean":22,"vacant":128},"floors":[{"id":"fl_01M40WXZFD46BD6J3FBJ2NPM8A","name":"1","order":1},{"id":"fl_01M40WXZFDW689V2GMSAJ721K8","name":"2","order":2},{"id":"fl_01M40WXZFDXXG4WVDSZPE12YHB","name":"3","order":3},{"id":"fl_01M40WXZFDSF72A3ED1X9QZP1P","name":"4","order":4}],"id":"bd_01M40WXZFDSX288SJN4EAN9F2E","level":"EDIT","name":"Building A"},{"code":"Y","counts":{"maintenance":0,"occupied":0,"overdue":0,"toClean":0,"vacant":6},"floors":[{"id":"fl_01M40WZX03GN280VCYC0CWF0HJ","name":"1","order":1},{"id":"fl_01M40WZX
GET /v1/buildings 
  -> 200 {"items":[{"code":"A","counts":{"maintenance":1,"occupied":49,"overdue":0,"toClean":22,"vacant":128},"floors":[{"id":"fl_01M40WXZFD46BD6J3FBJ2NPM8A","name":"1","order":1},{"id":"fl_01M40WXZFDW689V2GMSAJ721K8","name":"2","order":2},{"id":"fl_01M40WXZFDXXG4WVDSZPE12YHB","name":"3","order":3},{"id":"fl_01M40WXZFDSF72A3ED1X9QZP1P","name":"4","order":4}],"id":"bd_01M40WXZFDSX288SJN4EAN9F2E","level":"EDIT","name":"Building A"}]}
GET /v1/buildings/bd_01M40X9GY9097DRD8W33XPA986/rooms 
  -> 403 {"type":"about:blank","title":"Forbidden","status":403,"code":"BUILDING_FORBIDDEN"}
PUT /v1/owner/staff/us_01M40WXZWY9ZAPC4YAVD5DVV1N/building-permissions/bd_01M40X9GY9097DRD8W33XPA986 {"level":"VIEW"}
  -> 200 {"buildingId":"bd_01M40X9GY9097DRD8W33XPA986","level":"VIEW"}
GET /v1/buildings 
  -> 200 {"items":[{"code":"A","counts":{"maintenance":1,"occupied":49,"overdue":0,"toClean":22,"vacant":128},"floors":[{"id":"fl_01M40WXZFD46BD6J3FBJ2NPM8A","name":"1","order":1},{"id":"fl_01M40WXZFDW689V2GMSAJ721K8","name":"2","order":2},{"id":"fl_01M40WXZFDXXG4WVDSZPE12YHB","name":"3","order":3},{"id":"fl_01M40WXZFDSF72A3ED1X9QZP1P","name":"4","order":4}],"id":"bd_01M40WXZFDSX288SJN4EAN9F2E","level":"EDIT","name":"Building A"},{"code":"Z","counts":{"maintenance":0,"occupied":0,"overdue":0,"toClean":0,"vacant":2},"floors":[{"id":"fl_01M40X9GY9E6T9HCCCEFJ03QCE","name":"1","order":1}],"id":"bd_01M40X9G
GET /v1/buildings/bd_01M40X9GY9097DRD8W33XPA986/rooms 
  -> 200 {"items":[{"buildingId":"bd_01M40X9GY9097DRD8W33XPA986","code":"Z101","floor":1,"floorId":"fl_01M40X9GY9E6T9HCCCEFJ03QCE","floorName":"1","id":"un_01M40X9GYASBWRCQZGYMN7HF03","status":"VACANT","unitType":{"code":"STANDARD","name":{"en":"Standard","vi":"Phòng thường"}}},{"buildingId":"bd_01M40X9GY9097DRD8W33XPA986","code":"Z102","floor":1,"floorId":"fl_01M40X9GY9E6T9HCCCEFJ03QCE","floorName":"1","id":"un_01M40X9GYAB61NBD596YNPKB89","status":"VACANT","unitType":{"code":"STANDARD","name":{"en":"Standard","vi":"Phòng thường"}}}]}
GET /v1/buildings/bd_01M40X9GY9097DRD8W33XPA986/rooms 
  -> 200 {"items":[{"buildingId":"bd_01M40X9GY9097DRD8W33XPA986","code":"Z101","floor":1,"floorId":"fl_01M40X9GY9E6T9HCCCEFJ03QCE","floorName":"1","id":"un_01M40X9GYASBWRCQZGYMN7HF03","status":"VACANT","unitType":{"code":"STANDARD","name":{"en":"Standard","vi":"Phòng thường"}}},{"buildingId":"bd_01M40X9GY9097DRD8W33XPA986","code":"Z102","floor":1,"floorId":"fl_01M40X9GY9E6T9HCCCEFJ03QCE","floorName":"1","id":"un_01M40X9GYAB61NBD596YNPKB89","status":"VACANT","unitType":{"code":"STANDARD","name":{"en":"Standard","vi":"Phòng thường"}}}]}
POST /v1/rooms/un_01M40X9GYASBWRCQZGYMN7HF03/stays {"rentalType":"HOURLY","guestName":"X","guestPhone":"0912345678","deposit":0}
  -> 403 {"type":"about:blank","title":"Forbidden","status":403,"code":"BUILDING_FORBIDDEN"}
PUT /v1/owner/staff/us_01M40WXZWY9ZAPC4YAVD5DVV1N/building-permissions/bd_01M40X9GY9097DRD8W33XPA986 {"level":"NONE"}
  -> 200 {"buildingId":"bd_01M40X9GY9097DRD8W33XPA986","level":"NONE"}
GET /v1/buildings 
  -> 200 {"items":[{"code":"A","counts":{"maintenance":1,"occupied":49,"overdue":0,"toClean":22,"vacant":128},"floors":[{"id":"fl_01M40WXZFD46BD6J3FBJ2NPM8A","name":"1","order":1},{"id":"fl_01M40WXZFDW689V2GMSAJ721K8","name":"2","order":2},{"id":"fl_01M40WXZFDXXG4WVDSZPE12YHB","name":"3","order":3},{"id":"fl_01M40WXZFDSF72A3ED1X9QZP1P","name":"4","order":4}],"id":"bd_01M40WXZFDSX288SJN4EAN9F2E","level":"EDIT","name":"Building A"}]}