POST /v1/auth/sign-in {"guesthouseCode":"rh75ec72","username":"r12","pin":"***"}
  -> 200 {"accessToken":"***","expiresAt":"2026-10-03T20:54:17.372027Z","mustChangePin":true,"tenantId":"tn_01M40FGJ6YGT46D3V7HS4W6WMQ","user":{"id":"us_01M40FGN1QPD9E00K340PNXMVV","locale":"vi","name":"Rehearsal R12","role":"RECEPTIONIST"}}
PUT /v1/me/pin {"currentPin":"***","newPin":"***"}
  -> 204 ""
GET /v1/me 
  -> 200 {"buildingAccess":[{"buildingId":"bd_01M40FGJ6YRY460ZJW1SJ9NB0R","level":"EDIT"}],"tenant":{"currency":"VND","id":"tn_01M40FGJ6YGT46D3V7HS4W6WMQ","name":"Rehearsal Test rh75ec72","timezone":"Asia/Ho_Chi_Minh"},"user":{"id":"us_01M40FGN1QPD9E00K340PNXMVV","locale":"vi","name":"Rehearsal R12","role":"RECEPTIONIST"}}
GET /v1/buildings 
  -> 200 {"items":[{"code":"A","counts":{"maintenance":1,"occupied":16,"overdue":0,"toClean":18,"vacant":85},"floors":[{"id":"fl_01M40FGJ6YYRACXM91XC5A25TD","name":"1","order":1},{"id":"fl_01M40FGJ6YNWJHAAAXN0J0AQRS","name":"2","order":2},{"id":"fl_01M40FGJ6YQRGPZY0V2D0PWRBZ","name":"3","order":3}],"id":"bd_01M40FGJ6YRY460ZJW1SJ9NB0R","level":"EDIT","name":"Building A"}]}
GET /v1/buildings/bd_01M40FGJ6YRY460ZJW1SJ9NB0R/rooms 
  -> 200 {"items":[{"buildingId":"bd_01M40FGJ6YRY460ZJW1SJ9NB0R","code":"A101","floor":1,"floorId":"fl_01M40FGJ6YYRACXM91XC5A25TD","floorName":"1","id":"un_01M40FGJ6YG513KPAMSHSQEKNT","status":"TO_CLEAN","unitType":{"code":"STANDARD","name":{"en":"Standard","vi":"Phòng thường"}}},{"buildingId":"bd_01M40FGJ6YRY460ZJW1SJ9NB0R","code":"A102","floor":1,"floorId":"fl_01M40FGJ6YYRACXM91XC5A25TD","floorName":"1","id":"un_01M40FGJ6YACXXG9E471BH7BJS","status":"TO_CLEAN","unitType":{"code":"STANDARD","name":{"en":"Standard","vi":"Phòng thường"}}},{"buildingId":"bd_01M40FGJ6YRY460ZJW1SJ9NB0R","code":"A103","floor
POST /v1/rooms/un_01M40FGJ6YVWCGVT6AJR94EB00/stays {"rentalType":"HOURLY","guestName":"Rehearsal Guest","guestPhone":"0912345678","deposit":50000}
  -> 201 {"checkInAt":"2026-10-03T08:54:17.957143Z","deposit":50000,"extras":[],"guestId":{"hasBackPhoto":false,"hasFrontPhoto":false,"hasIdNumber":false},"guestName":"Rehearsal Guest","guestPhone":"0912345678","id":"st_01M40FH9K5AAJQP3PHFPG9MF05","pricingVersion":1,"quote":{"asOf":"2026-10-03T08:54:17.957143Z","balanceDue":30000,"capped":false,"depositPaid":50000,"extrasAmount":0,"lines":[{"amount":80000,"code":"FIRST_HOUR","quantity":1,"unitAmount":80000}],"refundDue":0,"stayAmount":80000,"total":80000},"rentalType":"HOURLY","roomCode":"A136","roomId":"un_01M40FGJ6YVWCGVT6AJR94EB00","status":"ACTIVE"
GET /v1/shifts/current 
  -> 200 {"buildingIds":["bd_01M40FGJ6YRY460ZJW1SJ9NB0R"],"cashIn":50000,"cashOut":0,"expectedCash":50000,"id":"sh_01M40FH9K6EMC5ME6D0XA13AV9","movements":[{"amount":50000,"at":"2026-10-03T08:54:17.957582Z","byOwner":false,"kind":"DEPOSIT","roomCode":"A136"}],"openedAt":"2026-10-03T08:54:17.957582Z","openingFloat":0,"status":"OPEN","transfersReceived":0,"unpaidInvoices":[],"userId":"us_01M40FGN1QPD9E00K340PNXMVV","userName":"Rehearsal R12"}
POST /v1/shifts/current/close {"counts":[{"denomination":50000,"quantity":1}],"floatLeft":0}
  -> 200 {"cashPayments":[{"amount":50000,"at":"2026-10-03T08:54:17.957582Z","rentalType":"HOURLY","roomCode":"A136"}],"countedCash":50000,"difference":0,"shift":{"buildingIds":["bd_01M40FGJ6YRY460ZJW1SJ9NB0R"],"cashIn":50000,"cashOut":0,"closedAt":"2026-10-03T08:54:17.963508Z","expectedCash":50000,"id":"sh_01M40FH9K6EMC5ME6D0XA13AV9","movements":[{"amount":50000,"at":"2026-10-03T08:54:17.957582Z","byOwner":false,"kind":"DEPOSIT","roomCode":"A136"}],"openedAt":"2026-10-03T08:54:17.957582Z","openingFloat":0,"status":"CLOSED","transfersReceived":0,"unpaidInvoices":[],"userId":"us_01M40FGN1QPD9E00K340PNXM
GET /v1/shifts/current 
  -> 404 {"type":"about:blank","title":"Not Found","status":404,"code":"NOT_FOUND"}
POST /v1/shifts/current/payouts {"amount":10000,"description":"late"}
  -> 422 {"type":"about:blank","title":"Unprocessable Entity","status":422,"code":"VALIDATION_FAILED","errors":[{"code":"MAX","field":"amount"}]}
POST /v1/shifts/current/close {"counts":[{"denomination":50000,"quantity":1}],"floatLeft":0}
  -> 404 {"type":"about:blank","title":"Not Found","status":404,"code":"NOT_FOUND"}
GET /v1/buildings/bd_01M40FGJ6YRY460ZJW1SJ9NB0R/rooms 
  -> 200 {"items":[{"buildingId":"bd_01M40FGJ6YRY460ZJW1SJ9NB0R","code":"A101","floor":1,"floorId":"fl_01M40FGJ6YYRACXM91XC5A25TD","floorName":"1","id":"un_01M40FGJ6YG513KPAMSHSQEKNT","status":"TO_CLEAN","unitType":{"code":"STANDARD","name":{"en":"Standard","vi":"Phòng thường"}}},{"buildingId":"bd_01M40FGJ6YRY460ZJW1SJ9NB0R","code":"A102","floor":1,"floorId":"fl_01M40FGJ6YYRACXM91XC5A25TD","floorName":"1","id":"un_01M40FGJ6YACXXG9E471BH7BJS","status":"TO_CLEAN","unitType":{"code":"STANDARD","name":{"en":"Standard","vi":"Phòng thường"}}},{"buildingId":"bd_01M40FGJ6YRY460ZJW1SJ9NB0R","code":"A103","floor
POST /v1/rooms/un_01M40FGJ6YZ4BBHTFXF8RPBCST/stays {"rentalType":"HOURLY","guestName":"Rehearsal Guest","guestPhone":"0912345678","deposit":10000}
  -> 201 {"checkInAt":"2026-10-03T08:54:17.979848Z","deposit":10000,"extras":[],"guestId":{"hasBackPhoto":false,"hasFrontPhoto":false,"hasIdNumber":false},"guestName":"Rehearsal Guest","guestPhone":"0912345678","id":"st_01M40FH9KVBV13K9KS4F5KJX5K","pricingVersion":1,"quote":{"asOf":"2026-10-03T08:54:17.979848Z","balanceDue":70000,"capped":false,"depositPaid":10000,"extrasAmount":0,"lines":[{"amount":80000,"code":"FIRST_HOUR","quantity":1,"unitAmount":80000}],"refundDue":0,"stayAmount":80000,"total":80000},"rentalType":"HOURLY","roomCode":"A137","roomId":"un_01M40FGJ6YZ4BBHTFXF8RPBCST","status":"ACTIVE"
GET /v1/shifts/current 
  -> 200 {"buildingIds":["bd_01M40FGJ6YRY460ZJW1SJ9NB0R"],"cashIn":10000,"cashOut":0,"expectedCash":10000,"id":"sh_01M40FH9KWKA392P0EVKZC2PD0","movements":[{"amount":10000,"at":"2026-10-03T08:54:17.980113Z","byOwner":false,"kind":"DEPOSIT","roomCode":"A137"}],"openedAt":"2026-10-03T08:54:17.980113Z","openingFloat":0,"status":"OPEN","transfersReceived":0,"unpaidInvoices":[],"userId":"us_01M40FGN1QPD9E00K340PNXMVV","userName":"Rehearsal R12"}