GET /v1/buildings 
<<<<<<< HEAD
  -> 200 {"items":[{"code":"A","counts":{"maintenance":0,"occupied":31,"overdue":0,"toClean":11,"vacant":158},"floors":[{"id":"fl_01M41331K1QT3R4SGFWQN8PAG5","name":"1","order":1},{"id":"fl_01M41331K170YEX76HVGNGD8XJ","name":"2","order":2},{"id":"fl_01M41331K1VSV1YS3WM1J042D0","name":"3","order":3},{"id":"fl_01M41331K18FQEZA37V8EQXREQ","name":"4","order":4}],"id":"bd_01M41331K1NQJXD69A9ZKAZFBH","level":"EDIT","name":"Building A"}]}
GET /v1/buildings/bd_01M41331K1NQJXD69A9ZKAZFBH/rooms 
  -> 200 {"items":[{"buildingId":"bd_01M41331K1NQJXD69A9ZKAZFBH","code":"A101","floor":1,"floorId":"fl_01M41331K1QT3R4SGFWQN8PAG5","floorName":"1","id":"un_01M41331K1HJVYW3E5YCKP0BJ2","status":"TO_CLEAN","unitType":{"code":"STANDARD","name":{"en":"Standard","vi":"Phòng thường"}}},{"buildingId":"bd_01M41331K1NQJXD69A9ZKAZFBH","code":"A102","floor":1,"floorId":"fl_01M41331K1QT3R4SGFWQN8PAG5","floorName":"1","id":"un_01M41331K17RZ0DN56RCQ09M3V","status":"TO_CLEAN","unitType":{"code":"STANDARD","name":{"en":"Standard","vi":"Phòng thường"}}},{"buildingId":"bd_01M41331K1NQJXD69A9ZKAZFBH","code":"A103","floor
POST /v1/rooms/un_01M41331K19KJ1DWNPJ99MA67F/stays {"rentalType":"HOURLY","guestName":"Rehearsal Guest","guestPhone":"0912345678","deposit":10000}
  -> 201 {"checkInAt":"2026-10-03T14:37:08.572973Z","deposit":10000,"extras":[],"guestId":{"hasBackPhoto":false,"hasFrontPhoto":false,"hasIdNumber":false},"guestName":"Rehearsal Guest","guestPhone":"0912345678","id":"st_01M413522WMYCYQFS5QHKK1AE1","pricingVersion":3,"quote":{"asOf":"2026-10-03T14:37:08.572973Z","balanceDue":70000,"capped":false,"depositPaid":10000,"extrasAmount":0,"lines":[{"amount":80000,"code":"FIRST_HOUR","quantity":1,"unitAmount":80000}],"refundDue":0,"stayAmount":80000,"total":80000},"rentalType":"HOURLY","roomCode":"A143","roomId":"un_01M41331K19KJ1DWNPJ99MA67F","status":"ACTIVE"
POST /v1/stays/st_01M413522WMYCYQFS5QHKK1AE1/checkout 
  -> 201 {"billCode":"PH1003A143","createdAt":"2026-10-03T14:37:08.575562Z","id":"iv_01M413522ZNXWNDJW9AJ6QGSAA","quote":{"asOf":"2026-10-03T14:37:08.575562Z","balanceDue":70000,"capped":false,"depositPaid":10000,"extrasAmount":0,"lines":[{"amount":80000,"code":"FIRST_HOUR","quantity":1,"unitAmount":80000}],"refundDue":0,"stayAmount":80000,"total":80000},"roomCode":"A143","status":"OPEN","stayId":"st_01M413522WMYCYQFS5QHKK1AE1"}
POST /v1/invoices/iv_01M413522ZNXWNDJW9AJ6QGSAA/payments {"method":"TRANSFER"}
  -> 201 {"amount":70000,"id":"pm_01M41352319JJ03QJQS2RKDM53","invoiceId":"iv_01M413522ZNXWNDJW9AJ6QGSAA","method":"TRANSFER","qr":{"accountName":"REHEARSAL TEST","accountNoMasked":"******8888","amount":70000,"payload":"00020101021238540010A00000072701240006970436011010175888880208QRIBFTTA53037045405700005802VN62140810PH1003A1436304EEE1","transferNote":"PH1003A143"},"remaining":70000,"status":"PENDING"}
WEBHOOK in 35000 "PH1003A143" id=1791038228579434 age=0s
  -> 200 {"success": true}
POST /v1/invoices/iv_01M413522ZNXWNDJW9AJ6QGSAA/payments {"method":"TRANSFER"}
  -> 201 {"amount":70000,"id":"pm_01M41352319JJ03QJQS2RKDM53","invoiceId":"iv_01M413522ZNXWNDJW9AJ6QGSAA","method":"TRANSFER","qr":{"accountName":"REHEARSAL TEST","accountNoMasked":"******8888","amount":35000,"payload":"00020101021238540010A00000072701240006970436011010175888880208QRIBFTTA53037045405350005802VN62140810PH1003A1436304D5AC","transferNote":"PH1003A143"},"receivedAmount":35000,"remaining":35000,"status":"PENDING"}
WEBHOOK in 35000 "PH1003A143" id=1791038228583514 age=0s
  -> 200 {"success": true}
GET /v1/payments/pm_01M41352319JJ03QJQS2RKDM53 
  -> 200 {"amount":70000,"id":"pm_01M41352319JJ03QJQS2RKDM53","invoiceId":"iv_01M413522ZNXWNDJW9AJ6QGSAA","method":"TRANSFER","paidAt":"2026-10-03T14:37:08.58298Z","receivedAmount":70000,"remaining":0,"status":"PAID","transactionId":"1791038228583514"}
GET /v1/stays/st_01M413522WMYCYQFS5QHKK1AE1 
  -> 200 {"billCode":"PH1003A143","checkInAt":"2026-10-03T14:37:08.572973Z","checkOutAt":"2026-10-03T14:37:08.575562Z","deposit":10000,"extras":[],"guestId":{"hasBackPhoto":false,"hasFrontPhoto":false,"hasIdNumber":false},"guestName":"Rehearsal Guest","guestPhone":"0912345678","id":"st_01M413522WMYCYQFS5QHKK1AE1","invoice":{"billCode":"PH1003A143","createdAt":"2026-10-03T14:37:08.575562Z","id":"iv_01M413522ZNXWNDJW9AJ6QGSAA","quote":{"asOf":"2026-10-03T14:37:08.575562Z","balanceDue":70000,"capped":false,"depositPaid":10000,"extrasAmount":0,"lines":[{"amount":80000,"code":"FIRST_HOUR","quantity":1,"unit
GET /v1/invoices/iv_01M413522ZNXWNDJW9AJ6QGSAA/receipt 
  -> 200 {"billCode":"PH1003A143","checkInAt":"2026-10-03T14:37:08.572973Z","checkOutAt":"2026-10-03T14:37:08.575562Z","deposit":10000,"extras":[],"lines":[{"amount":80000,"code":"FIRST_HOUR","quantity":1,"unitAmount":80000}],"payments":[{"amount":35000,"at":"2026-10-03T14:37:08.578739Z","method":"TRANSFER","paymentId":"pe_01M41352334W1ACNG1ZWYG8227","roomCode":"A143"},{"amount":35000,"at":"2026-10-03T14:37:08.582367Z","method":"TRANSFER","paymentId":"pe_01M4135236PBRG1P3863XCQHDH","roomCode":"A143"}],"propertyName":"Rehearsal Test rh840297","roomCode":"A143","total":80000}
GET /v1/owner/transactions?filter=NEEDS_ACTION 
  -> 200 {"items":[{"amount":35000,"at":"2026-10-03T14:37:08.553073Z","billCode":"PH1003A142","id":"pe_01M41352299X9Z2PF4EHSXKKX2","kind":"PAYMENT","method":"TRANSFER","paymentEventId":"pe_01M41352299X9Z2PF4EHSXKKX2","receivedAt":"2026-10-03T14:37:08.553073Z","reconciliation":"MISMATCH","roomCode":"A142","transferNote":"PH1003A142 chuyen tien"},{"amount":70000,"at":"2026-10-03T14:37:08.525638Z","id":"pe_01M413521DN66F66211D1ANXRD","kind":"PAYMENT","method":"TRANSFER","paymentEventId":"pe_01M413521DN66F66211D1ANXRD","receivedAt":"2026-10-03T14:37:08.525638Z","reconciliation":"UNMATCHED","transferNote":"
=======
  -> 200 {"items":[{"code":"A","counts":{"maintenance":0,"occupied":41,"overdue":0,"toClean":17,"vacant":142},"floors":[{"id":"fl_01M414DCJDZ46FG27AXMPC4E8H","name":"1","order":1},{"id":"fl_01M414DCJD8Q9DQWV3K822ZM76","name":"2","order":2},{"id":"fl_01M414DCJDA1TVV2S9MZF01RRE","name":"3","order":3},{"id":"fl_01M414DCJDWRQ3Q2M4VMPQGF82","name":"4","order":4}],"id":"bd_01M414DCJDHG63XAS4DVYE35FD","level":"EDIT","name":"Building A"}]}
GET /v1/buildings/bd_01M414DCJDHG63XAS4DVYE35FD/rooms 
  -> 200 {"items":[{"buildingId":"bd_01M414DCJDHG63XAS4DVYE35FD","code":"A101","floor":1,"floorId":"fl_01M414DCJDZ46FG27AXMPC4E8H","floorName":"1","id":"un_01M414DCJD0THNDEP8AJ8FAJGB","status":"TO_CLEAN","unitType":{"code":"STANDARD","name":{"en":"Standard","vi":"Phòng thường"}}},{"buildingId":"bd_01M414DCJDHG63XAS4DVYE35FD","code":"A102","floor":1,"floorId":"fl_01M414DCJDZ46FG27AXMPC4E8H","floorName":"1","id":"un_01M414DCJDGMT12WJ6CSZQ6B94","status":"TO_CLEAN","unitType":{"code":"STANDARD","name":{"en":"Standard","vi":"Phòng thường"}}},{"buildingId":"bd_01M414DCJDHG63XAS4DVYE35FD","code":"A103","floor
POST /v1/rooms/un_01M414DCJDF3HAP4842C6H0PXT/stays {"rentalType":"HOURLY","guestName":"Rehearsal Guest","guestPhone":"0912345678","deposit":10000}
  -> 201 {"checkInAt":"2026-10-03T15:01:12.37357Z","deposit":10000,"extras":[],"guestId":{"hasBackPhoto":false,"hasFrontPhoto":false,"hasIdNumber":false},"guestName":"Rehearsal Guest","guestPhone":"0912345678","id":"st_01M414H41NZBYJ5ZH50C06295J","pricingVersion":3,"quote":{"asOf":"2026-10-03T15:01:12.37357Z","balanceDue":70000,"capped":false,"depositPaid":10000,"extrasAmount":0,"lines":[{"amount":80000,"code":"FIRST_HOUR","quantity":1,"unitAmount":80000}],"refundDue":0,"stayAmount":80000,"total":80000},"rentalType":"HOURLY","roomCode":"A209","roomId":"un_01M414DCJDF3HAP4842C6H0PXT","status":"ACTIVE"}
POST /v1/stays/st_01M414H41NZBYJ5ZH50C06295J/checkout 
  -> 201 {"billCode":"PH1003A209","createdAt":"2026-10-03T15:01:12.376343Z","id":"iv_01M414H41RJ8JV5CBQNQSW87VN","quote":{"asOf":"2026-10-03T15:01:12.376343Z","balanceDue":70000,"capped":false,"depositPaid":10000,"extrasAmount":0,"lines":[{"amount":80000,"code":"FIRST_HOUR","quantity":1,"unitAmount":80000}],"refundDue":0,"stayAmount":80000,"total":80000},"roomCode":"A209","status":"OPEN","stayId":"st_01M414H41NZBYJ5ZH50C06295J"}
POST /v1/invoices/iv_01M414H41RJ8JV5CBQNQSW87VN/payments {"method":"TRANSFER"}
  -> 201 {"amount":70000,"id":"pm_01M414H41VMSS73Z9RK98JNJ5Q","invoiceId":"iv_01M414H41RJ8JV5CBQNQSW87VN","method":"TRANSFER","qr":{"accountName":"REHEARSAL TEST","accountNoMasked":"******8888","amount":70000,"payload":"00020101021238540010A00000072701240006970436011010175888880208QRIBFTTA53037045405700005802VN62140810PH1003A2096304766C","transferNote":"PH1003A209"},"remaining":70000,"status":"PENDING"}
WEBHOOK in 35000 "PH1003A209" id=1791039672381219 age=0s
  -> 200 {"success": true}
POST /v1/invoices/iv_01M414H41RJ8JV5CBQNQSW87VN/payments {"method":"TRANSFER"}
  -> 201 {"amount":70000,"id":"pm_01M414H41VMSS73Z9RK98JNJ5Q","invoiceId":"iv_01M414H41RJ8JV5CBQNQSW87VN","method":"TRANSFER","qr":{"accountName":"REHEARSAL TEST","accountNoMasked":"******8888","amount":35000,"payload":"00020101021238540010A00000072701240006970436011010175888880208QRIBFTTA53037045405350005802VN62140810PH1003A20963044D21","transferNote":"PH1003A209"},"receivedAmount":35000,"remaining":35000,"status":"PENDING"}
WEBHOOK in 35000 "PH1003A209" id=1791039672386012 age=0s
  -> 200 {"success": true}
GET /v1/payments/pm_01M414H41VMSS73Z9RK98JNJ5Q 
  -> 200 {"amount":70000,"id":"pm_01M414H41VMSS73Z9RK98JNJ5Q","invoiceId":"iv_01M414H41RJ8JV5CBQNQSW87VN","method":"TRANSFER","paidAt":"2026-10-03T15:01:12.388893Z","receivedAmount":70000,"remaining":0,"status":"PAID","transactionId":"1791039672386012"}
GET /v1/stays/st_01M414H41NZBYJ5ZH50C06295J 
  -> 200 {"billCode":"PH1003A209","checkInAt":"2026-10-03T15:01:12.37357Z","checkOutAt":"2026-10-03T15:01:12.376343Z","deposit":10000,"extras":[],"guestId":{"hasBackPhoto":false,"hasFrontPhoto":false,"hasIdNumber":false},"guestName":"Rehearsal Guest","guestPhone":"0912345678","id":"st_01M414H41NZBYJ5ZH50C06295J","invoice":{"billCode":"PH1003A209","createdAt":"2026-10-03T15:01:12.376343Z","id":"iv_01M414H41RJ8JV5CBQNQSW87VN","quote":{"asOf":"2026-10-03T15:01:12.376343Z","balanceDue":70000,"capped":false,"depositPaid":10000,"extrasAmount":0,"lines":[{"amount":80000,"code":"FIRST_HOUR","quantity":1,"unitA
GET /v1/invoices/iv_01M414H41RJ8JV5CBQNQSW87VN/receipt 
  -> 200 {"billCode":"PH1003A209","checkInAt":"2026-10-03T15:01:12.37357Z","checkOutAt":"2026-10-03T15:01:12.376343Z","deposit":10000,"extras":[],"lines":[{"amount":80000,"code":"FIRST_HOUR","quantity":1,"unitAmount":80000}],"payments":[{"amount":35000,"at":"2026-10-03T15:01:12.38106Z","method":"TRANSFER","paymentId":"pe_01M414H41X51ET8T46P7TC44AX","roomCode":"A209"},{"amount":35000,"at":"2026-10-03T15:01:12.387389Z","method":"TRANSFER","paymentId":"pe_01M414H423YNA66VB4QX7JVAKN","roomCode":"A209"}],"propertyName":"Rehearsal Test rh4f632b","roomCode":"A209","total":80000}
GET /v1/owner/transactions?filter=NEEDS_ACTION 
  -> 200 {"items":[{"amount":35000,"at":"2026-10-03T15:01:12.332944Z","billCode":"PH1003A208","id":"pe_01M414H40DB4NKATDVD7M7C5V5","kind":"PAYMENT","method":"TRANSFER","paymentEventId":"pe_01M414H40DB4NKATDVD7M7C5V5","receivedAt":"2026-10-03T15:01:12.332944Z","reconciliation":"MISMATCH","roomCode":"A208","transferNote":"PH1003A208 chuyen tien"},{"amount":70000,"at":"2026-10-03T15:01:12.28459Z","id":"pe_01M414H3YWW6HHERWZWR50EE9G","kind":"PAYMENT","method":"TRANSFER","paymentEventId":"pe_01M414H3YWW6HHERWZWR50EE9G","receivedAt":"2026-10-03T15:01:12.28459Z","reconciliation":"UNMATCHED","transferNote":"fr
>>>>>>> 952da7a (test(rehearsal): coverage report, bill-line stays for ui-lint, gap specs, sync preview on a copy, unapproved visual baselines)
