POST /v1/auth/sign-in {"guesthouseCode":"rh840297","username":"r6","pin":"***"}
  -> 200 {"accessToken":"***","expiresAt":"2026-10-04T02:37:16.121005Z","mustChangePin":true,"tenantId":"tn_01M41331K01RB67HH96BE2W4GB","user":{"id":"us_01M41333H4NRRFWS0ME2XHVRMR","locale":"vi","name":"Rehearsal R6","role":"RECEPTIONIST"}}
PUT /v1/me/pin {"currentPin":"***","newPin":"***"}
  -> 204 ""
GET /v1/me 
  -> 200 {"buildingAccess":[{"buildingId":"bd_01M41331K1NQJXD69A9ZKAZFBH","level":"EDIT"},{"buildingId":"bd_01M41350FJF710ZZT3G022KJ0X","level":"NONE"}],"tenant":{"currency":"VND","id":"tn_01M41331K01RB67HH96BE2W4GB","name":"Rehearsal Test rh840297","timezone":"Asia/Ho_Chi_Minh"},"user":{"id":"us_01M41333H4NRRFWS0ME2XHVRMR","locale":"vi","name":"Rehearsal R6","role":"RECEPTIONIST"}}
GET /v1/buildings 
  -> 200 {"items":[{"code":"A","counts":{"maintenance":1,"occupied":39,"overdue":0,"toClean":21,"vacant":139},"floors":[{"id":"fl_01M41331K1QT3R4SGFWQN8PAG5","name":"1","order":1},{"id":"fl_01M41331K170YEX76HVGNGD8XJ","name":"2","order":2},{"id":"fl_01M41331K1VSV1YS3WM1J042D0","name":"3","order":3},{"id":"fl_01M41331K18FQEZA37V8EQXREQ","name":"4","order":4}],"id":"bd_01M41331K1NQJXD69A9ZKAZFBH","level":"EDIT","name":"Building A"}]}
GET /v1/buildings/bd_01M41331K1NQJXD69A9ZKAZFBH/rooms 
  -> 200 {"items":[{"buildingId":"bd_01M41331K1NQJXD69A9ZKAZFBH","code":"A101","floor":1,"floorId":"fl_01M41331K1QT3R4SGFWQN8PAG5","floorName":"1","id":"un_01M41331K1HJVYW3E5YCKP0BJ2","status":"TO_CLEAN","unitType":{"code":"STANDARD","name":{"en":"Standard","vi":"Phòng thường"}}},{"buildingId":"bd_01M41331K1NQJXD69A9ZKAZFBH","code":"A102","floor":1,"floorId":"fl_01M41331K1QT3R4SGFWQN8PAG5","floorName":"1","id":"un_01M41331K17RZ0DN56RCQ09M3V","status":"TO_CLEAN","unitType":{"code":"STANDARD","name":{"en":"Standard","vi":"Phòng thường"}}},{"buildingId":"bd_01M41331K1NQJXD69A9ZKAZFBH","code":"A103","floor
POST /v1/rooms/un_01M41331K183D743HTTTN5XPWG/stays {"rentalType":"HOURLY","guestName":"Rehearsal Guest","guestPhone":"0912345678","deposit":50000}
  -> 201 {"checkInAt":"2026-10-03T14:37:16.716729Z","deposit":50000,"extras":[],"guestId":{"hasBackPhoto":false,"hasFrontPhoto":false,"hasIdNumber":false},"guestName":"Rehearsal Guest","guestPhone":"0912345678","id":"st_01M4135A1CGYC1V3T85XSVA572","pricingVersion":3,"quote":{"asOf":"2026-10-03T14:37:16.716729Z","balanceDue":30000,"capped":false,"depositPaid":50000,"extrasAmount":0,"lines":[{"amount":80000,"code":"FIRST_HOUR","quantity":1,"unitAmount":80000}],"refundDue":0,"stayAmount":80000,"total":80000},"rentalType":"HOURLY","roomCode":"A212","roomId":"un_01M41331K183D743HTTTN5XPWG","status":"ACTIVE"
GET /v1/shifts/current 
  -> 200 {"buildingIds":["bd_01M41331K1NQJXD69A9ZKAZFBH"],"cashIn":50000,"cashOut":0,"expectedCash":70000,"id":"sh_01M4135A1DT5FHZNN2XMCGMH4G","movements":[{"amount":20000,"at":"2026-10-03T14:37:16.717049Z","byOwner":false,"kind":"OPENING_FLOAT"},{"amount":50000,"at":"2026-10-03T14:37:16.717049Z","byOwner":false,"kind":"DEPOSIT","roomCode":"A212"}],"openedAt":"2026-10-03T14:37:16.717049Z","openingFloat":20000,"status":"OPEN","transfersReceived":0,"unpaidInvoices":[],"userId":"us_01M41333H4NRRFWS0ME2XHVRMR","userName":"Rehearsal R6"}
POST /v1/shifts/current/close {"counts":[{"denomination":50000,"quantity":1},{"denomination":20000,"quantity":1}],"floatLeft":0}
  -> 200 {"cashPayments":[{"amount":50000,"at":"2026-10-03T14:37:16.717049Z","rentalType":"HOURLY","roomCode":"A212"}],"countedCash":70000,"difference":0,"shift":{"buildingIds":["bd_01M41331K1NQJXD69A9ZKAZFBH"],"cashIn":50000,"cashOut":0,"closedAt":"2026-10-03T14:37:16.726739Z","expectedCash":70000,"id":"sh_01M4135A1DT5FHZNN2XMCGMH4G","movements":[{"amount":20000,"at":"2026-10-03T14:37:16.717049Z","byOwner":false,"kind":"OPENING_FLOAT"},{"amount":50000,"at":"2026-10-03T14:37:16.717049Z","byOwner":false,"kind":"DEPOSIT","roomCode":"A212"}],"openedAt":"2026-10-03T14:37:16.717049Z","openingFloat":20000,"s
GET /v1/shifts/current 
  -> 404 {"type":"about:blank","title":"Not Found","status":404,"code":"NOT_FOUND"}
GET /v1/owner/shifts/sh_01M4135A1DT5FHZNN2XMCGMH4G 
  -> 200 {"cashPayments":[{"amount":50000,"at":"2026-10-03T14:37:16.717049Z","rentalType":"HOURLY","roomCode":"A212"}],"countedCash":70000,"difference":0,"shift":{"buildingIds":["bd_01M41331K1NQJXD69A9ZKAZFBH","bd_01M41350FJF710ZZT3G022KJ0X"],"cashIn":50000,"cashOut":0,"closedAt":"2026-10-03T14:37:16.726739Z","expectedCash":70000,"id":"sh_01M4135A1DT5FHZNN2XMCGMH4G","movements":[{"amount":20000,"at":"2026-10-03T14:37:16.717049Z","byOwner":false,"kind":"OPENING_FLOAT"},{"amount":50000,"at":"2026-10-03T14:37:16.717049Z","byOwner":false,"kind":"DEPOSIT","roomCode":"A212"}],"openedAt":"2026-10-03T14:37:16.