POST /v1/owner/expenses {"category":"SUPPLIES","amount":150000,"month":"2026-10","note":"Rehearsal soap"}
<<<<<<< HEAD
  -> 201 {"amount":150000,"category":"SUPPLIES","id":"ex_01M41350R7BDK9XQ2P28Y1FPBD","month":"2026-10","note":"Rehearsal soap","recurring":false,"source":"MANUAL"}
POST /v1/owner/expenses {"category":"INTERNET_TV","amount":300000,"month":"2026-10","recurring":true,"note":"Rehearsal internet"}
  -> 201 {"amount":300000,"category":"INTERNET_TV","id":"ex_01M41350R9D8CVX1TR1HP01P86","month":"2026-10","note":"Rehearsal internet","recurring":true,"source":"RECURRING"}
GET /v1/owner/expenses?month=2026-10 
  -> 200 {"categories":[{"amount":10000,"category":"COST_OF_GOODS","source":"STOCK"},{"amount":300000,"category":"INTERNET_TV","source":"RECURRING"},{"amount":150000,"category":"SUPPLIES","source":"MANUAL"}],"items":[{"amount":10000,"category":"COST_OF_GOODS","id":"ex_01M41350GQ4Q087M761RNVC5A2","month":"2026-10","note":"CANDY","paidOn":"2026-10-03","recurring":false,"source":"STOCK"},{"amount":300000,"category":"INTERNET_TV","id":"ex_01M41350R9D8CVX1TR1HP01P86","month":"2026-10","note":"Rehearsal internet","recurring":true,"source":"RECURRING"},{"amount":150000,"category":"SUPPLIES","id":"ex_01M41350R
GET /v1/owner/expenses?month=2026-10 
  -> 200 {"categories":[{"amount":10000,"category":"COST_OF_GOODS","source":"STOCK"},{"amount":300000,"category":"INTERNET_TV","source":"RECURRING"},{"amount":150000,"category":"SUPPLIES","source":"MANUAL"}],"items":[{"amount":10000,"category":"COST_OF_GOODS","id":"ex_01M41350GQ4Q087M761RNVC5A2","month":"2026-10","note":"CANDY","paidOn":"2026-10-03","recurring":false,"source":"STOCK"},{"amount":300000,"category":"INTERNET_TV","id":"ex_01M41350R9D8CVX1TR1HP01P86","month":"2026-10","note":"Rehearsal internet","recurring":true,"source":"RECURRING"},{"amount":150000,"category":"SUPPLIES","id":"ex_01M41350R
PATCH /v1/owner/expenses/ex_01M41350GQ4Q087M761RNVC5A2 {"category":"COST_OF_GOODS","amount":1,"month":"2026-10"}
  -> 409 {"type":"about:blank","title":"Conflict","status":409,"code":"EXPENSE_AUTOMATIC"}
PATCH /v1/owner/expenses/ex_01M41350R7BDK9XQ2P28Y1FPBD {"category":"SUPPLIES","amount":160000,"month":"2026-10"}
  -> 200 {"amount":160000,"category":"SUPPLIES","id":"ex_01M41350R7BDK9XQ2P28Y1FPBD","month":"2026-10","recurring":false,"source":"MANUAL"}
=======
  -> 201 {"amount":150000,"category":"SUPPLIES","id":"ex_01M414GKETH48KB1JAF7Q8BPC6","month":"2026-10","note":"Rehearsal soap","recurring":false,"source":"MANUAL"}
POST /v1/owner/expenses {"category":"INTERNET_TV","amount":300000,"month":"2026-10","recurring":true,"note":"Rehearsal internet"}
  -> 201 {"amount":300000,"category":"INTERNET_TV","id":"ex_01M414GKEWJJG1J7X7J2X7K64Q","month":"2026-10","note":"Rehearsal internet","recurring":true,"source":"RECURRING"}
GET /v1/owner/expenses?month=2026-10 
  -> 200 {"categories":[{"amount":10000,"category":"COST_OF_GOODS","source":"STOCK"},{"amount":300000,"category":"INTERNET_TV","source":"RECURRING"},{"amount":150000,"category":"SUPPLIES","source":"MANUAL"}],"items":[{"amount":10000,"category":"COST_OF_GOODS","id":"ex_01M414GK4SNDFD8A71GA9MGWCW","month":"2026-10","note":"CANDY","paidOn":"2026-10-03","recurring":false,"source":"STOCK"},{"amount":300000,"category":"INTERNET_TV","id":"ex_01M414GKEWJJG1J7X7J2X7K64Q","month":"2026-10","note":"Rehearsal internet","recurring":true,"source":"RECURRING"},{"amount":150000,"category":"SUPPLIES","id":"ex_01M414GKE
GET /v1/owner/expenses?month=2026-10 
  -> 200 {"categories":[{"amount":10000,"category":"COST_OF_GOODS","source":"STOCK"},{"amount":300000,"category":"INTERNET_TV","source":"RECURRING"},{"amount":150000,"category":"SUPPLIES","source":"MANUAL"}],"items":[{"amount":10000,"category":"COST_OF_GOODS","id":"ex_01M414GK4SNDFD8A71GA9MGWCW","month":"2026-10","note":"CANDY","paidOn":"2026-10-03","recurring":false,"source":"STOCK"},{"amount":300000,"category":"INTERNET_TV","id":"ex_01M414GKEWJJG1J7X7J2X7K64Q","month":"2026-10","note":"Rehearsal internet","recurring":true,"source":"RECURRING"},{"amount":150000,"category":"SUPPLIES","id":"ex_01M414GKE
PATCH /v1/owner/expenses/ex_01M414GK4SNDFD8A71GA9MGWCW {"category":"COST_OF_GOODS","amount":1,"month":"2026-10"}
  -> 409 {"type":"about:blank","title":"Conflict","status":409,"code":"EXPENSE_AUTOMATIC"}
PATCH /v1/owner/expenses/ex_01M414GKETH48KB1JAF7Q8BPC6 {"category":"SUPPLIES","amount":160000,"month":"2026-10"}
  -> 200 {"amount":160000,"category":"SUPPLIES","id":"ex_01M414GKETH48KB1JAF7Q8BPC6","month":"2026-10","recurring":false,"source":"MANUAL"}
>>>>>>> 952da7a (test(rehearsal): coverage report, bill-line stays for ui-lint, gap specs, sync preview on a copy, unapproved visual baselines)
