POST /v1/auth/sign-in {"guesthouseCode":"rhaec4ce","username":"r9","pin":"***"}
  -> 200 {"accessToken":"***","expiresAt":"2026-10-03T18:02:48.555446Z","mustChangePin":true,"tenantId":"tn_01M405JF5BQ3D2VK6SFMNGZGK9","user":{"id":"us_01M405JHG7TFCDJ8BE392NBTDD","locale":"vi","name":"Rehearsal R9","role":"RECEPTIONIST"}}
PUT /v1/me/pin {"currentPin":"***","newPin":"***"}
  -> 204 ""
GET /v1/me 
  -> 200 {"buildingAccess":[{"buildingId":"bd_01M405JF5BYGDW7RGK4KB35SWW","level":"EDIT"}],"tenant":{"currency":"VND","id":"tn_01M405JF5BQ3D2VK6SFMNGZGK9","name":"Rehearsal Test rhaec4ce","timezone":"Asia/Ho_Chi_Minh"},"user":{"id":"us_01M405JHG7TFCDJ8BE392NBTDD","locale":"vi","name":"Rehearsal R9","role":"RECEPTIONIST"}}
GET /v1/buildings 
  -> 200 {"items":[{"code":"A","counts":{"maintenance":1,"occupied":15,"overdue":0,"toClean":18,"vacant":86},"floors":[{"id":"fl_01M405JF5BCNDATRVY60SGNRTF","name":"1","order":1},{"id":"fl_01M405JF5BGWM44ASWKWRWJQ99","name":"2","order":2},{"id":"fl_01M405JF5BTTTF5MRA2Q2HWZNA","name":"3","order":3}],"id":"bd_01M405JF5BYGDW7RGK4KB35SWW","level":"EDIT","name":"Building A"}]}
GET /v1/buildings/bd_01M405JF5BYGDW7RGK4KB35SWW/rooms 
  -> 200 {"items":[{"buildingId":"bd_01M405JF5BYGDW7RGK4KB35SWW","code":"A101","floor":1,"floorId":"fl_01M405JF5BCNDATRVY60SGNRTF","floorName":"1","id":"un_01M405JF5BV3JF0G84JYES61BF","status":"TO_CLEAN","unitType":{"code":"STANDARD","name":{"en":"Standard","vi":"Phòng thường"}}},{"buildingId":"bd_01M405JF5BYGDW7RGK4KB35SWW","code":"A102","floor":1,"floorId":"fl_01M405JF5BCNDATRVY60SGNRTF","floorName":"1","id":"un_01M405JF5BNCSN7MWJCJQS9F53","status":"TO_CLEAN","unitType":{"code":"STANDARD","name":{"en":"Standard","vi":"Phòng thường"}}},{"buildingId":"bd_01M405JF5BYGDW7RGK4KB35SWW","code":"A103","floor
POST /v1/rooms/un_01M405JF5BJF1REENRCFX2QYF3/stays {"rentalType":"HOURLY","guestName":"Rehearsal Guest","guestPhone":"0912345678","deposit":500000}
  -> 201 {"checkInAt":"2026-10-03T06:02:49.128995Z","deposit":500000,"extras":[],"guestId":{"hasBackPhoto":false,"hasFrontPhoto":false,"hasIdNumber":false},"guestName":"Rehearsal Guest","guestPhone":"0912345678","id":"st_01M405Q9X872EED4DVF78A1Z4S","pricingVersion":1,"quote":{"asOf":"2026-10-03T06:02:49.128995Z","balanceDue":0,"capped":false,"depositPaid":500000,"extrasAmount":0,"lines":[{"amount":80000,"code":"FIRST_HOUR","quantity":1,"unitAmount":80000}],"refundDue":420000,"stayAmount":80000,"total":80000},"rentalType":"HOURLY","roomCode":"A135","roomId":"un_01M405JF5BJF1REENRCFX2QYF3","status":"ACTI
POST /v1/stays/st_01M405Q9X872EED4DVF78A1Z4S/checkout 
  -> 201 {"billCode":"PH1003A135","createdAt":"2026-10-03T06:02:49.133452Z","id":"iv_01M405Q9XDATH52VPK9Z8TDK1N","quote":{"asOf":"2026-10-03T06:02:49.133452Z","balanceDue":0,"capped":false,"depositPaid":500000,"extrasAmount":0,"lines":[{"amount":80000,"code":"FIRST_HOUR","quantity":1,"unitAmount":80000}],"refundDue":420000,"stayAmount":80000,"total":80000},"roomCode":"A135","status":"OPEN","stayId":"st_01M405Q9X872EED4DVF78A1Z4S"}
GET /v1/shifts/current 
  -> 200 {"buildingIds":["bd_01M405JF5BYGDW7RGK4KB35SWW"],"cashIn":500000,"cashOut":0,"expectedCash":500000,"id":"sh_01M405Q9X9RSZMXZYMTVRP7626","movements":[{"amount":500000,"at":"2026-10-03T06:02:49.129269Z","billCode":"PH1003A135","byOwner":false,"kind":"DEPOSIT","roomCode":"A135"}],"openedAt":"2026-10-03T06:02:49.129269Z","openingFloat":0,"status":"OPEN","transfersReceived":0,"unpaidInvoices":[{"balance":0,"billCode":"PH1003A135","checkedOutAt":"2026-10-03T06:02:49.133452Z","guestName":"Rehearsal Guest","invoiceId":"iv_01M405Q9XDATH52VPK9Z8TDK1N","paid":80000,"refundDue":420000,"roomCode":"A135","t
POST /v1/invoices/iv_01M405Q9XDATH52VPK9Z8TDK1N/payments {"method":"CASH"}
  -> 201 {"amount":0,"id":"pm_01M405Q9XK4H424SRK6JJ9CED4","invoiceId":"iv_01M405Q9XDATH52VPK9Z8TDK1N","method":"CASH","paidAt":"2026-10-03T06:02:49.139064Z","receivedAmount":0,"remaining":0,"status":"PAID"}
GET /v1/shifts/current 
  -> 200 {"buildingIds":["bd_01M405JF5BYGDW7RGK4KB35SWW"],"cashIn":500000,"cashOut":420000,"expectedCash":80000,"id":"sh_01M405Q9X9RSZMXZYMTVRP7626","movements":[{"amount":500000,"at":"2026-10-03T06:02:49.129269Z","billCode":"PH1003A135","byOwner":false,"kind":"DEPOSIT","roomCode":"A135"},{"amount":-420000,"at":"2026-10-03T06:02:49.14086Z","billCode":"PH1003A135","byOwner":true,"kind":"REFUND","roomCode":"A135"}],"openedAt":"2026-10-03T06:02:49.129269Z","openingFloat":0,"status":"OPEN","transfersReceived":0,"unpaidInvoices":[],"userId":"us_01M405JHG7TFCDJ8BE392NBTDD","userName":"Rehearsal R9"}