GET /v1/owner/property 
<<<<<<< HEAD
  -> 200 {"address":"1 Test Street","frontDeskHistoryDays":7,"guesthouseCode":"rh840297","idRetentionDays":30,"name":"Rehearsal Test rh840297","phone":"0900000000","qrExpiryMinutes":30}
GET /v1/buildings 
  -> 200 {"items":[{"code":"A","counts":{"maintenance":0,"occupied":4,"overdue":0,"toClean":5,"vacant":191},"floors":[{"id":"fl_01M41331K1QT3R4SGFWQN8PAG5","name":"1","order":1},{"id":"fl_01M41331K170YEX76HVGNGD8XJ","name":"2","order":2},{"id":"fl_01M41331K1VSV1YS3WM1J042D0","name":"3","order":3},{"id":"fl_01M41331K18FQEZA37V8EQXREQ","name":"4","order":4}],"id":"bd_01M41331K1NQJXD69A9ZKAZFBH","level":"EDIT","name":"Building A"}]}
GET /v1/buildings/bd_01M41331K1NQJXD69A9ZKAZFBH/rooms 
  -> 200 {"items":[{"buildingId":"bd_01M41331K1NQJXD69A9ZKAZFBH","code":"A101","floor":1,"floorId":"fl_01M41331K1QT3R4SGFWQN8PAG5","floorName":"1","id":"un_01M41331K1HJVYW3E5YCKP0BJ2","status":"TO_CLEAN","unitType":{"code":"STANDARD","name":{"en":"Standard","vi":"Phòng thường"}}},{"buildingId":"bd_01M41331K1NQJXD69A9ZKAZFBH","code":"A102","floor":1,"floorId":"fl_01M41331K1QT3R4SGFWQN8PAG5","floorName":"1","id":"un_01M41331K17RZ0DN56RCQ09M3V","status":"TO_CLEAN","unitType":{"code":"STANDARD","name":{"en":"Standard","vi":"Phòng thường"}}},{"buildingId":"bd_01M41331K1NQJXD69A9ZKAZFBH","code":"A103","floor
POST /v1/rooms/un_01M41331K1WGCECA723M37PDHS/stays {"rentalType":"HOURLY","guestName":"Rehearsal Guest","guestPhone":"0912345678","deposit":10000,"idNumber":"***"}
  -> 201 {"checkInAt":"2026-10-03T14:36:17.003762Z","deposit":10000,"extras":[],"guestId":{"hasBackPhoto":false,"hasFrontPhoto":false,"hasIdNumber":true},"guestName":"Rehearsal Guest","guestPhone":"0912345678","id":"st_01M4133FQB1T15JM0NXGYVTR56","pricingVersion":1,"quote":{"asOf":"2026-10-03T14:36:17.003762Z","balanceDue":70000,"capped":false,"depositPaid":10000,"extrasAmount":0,"lines":[{"amount":80000,"code":"FIRST_HOUR","quantity":1,"unitAmount":80000}],"refundDue":0,"stayAmount":80000,"total":80000},"rentalType":"HOURLY","roomCode":"A110","roomId":"un_01M41331K1WGCECA723M37PDHS","status":"ACTIVE"}
POST /v1/stays/st_01M4133FQB1T15JM0NXGYVTR56/checkout 
  -> 201 {"billCode":"PH1003A110","createdAt":"2026-10-03T14:36:17.010704Z","id":"iv_01M4133FQKCPV1C2N3GBSWZ34T","quote":{"asOf":"2026-10-03T14:36:17.010704Z","balanceDue":70000,"capped":false,"depositPaid":10000,"extrasAmount":0,"lines":[{"amount":80000,"code":"FIRST_HOUR","quantity":1,"unitAmount":80000}],"refundDue":0,"stayAmount":80000,"total":80000},"roomCode":"A110","status":"OPEN","stayId":"st_01M4133FQB1T15JM0NXGYVTR56"}
PUT guest-id photo FRONT -> 200
GET /v1/stays/st_01M4133FQB1T15JM0NXGYVTR56 
  -> 200 {"billCode":"PH1003A110","checkInAt":"2026-10-03T14:36:17.003762Z","checkOutAt":"2026-10-03T14:36:17.010704Z","deposit":10000,"extras":[],"guestId":{"hasBackPhoto":false,"hasFrontPhoto":true,"hasIdNumber":true},"guestName":"Rehearsal Guest","guestPhone":"0912345678","id":"st_01M4133FQB1T15JM0NXGYVTR56","invoice":{"billCode":"PH1003A110","createdAt":"2026-10-03T14:36:17.010704Z","id":"iv_01M4133FQKCPV1C2N3GBSWZ34T","quote":{"asOf":"2026-10-03T14:36:17.010704Z","balanceDue":70000,"capped":false,"depositPaid":10000,"extrasAmount":0,"lines":[{"amount":80000,"code":"FIRST_HOUR","quantity":1,"unitAm
GET /v1/owner/stays/st_01M4133FQB1T15JM0NXGYVTR56/guest-id 
  -> 200 {"back":null,"deleteAfter":null,"front":null,"idNumberMasked":null,"indicators":{"hasBackPhoto":false,"hasFrontPhoto":false,"hasIdNumber":false}}
GET /v1/stays/st_01M4133FQB1T15JM0NXGYVTR56 
  -> 200 {"billCode":"PH1003A110","checkInAt":"2026-08-24T14:36:17.003762Z","checkOutAt":"2026-08-24T14:36:17.010704Z","deposit":10000,"extras":[],"guestId":{"hasBackPhoto":false,"hasFrontPhoto":false,"hasIdNumber":false},"guestName":"Rehearsal Guest","guestPhone":"0912345678","id":"st_01M4133FQB1T15JM0NXGYVTR56","invoice":{"billCode":"PH1003A110","createdAt":"2026-10-03T14:36:17.010704Z","id":"iv_01M4133FQKCPV1C2N3GBSWZ34T","quote":{"asOf":"2026-10-03T14:36:17.010704Z","balanceDue":70000,"capped":false,"depositPaid":10000,"extrasAmount":0,"lines":[{"amount":80000,"code":"FIRST_HOUR","quantity":1,"unit
GET /v1/owner/audit-logs?from=2026-10-02&to=2026-10-04 
  -> 200 {"items":[{"action":"GUEST_ID_RETENTION_DELETED","actorName":"","at":"2026-10-03T14:36:17.398871Z","category":"GUEST_ID","details":{"bill":"PH1003A110","retentionDays":"30","room":"A110"},"id":"au_01M4133G3RVP2PNZA2YRY4ZVMV"},{"action":"GUEST_ID_PHOTO_SET","actorName":"Rehearsal R16","actorRole":"RECEPTIONIST","at":"2026-10-03T14:36:17.014893Z","category":"GUEST_ID","details":{"bill":"PH1003A110","room":"A110","side":"FRONT"},"id":"au_01M4133FQQ7KBEJGZ2S2JQWAF8"},{"action":"stay.checked_out","actorName":"Rehearsal R16","actorRole":"RECEPTIONIST","at":"2026-10-03T14:36:17.009012Z","category":"M
=======
  -> 200 {"address":"1 Test Street","frontDeskHistoryDays":7,"guesthouseCode":"rh4f632b","idRetentionDays":30,"name":"Rehearsal Test rh4f632b","phone":"0900000000","qrExpiryMinutes":30}
GET /v1/buildings 
  -> 200 {"items":[{"code":"A","counts":{"maintenance":0,"occupied":8,"overdue":0,"toClean":6,"vacant":186},"floors":[{"id":"fl_01M414DCJDZ46FG27AXMPC4E8H","name":"1","order":1},{"id":"fl_01M414DCJD8Q9DQWV3K822ZM76","name":"2","order":2},{"id":"fl_01M414DCJDA1TVV2S9MZF01RRE","name":"3","order":3},{"id":"fl_01M414DCJDWRQ3Q2M4VMPQGF82","name":"4","order":4}],"id":"bd_01M414DCJDHG63XAS4DVYE35FD","level":"EDIT","name":"Building A"}]}
GET /v1/buildings/bd_01M414DCJDHG63XAS4DVYE35FD/rooms 
  -> 200 {"items":[{"buildingId":"bd_01M414DCJDHG63XAS4DVYE35FD","code":"A101","floor":1,"floorId":"fl_01M414DCJDZ46FG27AXMPC4E8H","floorName":"1","id":"un_01M414DCJD0THNDEP8AJ8FAJGB","status":"TO_CLEAN","unitType":{"code":"STANDARD","name":{"en":"Standard","vi":"Phòng thường"}}},{"buildingId":"bd_01M414DCJDHG63XAS4DVYE35FD","code":"A102","floor":1,"floorId":"fl_01M414DCJDZ46FG27AXMPC4E8H","floorName":"1","id":"un_01M414DCJDGMT12WJ6CSZQ6B94","status":"TO_CLEAN","unitType":{"code":"STANDARD","name":{"en":"Standard","vi":"Phòng thường"}}},{"buildingId":"bd_01M414DCJDHG63XAS4DVYE35FD","code":"A103","floor
POST /v1/rooms/un_01M414DCJD7ZHXXKKW252H3HMC/stays {"rentalType":"HOURLY","guestName":"Rehearsal Guest","guestPhone":"0912345678","deposit":10000,"idNumber":"***"}
  -> 201 {"checkInAt":"2026-10-03T15:00:06.041051Z","deposit":10000,"extras":[],"guestId":{"hasBackPhoto":false,"hasFrontPhoto":false,"hasIdNumber":true},"guestName":"Rehearsal Guest","guestPhone":"0912345678","id":"st_01M414F38SSH5R41CBVQ57Q1CK","pricingVersion":1,"quote":{"asOf":"2026-10-03T15:00:06.041051Z","balanceDue":70000,"capped":false,"depositPaid":10000,"extrasAmount":0,"lines":[{"amount":80000,"code":"FIRST_HOUR","quantity":1,"unitAmount":80000}],"refundDue":0,"stayAmount":80000,"total":80000},"rentalType":"HOURLY","roomCode":"A115","roomId":"un_01M414DCJD7ZHXXKKW252H3HMC","status":"ACTIVE"}
POST /v1/stays/st_01M414F38SSH5R41CBVQ57Q1CK/checkout 
  -> 201 {"billCode":"PH1003A115","createdAt":"2026-10-03T15:00:06.045263Z","id":"iv_01M414F38XV41WHVMY13PEPE0X","quote":{"asOf":"2026-10-03T15:00:06.045263Z","balanceDue":70000,"capped":false,"depositPaid":10000,"extrasAmount":0,"lines":[{"amount":80000,"code":"FIRST_HOUR","quantity":1,"unitAmount":80000}],"refundDue":0,"stayAmount":80000,"total":80000},"roomCode":"A115","status":"OPEN","stayId":"st_01M414F38SSH5R41CBVQ57Q1CK"}
PUT guest-id photo FRONT -> 200
GET /v1/stays/st_01M414F38SSH5R41CBVQ57Q1CK 
  -> 200 {"billCode":"PH1003A115","checkInAt":"2026-10-03T15:00:06.041051Z","checkOutAt":"2026-10-03T15:00:06.045263Z","deposit":10000,"extras":[],"guestId":{"hasBackPhoto":false,"hasFrontPhoto":true,"hasIdNumber":true},"guestName":"Rehearsal Guest","guestPhone":"0912345678","id":"st_01M414F38SSH5R41CBVQ57Q1CK","invoice":{"billCode":"PH1003A115","createdAt":"2026-10-03T15:00:06.045263Z","id":"iv_01M414F38XV41WHVMY13PEPE0X","quote":{"asOf":"2026-10-03T15:00:06.045263Z","balanceDue":70000,"capped":false,"depositPaid":10000,"extrasAmount":0,"lines":[{"amount":80000,"code":"FIRST_HOUR","quantity":1,"unitAm
GET /v1/owner/stays/st_01M414F38SSH5R41CBVQ57Q1CK/guest-id 
  -> 200 {"back":null,"deleteAfter":null,"front":null,"idNumberMasked":null,"indicators":{"hasBackPhoto":false,"hasFrontPhoto":false,"hasIdNumber":false}}
GET /v1/stays/st_01M414F38SSH5R41CBVQ57Q1CK 
  -> 200 {"billCode":"PH1003A115","checkInAt":"2026-08-24T15:00:06.041051Z","checkOutAt":"2026-08-24T15:00:06.045263Z","deposit":10000,"extras":[],"guestId":{"hasBackPhoto":false,"hasFrontPhoto":false,"hasIdNumber":false},"guestName":"Rehearsal Guest","guestPhone":"0912345678","id":"st_01M414F38SSH5R41CBVQ57Q1CK","invoice":{"billCode":"PH1003A115","createdAt":"2026-10-03T15:00:06.045263Z","id":"iv_01M414F38XV41WHVMY13PEPE0X","quote":{"asOf":"2026-10-03T15:00:06.045263Z","balanceDue":70000,"capped":false,"depositPaid":10000,"extrasAmount":0,"lines":[{"amount":80000,"code":"FIRST_HOUR","quantity":1,"unit
GET /v1/owner/audit-logs?from=2026-10-02&to=2026-10-04 
  -> 200 {"items":[{"action":"GUEST_ID_RETENTION_DELETED","actorName":"","at":"2026-10-03T15:00:06.570338Z","category":"GUEST_ID","details":{"bill":"PH1003A115","retentionDays":"30","room":"A115"},"id":"au_01M414F3SB39SYE0H9X5AD0QT4"},{"action":"GUEST_ID_PHOTO_SET","actorName":"Rehearsal R16","actorRole":"RECEPTIONIST","at":"2026-10-03T15:00:06.047544Z","category":"GUEST_ID","details":{"bill":"PH1003A115","room":"A115","side":"FRONT"},"id":"au_01M414F38ZNCSYRCBETHD604CP"},{"action":"stay.checked_out","actorName":"Rehearsal R16","actorRole":"RECEPTIONIST","at":"2026-10-03T15:00:06.044522Z","category":"M
>>>>>>> 952da7a (test(rehearsal): coverage report, bill-line stays for ui-lint, gap specs, sync preview on a copy, unapproved visual baselines)
