POST /v1/auth/sign-in {"guesthouseCode":"rh11ce74","username":"linh","pin":"***"}
  -> 200 {"accessToken":"***","expiresAt":"2026-10-03T23:44:03.601737Z","mustChangePin":false,"tenantId":"tn_01M40S5PXMPY7RENBTZJAW4FGE","user":{"id":"us_01M40S5Q4T61BKJYBTK5MX7SW6","locale":"vi","name":"Smoke Linh","role":"RECEPTIONIST"}}
GET /v1/buildings 
  -> 200 {"items":[{"code":"A","counts":{"maintenance":0,"occupied":35,"overdue":0,"toClean":20,"vacant":145},"floors":[{"id":"fl_01M40S5PXM74H4AWP00F63EXRZ","name":"1","order":1},{"id":"fl_01M40S5PXM7VNN42W70DEZTC7S","name":"2","order":2},{"id":"fl_01M40S5PXMEF524KAVTK1YKWSE","name":"3","order":3},{"id":"fl_01M40S5PXM4621XFF7MS2T9FXM","name":"4","order":4}],"id":"bd_01M40S5PXMRF3SZ1GQ5SFB9DDB","level":"EDIT","name":"Building A"}]}
GET /v1/buildings/bd_01M40S5PXMRF3SZ1GQ5SFB9DDB/rooms 
  -> 200 {"items":[{"buildingId":"bd_01M40S5PXMRF3SZ1GQ5SFB9DDB","code":"A101","floor":1,"floorId":"fl_01M40S5PXM74H4AWP00F63EXRZ","floorName":"1","id":"un_01M40S5PXMJ27BQGSKZ57BJ2QQ","status":"TO_CLEAN","unitType":{"code":"STANDARD","name":{"en":"Standard","vi":"Phòng thường"}}},{"buildingId":"bd_01M40S5PXMRF3SZ1GQ5SFB9DDB","code":"A102","floor":1,"floorId":"fl_01M40S5PXM74H4AWP00F63EXRZ","floorName":"1","id":"un_01M40S5PXMMN3PJYHS5NZVQJ2R","status":"TO_CLEAN","unitType":{"code":"STANDARD","name":{"en":"Standard","vi":"Phòng thường"}}},{"buildingId":"bd_01M40S5PXMRF3SZ1GQ5SFB9DDB","code":"A103","floor
POST /v1/rooms/un_01M40S5PXMT8EHAQKEKW6TA6A5/stays {"rentalType":"HOURLY","guestName":"Rehearsal Guest","guestPhone":"0912345678","deposit":10000}
  -> 201 {"checkInAt":"2026-10-03T11:44:03.829482Z","deposit":10000,"extras":[],"guestId":{"hasBackPhoto":false,"hasFrontPhoto":false,"hasIdNumber":false},"guestName":"Rehearsal Guest","guestPhone":"0912345678","id":"st_01M40S84QNRC90S33SJ36P3HQE","pricingVersion":3,"quote":{"asOf":"2026-10-03T11:44:03.829482Z","balanceDue":70000,"capped":false,"depositPaid":10000,"extrasAmount":0,"lines":[{"amount":80000,"code":"FIRST_HOUR","quantity":1,"unitAmount":80000}],"refundDue":0,"stayAmount":80000,"total":80000},"rentalType":"HOURLY","roomCode":"A206","roomId":"un_01M40S5PXMT8EHAQKEKW6TA6A5","status":"ACTIVE"
POST /v1/stays/st_01M40S84QNRC90S33SJ36P3HQE/checkout 
  -> 201 {"billCode":"PH1003A206","createdAt":"2026-10-03T11:44:03.833661Z","id":"iv_01M40S84QS7SS1KEC04QQBYG1G","quote":{"asOf":"2026-10-03T11:44:03.833661Z","balanceDue":70000,"capped":false,"depositPaid":10000,"extrasAmount":0,"lines":[{"amount":80000,"code":"FIRST_HOUR","quantity":1,"unitAmount":80000}],"refundDue":0,"stayAmount":80000,"total":80000},"roomCode":"A206","status":"OPEN","stayId":"st_01M40S84QNRC90S33SJ36P3HQE"}
POST /v1/invoices/iv_01M40S84QS7SS1KEC04QQBYG1G/payments {"method":"CASH"}
  -> 201 {"amount":70000,"id":"pm_01M40S84QWZ0NC50MEDR04M03C","invoiceId":"iv_01M40S84QS7SS1KEC04QQBYG1G","method":"CASH","paidAt":"2026-10-03T11:44:03.83651Z","receivedAmount":70000,"remaining":0,"status":"PAID"}
GET /v1/buildings/bd_01M40S5PXMRF3SZ1GQ5SFB9DDB/rooms 
  -> 200 {"items":[{"buildingId":"bd_01M40S5PXMRF3SZ1GQ5SFB9DDB","code":"A101","floor":1,"floorId":"fl_01M40S5PXM74H4AWP00F63EXRZ","floorName":"1","id":"un_01M40S5PXMJ27BQGSKZ57BJ2QQ","status":"TO_CLEAN","unitType":{"code":"STANDARD","name":{"en":"Standard","vi":"Phòng thường"}}},{"buildingId":"bd_01M40S5PXMRF3SZ1GQ5SFB9DDB","code":"A102","floor":1,"floorId":"fl_01M40S5PXM74H4AWP00F63EXRZ","floorName":"1","id":"un_01M40S5PXMMN3PJYHS5NZVQJ2R","status":"TO_CLEAN","unitType":{"code":"STANDARD","name":{"en":"Standard","vi":"Phòng thường"}}},{"buildingId":"bd_01M40S5PXMRF3SZ1GQ5SFB9DDB","code":"A103","floor
GET /v1/housekeeping/tasks 
  -> 200 {"items":[{"buildingId":"bd_01M40S5PXMRF3SZ1GQ5SFB9DDB","createdAt":"2026-10-03T11:42:44.149031Z","id":"un_01M40S5PXMNBK0QE1BC84PCENQ","roomCode":"A119","roomId":"un_01M40S5PXMNBK0QE1BC84PCENQ","status":"OPEN"},{"buildingId":"bd_01M40S5PXMRF3SZ1GQ5SFB9DDB","createdAt":"2026-10-03T11:42:53.051271Z","id":"un_01M40S5PXMJ27BQGSKZ57BJ2QQ","roomCode":"A101","roomId":"un_01M40S5PXMJ27BQGSKZ57BJ2QQ","status":"OPEN"},{"buildingId":"bd_01M40S5PXMRF3SZ1GQ5SFB9DDB","createdAt":"2026-10-03T11:42:54.160373Z","id":"un_01M40S5PXMMN3PJYHS5NZVQJ2R","roomCode":"A102","roomId":"un_01M40S5PXMMN3PJYHS5NZVQJ2R","sta
POST /v1/housekeeping/tasks/un_01M40S5PXMT8EHAQKEKW6TA6A5/complete 
  -> 200 {"buildingId":"bd_01M40S5PXMRF3SZ1GQ5SFB9DDB","completedAt":"2026-10-03T11:44:03.852349Z","createdAt":"2026-10-03T11:44:03.833661Z","id":"un_01M40S5PXMT8EHAQKEKW6TA6A5","roomCode":"A206","roomId":"un_01M40S5PXMT8EHAQKEKW6TA6A5","status":"DONE"}
GET /v1/buildings/bd_01M40S5PXMRF3SZ1GQ5SFB9DDB/rooms 
  -> 200 {"items":[{"buildingId":"bd_01M40S5PXMRF3SZ1GQ5SFB9DDB","code":"A101","floor":1,"floorId":"fl_01M40S5PXM74H4AWP00F63EXRZ","floorName":"1","id":"un_01M40S5PXMJ27BQGSKZ57BJ2QQ","status":"TO_CLEAN","unitType":{"code":"STANDARD","name":{"en":"Standard","vi":"Phòng thường"}}},{"buildingId":"bd_01M40S5PXMRF3SZ1GQ5SFB9DDB","code":"A102","floor":1,"floorId":"fl_01M40S5PXM74H4AWP00F63EXRZ","floorName":"1","id":"un_01M40S5PXMMN3PJYHS5NZVQJ2R","status":"TO_CLEAN","unitType":{"code":"STANDARD","name":{"en":"Standard","vi":"Phòng thường"}}},{"buildingId":"bd_01M40S5PXMRF3SZ1GQ5SFB9DDB","code":"A103","floor