<<<<<<< HEAD
POST /v1/auth/sign-in {"guesthouseCode":"rh840297","username":"r3","pin":"***"}
  -> 200 {"accessToken":"***","expiresAt":"2026-10-04T02:37:08.596995Z","mustChangePin":true,"tenantId":"tn_01M41331K01RB67HH96BE2W4GB","user":{"id":"us_01M41332VQGBSXWWNRMYE5DQ05","locale":"vi","name":"Rehearsal R3","role":"RECEPTIONIST"}}
PUT /v1/me/pin {"currentPin":"***","newPin":"***"}
  -> 204 ""
GET /v1/me 
  -> 200 {"buildingAccess":[{"buildingId":"bd_01M41331K1NQJXD69A9ZKAZFBH","level":"EDIT"},{"buildingId":"bd_01M41350FJF710ZZT3G022KJ0X","level":"NONE"}],"tenant":{"currency":"VND","id":"tn_01M41331K01RB67HH96BE2W4GB","name":"Rehearsal Test rh840297","timezone":"Asia/Ho_Chi_Minh"},"user":{"id":"us_01M41332VQGBSXWWNRMYE5DQ05","locale":"vi","name":"Rehearsal R3","role":"RECEPTIONIST"}}
GET /v1/buildings 
  -> 200 {"items":[{"code":"A","counts":{"maintenance":0,"occupied":31,"overdue":0,"toClean":12,"vacant":157},"floors":[{"id":"fl_01M41331K1QT3R4SGFWQN8PAG5","name":"1","order":1},{"id":"fl_01M41331K170YEX76HVGNGD8XJ","name":"2","order":2},{"id":"fl_01M41331K1VSV1YS3WM1J042D0","name":"3","order":3},{"id":"fl_01M41331K18FQEZA37V8EQXREQ","name":"4","order":4}],"id":"bd_01M41331K1NQJXD69A9ZKAZFBH","level":"EDIT","name":"Building A"}]}
GET /v1/buildings/bd_01M41331K1NQJXD69A9ZKAZFBH/rooms 
  -> 200 {"items":[{"buildingId":"bd_01M41331K1NQJXD69A9ZKAZFBH","code":"A101","floor":1,"floorId":"fl_01M41331K1QT3R4SGFWQN8PAG5","floorName":"1","id":"un_01M41331K1HJVYW3E5YCKP0BJ2","status":"TO_CLEAN","unitType":{"code":"STANDARD","name":{"en":"Standard","vi":"Phòng thường"}}},{"buildingId":"bd_01M41331K1NQJXD69A9ZKAZFBH","code":"A102","floor":1,"floorId":"fl_01M41331K1QT3R4SGFWQN8PAG5","floorName":"1","id":"un_01M41331K17RZ0DN56RCQ09M3V","status":"TO_CLEAN","unitType":{"code":"STANDARD","name":{"en":"Standard","vi":"Phòng thường"}}},{"buildingId":"bd_01M41331K1NQJXD69A9ZKAZFBH","code":"A103","floor
POST /v1/rooms/un_01M41331K1RXZKKVK70GXBQ9VS/stays {"rentalType":"HOURLY","guestName":"Rehearsal Guest","guestPhone":"0912345678","deposit":10000}
  -> 201 {"checkInAt":"2026-10-03T14:37:09.192905Z","deposit":10000,"extras":[],"guestId":{"hasBackPhoto":false,"hasFrontPhoto":false,"hasIdNumber":false},"guestName":"Rehearsal Guest","guestPhone":"0912345678","id":"st_01M41352P8RMJ7YTT6GF46111Z","pricingVersion":3,"quote":{"asOf":"2026-10-03T14:37:09.192905Z","balanceDue":70000,"capped":false,"depositPaid":10000,"extrasAmount":0,"lines":[{"amount":80000,"code":"FIRST_HOUR","quantity":1,"unitAmount":80000}],"refundDue":0,"stayAmount":80000,"total":80000},"rentalType":"HOURLY","roomCode":"A144","roomId":"un_01M41331K1RXZKKVK70GXBQ9VS","status":"ACTIVE"
POST /v1/stays/st_01M41352P8RMJ7YTT6GF46111Z/checkout 
  -> 201 {"billCode":"PH1003A144","createdAt":"2026-10-03T14:37:09.197327Z","id":"iv_01M41352PDY3H78QPNR020A82B","quote":{"asOf":"2026-10-03T14:37:09.197327Z","balanceDue":70000,"capped":false,"depositPaid":10000,"extrasAmount":0,"lines":[{"amount":80000,"code":"FIRST_HOUR","quantity":1,"unitAmount":80000}],"refundDue":0,"stayAmount":80000,"total":80000},"roomCode":"A144","status":"OPEN","stayId":"st_01M41352P8RMJ7YTT6GF46111Z"}
GET /v1/shifts/current 
  -> 200 {"buildingIds":["bd_01M41331K1NQJXD69A9ZKAZFBH"],"cashIn":10000,"cashOut":0,"expectedCash":10000,"id":"sh_01M41352P9WAG83WHSEFE1SMSG","movements":[{"amount":10000,"at":"2026-10-03T14:37:09.193208Z","billCode":"PH1003A144","byOwner":false,"kind":"DEPOSIT","roomCode":"A144"}],"openedAt":"2026-10-03T14:37:09.193208Z","openingFloat":0,"status":"OPEN","transfersReceived":0,"unpaidInvoices":[{"balance":70000,"billCode":"PH1003A144","checkedOutAt":"2026-10-03T14:37:09.197327Z","guestName":"Rehearsal Guest","invoiceId":"iv_01M41352PDY3H78QPNR020A82B","paid":10000,"roomCode":"A144","total":80000}],"use
POST /v1/invoices/iv_01M41352PDY3H78QPNR020A82B/payments {"method":"CASH"}
  -> 201 {"amount":70000,"id":"pm_01M41352PKN4NK9828FMCGWS0G","invoiceId":"iv_01M41352PDY3H78QPNR020A82B","method":"CASH","paidAt":"2026-10-03T14:37:09.203837Z","receivedAmount":70000,"remaining":0,"status":"PAID"}
GET /v1/shifts/current 
  -> 200 {"buildingIds":["bd_01M41331K1NQJXD69A9ZKAZFBH"],"cashIn":80000,"cashOut":0,"expectedCash":80000,"id":"sh_01M41352P9WAG83WHSEFE1SMSG","movements":[{"amount":10000,"at":"2026-10-03T14:37:09.193208Z","billCode":"PH1003A144","byOwner":false,"kind":"DEPOSIT","roomCode":"A144"},{"amount":70000,"at":"2026-10-03T14:37:09.20435Z","billCode":"PH1003A144","byOwner":false,"kind":"PAYMENT","roomCode":"A144"}],"openedAt":"2026-10-03T14:37:09.193208Z","openingFloat":0,"status":"OPEN","transfersReceived":0,"unpaidInvoices":[],"userId":"us_01M41332VQGBSXWWNRMYE5DQ05","userName":"Rehearsal R3"}
GET /v1/owner/transactions 
  -> 200 {"items":[{"amount":70000,"at":"2026-10-03T14:37:09.203837Z","billCode":"PH1003A144","id":"pm_01M41352PKN4NK9828FMCGWS0G","kind":"PAYMENT","method":"CASH","reconciliation":"CASH","roomCode":"A144","settledAt":"2026-10-03T14:37:09.203837Z","shiftId":"sh_01M41352P9WAG83WHSEFE1SMSG"},{"amount":70000,"at":"2026-10-03T14:37:08.582367Z","billCode":"PH1003A143","id":"pm_01M41352319JJ03QJQS2RKDM53","kind":"PAYMENT","method":"TRANSFER","paymentEventId":"pe_01M4135236PBRG1P3863XCQHDH","receivedAt":"2026-10-03T14:37:08.582367Z","reconciliation":"MATCHED","roomCode":"A143","settledAt":"2026-10-03T14:37:08
=======
POST /v1/auth/sign-in {"guesthouseCode":"rh4f632b","username":"r3","pin":"***"}
  -> 200 {"accessToken":"***","expiresAt":"2026-10-04T03:01:12.402708Z","mustChangePin":true,"tenantId":"tn_01M414DCJD57KM1TTGRGGPVHWZ","user":{"id":"us_01M414DDRBCNDB5GR1SS3VPSED","locale":"vi","name":"Rehearsal R3","role":"RECEPTIONIST"}}
PUT /v1/me/pin {"currentPin":"***","newPin":"***"}
  -> 204 ""
GET /v1/me 
  -> 200 {"buildingAccess":[{"buildingId":"bd_01M414DCJDHG63XAS4DVYE35FD","level":"EDIT"},{"buildingId":"bd_01M414GK2MYQDCZJZR9132YZET","level":"NONE"}],"tenant":{"currency":"VND","id":"tn_01M414DCJD57KM1TTGRGGPVHWZ","name":"Rehearsal Test rh4f632b","timezone":"Asia/Ho_Chi_Minh"},"user":{"id":"us_01M414DDRBCNDB5GR1SS3VPSED","locale":"vi","name":"Rehearsal R3","role":"RECEPTIONIST"}}
GET /v1/buildings 
  -> 200 {"items":[{"code":"A","counts":{"maintenance":0,"occupied":41,"overdue":0,"toClean":18,"vacant":141},"floors":[{"id":"fl_01M414DCJDZ46FG27AXMPC4E8H","name":"1","order":1},{"id":"fl_01M414DCJD8Q9DQWV3K822ZM76","name":"2","order":2},{"id":"fl_01M414DCJDA1TVV2S9MZF01RRE","name":"3","order":3},{"id":"fl_01M414DCJDWRQ3Q2M4VMPQGF82","name":"4","order":4}],"id":"bd_01M414DCJDHG63XAS4DVYE35FD","level":"EDIT","name":"Building A"}]}
GET /v1/buildings/bd_01M414DCJDHG63XAS4DVYE35FD/rooms 
  -> 200 {"items":[{"buildingId":"bd_01M414DCJDHG63XAS4DVYE35FD","code":"A101","floor":1,"floorId":"fl_01M414DCJDZ46FG27AXMPC4E8H","floorName":"1","id":"un_01M414DCJD0THNDEP8AJ8FAJGB","status":"TO_CLEAN","unitType":{"code":"STANDARD","name":{"en":"Standard","vi":"Phòng thường"}}},{"buildingId":"bd_01M414DCJDHG63XAS4DVYE35FD","code":"A102","floor":1,"floorId":"fl_01M414DCJDZ46FG27AXMPC4E8H","floorName":"1","id":"un_01M414DCJDGMT12WJ6CSZQ6B94","status":"TO_CLEAN","unitType":{"code":"STANDARD","name":{"en":"Standard","vi":"Phòng thường"}}},{"buildingId":"bd_01M414DCJDHG63XAS4DVYE35FD","code":"A103","floor
POST /v1/rooms/un_01M414DCJDF8668VS2WTNA9Z2N/stays {"rentalType":"HOURLY","guestName":"Rehearsal Guest","guestPhone":"0912345678","deposit":10000}
  -> 201 {"checkInAt":"2026-10-03T15:01:13.00245Z","deposit":10000,"extras":[],"guestId":{"hasBackPhoto":false,"hasFrontPhoto":false,"hasIdNumber":false},"guestName":"Rehearsal Guest","guestPhone":"0912345678","id":"st_01M414H4NAKCXB683W945Y020E","pricingVersion":3,"quote":{"asOf":"2026-10-03T15:01:13.00245Z","balanceDue":70000,"capped":false,"depositPaid":10000,"extrasAmount":0,"lines":[{"amount":80000,"code":"FIRST_HOUR","quantity":1,"unitAmount":80000}],"refundDue":0,"stayAmount":80000,"total":80000},"rentalType":"HOURLY","roomCode":"A210","roomId":"un_01M414DCJDF8668VS2WTNA9Z2N","status":"ACTIVE"}
POST /v1/stays/st_01M414H4NAKCXB683W945Y020E/checkout 
  -> 201 {"billCode":"PH1003A210","createdAt":"2026-10-03T15:01:13.005953Z","id":"iv_01M414H4NET8P0A2ZXG4KH46DX","quote":{"asOf":"2026-10-03T15:01:13.005953Z","balanceDue":70000,"capped":false,"depositPaid":10000,"extrasAmount":0,"lines":[{"amount":80000,"code":"FIRST_HOUR","quantity":1,"unitAmount":80000}],"refundDue":0,"stayAmount":80000,"total":80000},"roomCode":"A210","status":"OPEN","stayId":"st_01M414H4NAKCXB683W945Y020E"}
GET /v1/shifts/current 
  -> 200 {"buildingIds":["bd_01M414DCJDHG63XAS4DVYE35FD"],"cashIn":10000,"cashOut":0,"expectedCash":10000,"id":"sh_01M414H4NBP9SHARKT0MTAQ7KB","movements":[{"amount":10000,"at":"2026-10-03T15:01:13.002741Z","billCode":"PH1003A210","byOwner":false,"kind":"DEPOSIT","roomCode":"A210"}],"openedAt":"2026-10-03T15:01:13.002741Z","openingFloat":0,"status":"OPEN","transfersReceived":0,"unpaidInvoices":[{"balance":70000,"billCode":"PH1003A210","checkedOutAt":"2026-10-03T15:01:13.005953Z","guestName":"Rehearsal Guest","invoiceId":"iv_01M414H4NET8P0A2ZXG4KH46DX","paid":10000,"roomCode":"A210","total":80000}],"use
POST /v1/invoices/iv_01M414H4NET8P0A2ZXG4KH46DX/payments {"method":"CASH"}
  -> 201 {"amount":70000,"id":"pm_01M414H4NK7KSWB96NG7DCZG1X","invoiceId":"iv_01M414H4NET8P0A2ZXG4KH46DX","method":"CASH","paidAt":"2026-10-03T15:01:13.010897Z","receivedAmount":70000,"remaining":0,"status":"PAID"}
GET /v1/shifts/current 
  -> 200 {"buildingIds":["bd_01M414DCJDHG63XAS4DVYE35FD"],"cashIn":80000,"cashOut":0,"expectedCash":80000,"id":"sh_01M414H4NBP9SHARKT0MTAQ7KB","movements":[{"amount":10000,"at":"2026-10-03T15:01:13.002741Z","billCode":"PH1003A210","byOwner":false,"kind":"DEPOSIT","roomCode":"A210"},{"amount":70000,"at":"2026-10-03T15:01:13.011492Z","billCode":"PH1003A210","byOwner":false,"kind":"PAYMENT","roomCode":"A210"}],"openedAt":"2026-10-03T15:01:13.002741Z","openingFloat":0,"status":"OPEN","transfersReceived":0,"unpaidInvoices":[],"userId":"us_01M414DDRBCNDB5GR1SS3VPSED","userName":"Rehearsal R3"}
GET /v1/owner/transactions 
  -> 200 {"items":[{"amount":70000,"at":"2026-10-03T15:01:13.010897Z","billCode":"PH1003A210","id":"pm_01M414H4NK7KSWB96NG7DCZG1X","kind":"PAYMENT","method":"CASH","reconciliation":"CASH","roomCode":"A210","settledAt":"2026-10-03T15:01:13.010897Z","shiftId":"sh_01M414H4NBP9SHARKT0MTAQ7KB"},{"amount":70000,"at":"2026-10-03T15:01:12.387389Z","billCode":"PH1003A209","id":"pm_01M414H41VMSS73Z9RK98JNJ5Q","kind":"PAYMENT","method":"TRANSFER","paymentEventId":"pe_01M414H423YNA66VB4QX7JVAKN","receivedAt":"2026-10-03T15:01:12.387389Z","reconciliation":"MATCHED","roomCode":"A209","settledAt":"2026-10-03T15:01:12
>>>>>>> 952da7a (test(rehearsal): coverage report, bill-line stays for ui-lint, gap specs, sync preview on a copy, unapproved visual baselines)
