GET /v1/buildings 
  -> 200 {"items":[{"code":"A","counts":{"maintenance":0,"occupied":7,"overdue":0,"toClean":14,"vacant":99},"floors":[{"id":"fl_01M405JF5BCNDATRVY60SGNRTF","name":"1","order":1},{"id":"fl_01M405JF5BGWM44ASWKWRWJQ99","name":"2","order":2},{"id":"fl_01M405JF5BTTTF5MRA2Q2HWZNA","name":"3","order":3}],"id":"bd_01M405JF5BYGDW7RGK4KB35SWW","level":"EDIT","name":"Building A"}]}
GET /v1/buildings/bd_01M405JF5BYGDW7RGK4KB35SWW/rooms 
  -> 200 {"items":[{"buildingId":"bd_01M405JF5BYGDW7RGK4KB35SWW","code":"A101","floor":1,"floorId":"fl_01M405JF5BCNDATRVY60SGNRTF","floorName":"1","id":"un_01M405JF5BV3JF0G84JYES61BF","status":"TO_CLEAN","unitType":{"code":"STANDARD","name":{"en":"Standard","vi":"Phòng thường"}}},{"buildingId":"bd_01M405JF5BYGDW7RGK4KB35SWW","code":"A102","floor":1,"floorId":"fl_01M405JF5BCNDATRVY60SGNRTF","floorName":"1","id":"un_01M405JF5BNCSN7MWJCJQS9F53","status":"TO_CLEAN","unitType":{"code":"STANDARD","name":{"en":"Standard","vi":"Phòng thường"}}},{"buildingId":"bd_01M405JF5BYGDW7RGK4KB35SWW","code":"A103","floor
POST /v1/rooms/un_01M405JF5B3RMN2NYMFVKB4W36/stays {"rentalType":"HOURLY","guestName":"Rehearsal Guest","guestPhone":"0912345678","deposit":10000}
  -> 201 {"checkInAt":"2026-10-03T06:00:30.583705Z","deposit":10000,"extras":[],"guestId":{"hasBackPhoto":false,"hasFrontPhoto":false,"hasIdNumber":false},"guestName":"Rehearsal Guest","guestPhone":"0912345678","id":"st_01M405K2KQRH1BZ93SJ7H5NEH6","pricingVersion":1,"quote":{"asOf":"2026-10-03T06:00:30.583705Z","balanceDue":70000,"capped":false,"depositPaid":10000,"extrasAmount":0,"lines":[{"amount":80000,"code":"FIRST_HOUR","quantity":1,"unitAmount":80000}],"refundDue":0,"stayAmount":80000,"total":80000},"rentalType":"HOURLY","roomCode":"A122","roomId":"un_01M405JF5B3RMN2NYMFVKB4W36","status":"ACTIVE"
POST /v1/stays/st_01M405K2KQRH1BZ93SJ7H5NEH6/checkout 
  -> 201 {"billCode":"PH1003A122","createdAt":"2026-10-03T06:00:30.589674Z","id":"iv_01M405K2KX25FCAZ2YXJ1BFN18","quote":{"asOf":"2026-10-03T06:00:30.589674Z","balanceDue":70000,"capped":false,"depositPaid":10000,"extrasAmount":0,"lines":[{"amount":80000,"code":"FIRST_HOUR","quantity":1,"unitAmount":80000}],"refundDue":0,"stayAmount":80000,"total":80000},"roomCode":"A122","status":"OPEN","stayId":"st_01M405K2KQRH1BZ93SJ7H5NEH6"}
POST /v1/invoices/iv_01M405K2KX25FCAZ2YXJ1BFN18/payments {"method":"TRANSFER"}
  -> 201 {"amount":70000,"id":"pm_01M405K2M01B4CS1PQR19FD4YA","invoiceId":"iv_01M405K2KX25FCAZ2YXJ1BFN18","method":"TRANSFER","qr":{"accountName":"REHEARSAL TEST","accountNoMasked":"******8888","amount":70000,"payload":"00020101021238540010A00000072701240006970436011010175888880208QRIBFTTA53037045405700005802VN62140810PH1003A1226304C951","transferNote":"PH1003A122"},"remaining":70000,"status":"PENDING"}
WEBHOOK in 70000 "PH1003A122" id=1791007230594421 age=0s
  -> 200 {"success": true}
GET /v1/payments/pm_01M405K2M01B4CS1PQR19FD4YA 
  -> 200 {"amount":70000,"id":"pm_01M405K2M01B4CS1PQR19FD4YA","invoiceId":"iv_01M405K2KX25FCAZ2YXJ1BFN18","method":"TRANSFER","paidAt":"2026-10-03T06:00:30.598068Z","receivedAmount":70000,"remaining":0,"status":"PAID","transactionId":"1791007230594421"}
GET /v1/buildings/bd_01M405JF5BYGDW7RGK4KB35SWW/rooms 
  -> 200 {"items":[{"buildingId":"bd_01M405JF5BYGDW7RGK4KB35SWW","code":"A101","floor":1,"floorId":"fl_01M405JF5BCNDATRVY60SGNRTF","floorName":"1","id":"un_01M405JF5BV3JF0G84JYES61BF","status":"TO_CLEAN","unitType":{"code":"STANDARD","name":{"en":"Standard","vi":"Phòng thường"}}},{"buildingId":"bd_01M405JF5BYGDW7RGK4KB35SWW","code":"A102","floor":1,"floorId":"fl_01M405JF5BCNDATRVY60SGNRTF","floorName":"1","id":"un_01M405JF5BNCSN7MWJCJQS9F53","status":"TO_CLEAN","unitType":{"code":"STANDARD","name":{"en":"Standard","vi":"Phòng thường"}}},{"buildingId":"bd_01M405JF5BYGDW7RGK4KB35SWW","code":"A103","floor
POST /v1/stays/st_01M405K2KQRH1BZ93SJ7H5NEH6/extras {"items":[{"serviceCode":"WATER","quantity":1}]}
  -> 409 {"type":"about:blank","title":"Conflict","status":409,"code":"STAY_NOT_ACTIVE"}
POST /v1/stays/st_01M405K2KQRH1BZ93SJ7H5NEH6/check-in-time {"newCheckInAt":"2026-10-03T06:00:30.610Z","reasonCode":"OTHER","note":"late fix"}
  -> 409 {"type":"about:blank","title":"Conflict","status":409,"code":"STAY_NOT_ACTIVE"}
POST /v1/stays/st_01M405K2KQRH1BZ93SJ7H5NEH6/move {"toRoomId":"un_01M405JF5BFRR6PQ30FBB3QH2B","rentalType":"HOURLY"}
  -> 409 {"type":"about:blank","title":"Conflict","status":409,"code":"STAY_NOT_ACTIVE"}
POST /v1/stays/st_01M405K2KQRH1BZ93SJ7H5NEH6/checkout 
  -> 409 {"type":"about:blank","title":"Conflict","status":409,"code":"STAY_NOT_ACTIVE"}