POST /v1/auth/sign-in {"guesthouseCode":"rh11ce74","username":"r2","pin":"***"}
  -> 200 {"accessToken":"***","expiresAt":"2026-10-03T23:42:51.756599Z","mustChangePin":true,"tenantId":"tn_01M40S5PXMPY7RENBTZJAW4FGE","user":{"id":"us_01M40S5QYG5VTWGN7GGQ5XPNXX","locale":"vi","name":"Rehearsal R2","role":"RECEPTIONIST"}}
PUT /v1/me/pin {"currentPin":"***","newPin":"***"}
  -> 204 ""
GET /v1/me 
  -> 200 {"buildingAccess":[{"buildingId":"bd_01M40S5PXMRF3SZ1GQ5SFB9DDB","level":"EDIT"}],"tenant":{"currency":"VND","id":"tn_01M40S5PXMPY7RENBTZJAW4FGE","name":"Rehearsal Test rh11ce74","timezone":"Asia/Ho_Chi_Minh"},"user":{"id":"us_01M40S5QYG5VTWGN7GGQ5XPNXX","locale":"vi","name":"Rehearsal R2","role":"RECEPTIONIST"}}
POST /v1/auth/sign-in {"guesthouseCode":"rh11ce74","username":"owner","pin":"***"}
  -> 200 {"accessToken":"***","expiresAt":"2026-10-03T23:42:52.375648Z","mustChangePin":true,"tenantId":"tn_01M40S5PXMPY7RENBTZJAW4FGE","user":{"id":"us_01M40S5PYE5NEH8MHM1FK2DB4H","locale":"vi","name":"Smoke Owner","role":"OWNER"}}
PUT /v1/me/pin {"currentPin":"***","newPin":"***"}
  -> 204 ""
GET /v1/me 
  -> 200 {"buildingAccess":[{"buildingId":"bd_01M40S5PXMRF3SZ1GQ5SFB9DDB","level":"EDIT"}],"tenant":{"currency":"VND","id":"tn_01M40S5PXMPY7RENBTZJAW4FGE","name":"Rehearsal Test rh11ce74","timezone":"Asia/Ho_Chi_Minh"},"user":{"id":"us_01M40S5PYE5NEH8MHM1FK2DB4H","locale":"vi","name":"Smoke Owner","role":"OWNER"}}
GET /v1/buildings 
  -> 200 {"items":[{"code":"A","counts":{"maintenance":0,"occupied":0,"overdue":0,"toClean":0,"vacant":200},"floors":[{"id":"fl_01M40S5PXM74H4AWP00F63EXRZ","name":"1","order":1},{"id":"fl_01M40S5PXM7VNN42W70DEZTC7S","name":"2","order":2},{"id":"fl_01M40S5PXMEF524KAVTK1YKWSE","name":"3","order":3},{"id":"fl_01M40S5PXM4621XFF7MS2T9FXM","name":"4","order":4}],"id":"bd_01M40S5PXMRF3SZ1GQ5SFB9DDB","level":"EDIT","name":"Building A"}]}
GET /v1/buildings/bd_01M40S5PXMRF3SZ1GQ5SFB9DDB/rooms 
  -> 200 {"items":[{"buildingId":"bd_01M40S5PXMRF3SZ1GQ5SFB9DDB","code":"A101","floor":1,"floorId":"fl_01M40S5PXM74H4AWP00F63EXRZ","floorName":"1","id":"un_01M40S5PXMJ27BQGSKZ57BJ2QQ","status":"VACANT","unitType":{"code":"STANDARD","name":{"en":"Standard","vi":"Phòng thường"}}},{"buildingId":"bd_01M40S5PXMRF3SZ1GQ5SFB9DDB","code":"A102","floor":1,"floorId":"fl_01M40S5PXM74H4AWP00F63EXRZ","floorName":"1","id":"un_01M40S5PXMMN3PJYHS5NZVQJ2R","status":"VACANT","unitType":{"code":"STANDARD","name":{"en":"Standard","vi":"Phòng thường"}}},{"buildingId":"bd_01M40S5PXMRF3SZ1GQ5SFB9DDB","code":"A103","floor":1,
POST /v1/rooms/un_01M40S5PXMJ27BQGSKZ57BJ2QQ/stays {"rentalType":"HOURLY","guestName":"Rehearsal Guest","guestPhone":"0912345678","deposit":10000}
  -> 201 {"checkInAt":"2026-10-03T11:42:53.042726Z","deposit":10000,"extras":[],"guestId":{"hasBackPhoto":false,"hasFrontPhoto":false,"hasIdNumber":false},"guestName":"Rehearsal Guest","guestPhone":"0912345678","id":"st_01M40S5ZKJGH5ZM6BKF5MGSQ04","pricingVersion":1,"quote":{"asOf":"2026-10-03T11:42:53.042726Z","balanceDue":70000,"capped":false,"depositPaid":10000,"extrasAmount":0,"lines":[{"amount":80000,"code":"FIRST_HOUR","quantity":1,"unitAmount":80000}],"refundDue":0,"stayAmount":80000,"total":80000},"rentalType":"HOURLY","roomCode":"A101","roomId":"un_01M40S5PXMJ27BQGSKZ57BJ2QQ","status":"ACTIVE"
POST /v1/stays/st_01M40S5ZKJGH5ZM6BKF5MGSQ04/checkout 
  -> 201 {"billCode":"PH1003A101","createdAt":"2026-10-03T11:42:53.051271Z","id":"iv_01M40S5ZKVQMW6C68MF6J6BGR1","quote":{"asOf":"2026-10-03T11:42:53.051271Z","balanceDue":70000,"capped":false,"depositPaid":10000,"extrasAmount":0,"lines":[{"amount":80000,"code":"FIRST_HOUR","quantity":1,"unitAmount":80000}],"refundDue":0,"stayAmount":80000,"total":80000},"roomCode":"A101","status":"OPEN","stayId":"st_01M40S5ZKJGH5ZM6BKF5MGSQ04"}
POST /v1/invoices/iv_01M40S5ZKVQMW6C68MF6J6BGR1/payments {"method":"TRANSFER"}
  -> 201 {"amount":70000,"id":"pm_01M40S5ZKZ3SARJGVYSH0MTB1A","invoiceId":"iv_01M40S5ZKVQMW6C68MF6J6BGR1","method":"TRANSFER","qr":{"accountName":"REHEARSAL TEST","accountNoMasked":"******8888","amount":70000,"payload":"00020101021238540010A00000072701240006970436011010175888880208QRIBFTTA53037045405700005802VN62140810PH1003A1016304ACC3","transferNote":"PH1003A101"},"remaining":70000,"status":"PENDING"}
WEBHOOK in 35000 "PH1003A101" id=1791027773058145 age=0s
  -> 200 {"success": true}
GET /v1/owner/alerts 
  -> 200 {"items":[{"amount":35000,"createdAt":"2026-10-03T11:42:54.015735Z","details":{"billCode":"PH1003A101","received":"35000","remaining":"35000","since":"2026-10-03T11:22:53Z"},"id":"al_01M40S60HZCZJ73SNJ4FQ94XHV","kind":"PAYMENT_PARTIAL","roomCode":"A101","stayId":"st_01M40S5ZKJGH5ZM6BKF5MGSQ04"},{"createdAt":"2026-10-03T11:42:50.745186Z","details":{"actor":"INSTALLER","at":"2026-10-03T11:42:50Z","code":"SECRET_SET"},"id":"al_01M40S5XBVPJ9BC0C9MTMR9MCN","kind":"SEPAY_UPDATED"}]}
POST /v1/invoices/iv_01M40S5ZKVQMW6C68MF6J6BGR1/payments {"method":"TRANSFER"}
  -> 201 {"amount":70000,"id":"pm_01M40S5ZKZ3SARJGVYSH0MTB1A","invoiceId":"iv_01M40S5ZKVQMW6C68MF6J6BGR1","method":"TRANSFER","qr":{"accountName":"REHEARSAL TEST","accountNoMasked":"******8888","amount":35000,"payload":"00020101021238540010A00000072701240006970436011010175888880208QRIBFTTA53037045405350005802VN62140810PH1003A1016304978E","transferNote":"PH1003A101"},"receivedAmount":35000,"remaining":35000,"status":"PENDING"}
WEBHOOK in 35000 "PH1003A101" id=1791027774134442 age=0s
  -> 200 {"success": true}
GET /v1/payments/pm_01M40S5ZKZ3SARJGVYSH0MTB1A 
  -> 200 {"amount":70000,"id":"pm_01M40S5ZKZ3SARJGVYSH0MTB1A","invoiceId":"iv_01M40S5ZKVQMW6C68MF6J6BGR1","method":"TRANSFER","paidAt":"2026-10-03T11:42:54.137132Z","receivedAmount":70000,"remaining":0,"status":"PAID","transactionId":"1791027774134442"}
GET /v1/owner/alerts 
  -> 200 {"items":[{"amount":35000,"createdAt":"2026-10-03T11:42:54.015735Z","details":{"billCode":"PH1003A101","received":"35000","remaining":"35000","since":"2026-10-03T11:22:53Z"},"id":"al_01M40S60HZCZJ73SNJ4FQ94XHV","kind":"PAYMENT_PARTIAL","resolution":"PAID","resolvedAt":"2026-10-03T11:42:54.138826Z","roomCode":"A101","stayId":"st_01M40S5ZKJGH5ZM6BKF5MGSQ04"},{"createdAt":"2026-10-03T11:42:50.745186Z","details":{"actor":"INSTALLER","at":"2026-10-03T11:42:50Z","code":"SECRET_SET"},"id":"al_01M40S5XBVPJ9BC0C9MTMR9MCN","kind":"SEPAY_UPDATED"}]}
GET /v1/buildings/bd_01M40S5PXMRF3SZ1GQ5SFB9DDB/rooms 
  -> 200 {"items":[{"buildingId":"bd_01M40S5PXMRF3SZ1GQ5SFB9DDB","code":"A101","floor":1,"floorId":"fl_01M40S5PXM74H4AWP00F63EXRZ","floorName":"1","id":"un_01M40S5PXMJ27BQGSKZ57BJ2QQ","status":"TO_CLEAN","unitType":{"code":"STANDARD","name":{"en":"Standard","vi":"Phòng thường"}}},{"buildingId":"bd_01M40S5PXMRF3SZ1GQ5SFB9DDB","code":"A102","floor":1,"floorId":"fl_01M40S5PXM74H4AWP00F63EXRZ","floorName":"1","id":"un_01M40S5PXMMN3PJYHS5NZVQJ2R","status":"VACANT","unitType":{"code":"STANDARD","name":{"en":"Standard","vi":"Phòng thường"}}},{"buildingId":"bd_01M40S5PXMRF3SZ1GQ5SFB9DDB","code":"A103","floor":
POST /v1/rooms/un_01M40S5PXMMN3PJYHS5NZVQJ2R/stays {"rentalType":"HOURLY","guestName":"Rehearsal Guest","guestPhone":"0912345678","deposit":10000}
  -> 201 {"checkInAt":"2026-10-03T11:42:54.154488Z","deposit":10000,"extras":[],"guestId":{"hasBackPhoto":false,"hasFrontPhoto":false,"hasIdNumber":false},"guestName":"Rehearsal Guest","guestPhone":"0912345678","id":"st_01M40S60PAJQ1CNYCCJVN9DHYQ","pricingVersion":1,"quote":{"asOf":"2026-10-03T11:42:54.154488Z","balanceDue":70000,"capped":false,"depositPaid":10000,"extrasAmount":0,"lines":[{"amount":80000,"code":"FIRST_HOUR","quantity":1,"unitAmount":80000}],"refundDue":0,"stayAmount":80000,"total":80000},"rentalType":"HOURLY","roomCode":"A102","roomId":"un_01M40S5PXMMN3PJYHS5NZVQJ2R","status":"ACTIVE"
POST /v1/stays/st_01M40S60PAJQ1CNYCCJVN9DHYQ/checkout 
  -> 201 {"billCode":"PH1003A102","createdAt":"2026-10-03T11:42:54.160373Z","id":"iv_01M40S60PGM4JFAMZ77KH0BXA0","quote":{"asOf":"2026-10-03T11:42:54.160373Z","balanceDue":70000,"capped":false,"depositPaid":10000,"extrasAmount":0,"lines":[{"amount":80000,"code":"FIRST_HOUR","quantity":1,"unitAmount":80000}],"refundDue":0,"stayAmount":80000,"total":80000},"roomCode":"A102","status":"OPEN","stayId":"st_01M40S60PAJQ1CNYCCJVN9DHYQ"}
POST /v1/invoices/iv_01M40S60PGM4JFAMZ77KH0BXA0/payments {"method":"TRANSFER"}
  -> 201 {"amount":70000,"id":"pm_01M40S60PMZ8G4203BA3QVF91Q","invoiceId":"iv_01M40S60PGM4JFAMZ77KH0BXA0","method":"TRANSFER","qr":{"accountName":"REHEARSAL TEST","accountNoMasked":"******8888","amount":70000,"payload":"00020101021238540010A00000072701240006970436011010175888880208QRIBFTTA53037045405700005802VN62140810PH1003A10263044211","transferNote":"PH1003A102"},"remaining":70000,"status":"PENDING"}
GET /v1/owner/alerts 
  -> 200 {"items":[{"amount":70000,"createdAt":"2026-10-03T11:42:54.826154Z","details":{"balance":"70000","billCode":"PH1003A102"},"id":"al_01M40S61BA3Z07J1SBC49WN33J","kind":"PAYMENT_UNPAID","roomCode":"A102","stayId":"st_01M40S60PAJQ1CNYCCJVN9DHYQ"},{"amount":35000,"createdAt":"2026-10-03T11:42:54.015735Z","details":{"billCode":"PH1003A101","received":"35000","remaining":"35000","since":"2026-10-03T11:22:53Z"},"id":"al_01M40S60HZCZJ73SNJ4FQ94XHV","kind":"PAYMENT_PARTIAL","resolution":"PAID","resolvedAt":"2026-10-03T11:42:54.138826Z","roomCode":"A101","stayId":"st_01M40S5ZKJGH5ZM6BKF5MGSQ04"},{"create
WEBHOOK in 70000 "PH1003A102" id=1791027774950431 age=0s
  -> 200 {"success": true}
GET /v1/payments/pm_01M40S60PMZ8G4203BA3QVF91Q 
  -> 200 {"amount":70000,"id":"pm_01M40S60PMZ8G4203BA3QVF91Q","invoiceId":"iv_01M40S60PGM4JFAMZ77KH0BXA0","method":"TRANSFER","paidAt":"2026-10-03T11:42:54.954415Z","receivedAmount":70000,"remaining":0,"status":"PAID","transactionId":"1791027774950431"}
GET /v1/owner/alerts 
  -> 200 {"items":[{"amount":70000,"createdAt":"2026-10-03T11:42:54.826154Z","details":{"balance":"70000","billCode":"PH1003A102"},"id":"al_01M40S61BA3Z07J1SBC49WN33J","kind":"PAYMENT_UNPAID","resolution":"PAID","resolvedAt":"2026-10-03T11:42:54.955381Z","roomCode":"A102","stayId":"st_01M40S60PAJQ1CNYCCJVN9DHYQ"},{"amount":35000,"createdAt":"2026-10-03T11:42:54.015735Z","details":{"billCode":"PH1003A101","received":"35000","remaining":"35000","since":"2026-10-03T11:22:53Z"},"id":"al_01M40S60HZCZJ73SNJ4FQ94XHV","kind":"PAYMENT_PARTIAL","resolution":"PAID","resolvedAt":"2026-10-03T11:42:54.138826Z","room
GET /v1/buildings/bd_01M40S5PXMRF3SZ1GQ5SFB9DDB/rooms 
  -> 200 {"items":[{"buildingId":"bd_01M40S5PXMRF3SZ1GQ5SFB9DDB","code":"A101","floor":1,"floorId":"fl_01M40S5PXM74H4AWP00F63EXRZ","floorName":"1","id":"un_01M40S5PXMJ27BQGSKZ57BJ2QQ","status":"TO_CLEAN","unitType":{"code":"STANDARD","name":{"en":"Standard","vi":"Phòng thường"}}},{"buildingId":"bd_01M40S5PXMRF3SZ1GQ5SFB9DDB","code":"A102","floor":1,"floorId":"fl_01M40S5PXM74H4AWP00F63EXRZ","floorName":"1","id":"un_01M40S5PXMMN3PJYHS5NZVQJ2R","status":"TO_CLEAN","unitType":{"code":"STANDARD","name":{"en":"Standard","vi":"Phòng thường"}}},{"buildingId":"bd_01M40S5PXMRF3SZ1GQ5SFB9DDB","code":"A103","floor
POST /v1/rooms/un_01M40S5PXMJMAB7HEA3R7J1V1G/stays {"rentalType":"HOURLY","guestName":"Rehearsal Guest","guestPhone":"0912345678","deposit":500000}
  -> 201 {"checkInAt":"2026-10-03T11:42:54.970464Z","deposit":500000,"extras":[],"guestId":{"hasBackPhoto":false,"hasFrontPhoto":false,"hasIdNumber":false},"guestName":"Rehearsal Guest","guestPhone":"0912345678","id":"st_01M40S61FTPTES3HH3CH6VX5QM","pricingVersion":1,"quote":{"asOf":"2026-10-03T11:42:54.970464Z","balanceDue":0,"capped":false,"depositPaid":500000,"extrasAmount":0,"lines":[{"amount":80000,"code":"FIRST_HOUR","quantity":1,"unitAmount":80000}],"refundDue":420000,"stayAmount":80000,"total":80000},"rentalType":"HOURLY","roomCode":"A103","roomId":"un_01M40S5PXMJMAB7HEA3R7J1V1G","status":"ACTI
POST /v1/stays/st_01M40S61FTPTES3HH3CH6VX5QM/checkout 
  -> 201 {"billCode":"PH1003A103","createdAt":"2026-10-03T11:42:54.975138Z","id":"iv_01M40S61FZ45QV0B61VEFR34HZ","quote":{"asOf":"2026-10-03T11:42:54.975138Z","balanceDue":0,"capped":false,"depositPaid":500000,"extrasAmount":0,"lines":[{"amount":80000,"code":"FIRST_HOUR","quantity":1,"unitAmount":80000}],"refundDue":420000,"stayAmount":80000,"total":80000},"roomCode":"A103","status":"OPEN","stayId":"st_01M40S61FTPTES3HH3CH6VX5QM"}
GET /v1/owner/alerts 
  -> 200 {"items":[{"amount":420000,"createdAt":"2026-10-03T11:42:55.474592Z","details":{"billCode":"PH1003A103","refundDue":"420000"},"id":"al_01M40S61ZKABPP3X4AWZDME35G","kind":"REFUND_PENDING","roomCode":"A103","stayId":"st_01M40S61FTPTES3HH3CH6VX5QM"},{"amount":70000,"createdAt":"2026-10-03T11:42:54.826154Z","details":{"balance":"70000","billCode":"PH1003A102"},"id":"al_01M40S61BA3Z07J1SBC49WN33J","kind":"PAYMENT_UNPAID","resolution":"PAID","resolvedAt":"2026-10-03T11:42:54.955381Z","roomCode":"A102","stayId":"st_01M40S60PAJQ1CNYCCJVN9DHYQ"},{"amount":35000,"createdAt":"2026-10-03T11:42:54.015735Z"
POST /v1/invoices/iv_01M40S61FZ45QV0B61VEFR34HZ/payments {"method":"CASH"}
  -> 201 {"amount":0,"id":"pm_01M40S622TFZ70R5KEG5BPJQ51","invoiceId":"iv_01M40S61FZ45QV0B61VEFR34HZ","method":"CASH","paidAt":"2026-10-03T11:42:55.577681Z","receivedAmount":0,"remaining":0,"status":"PAID"}
GET /v1/owner/alerts 
  -> 200 {"items":[{"amount":420000,"createdAt":"2026-10-03T11:42:55.474592Z","details":{"billCode":"PH1003A103","refundDue":"420000"},"id":"al_01M40S61ZKABPP3X4AWZDME35G","kind":"REFUND_PENDING","resolution":"REFUNDED","resolvedAt":"2026-10-03T11:42:55.579057Z","roomCode":"A103","stayId":"st_01M40S61FTPTES3HH3CH6VX5QM"},{"amount":70000,"createdAt":"2026-10-03T11:42:54.826154Z","details":{"balance":"70000","billCode":"PH1003A102"},"id":"al_01M40S61BA3Z07J1SBC49WN33J","kind":"PAYMENT_UNPAID","resolution":"PAID","resolvedAt":"2026-10-03T11:42:54.955381Z","roomCode":"A102","stayId":"st_01M40S60PAJQ1CNYCCJ