GET /v1/buildings 
  -> 200 {"items":[{"code":"A","counts":{"maintenance":0,"occupied":4,"overdue":0,"toClean":7,"vacant":109},"floors":[{"id":"fl_01M405JF5BCNDATRVY60SGNRTF","name":"1","order":1},{"id":"fl_01M405JF5BGWM44ASWKWRWJQ99","name":"2","order":2},{"id":"fl_01M405JF5BTTTF5MRA2Q2HWZNA","name":"3","order":3}],"id":"bd_01M405JF5BYGDW7RGK4KB35SWW","level":"EDIT","name":"Building A"}]}
GET /v1/buildings/bd_01M405JF5BYGDW7RGK4KB35SWW/rooms 
  -> 200 {"items":[{"buildingId":"bd_01M405JF5BYGDW7RGK4KB35SWW","code":"A101","floor":1,"floorId":"fl_01M405JF5BCNDATRVY60SGNRTF","floorName":"1","id":"un_01M405JF5BV3JF0G84JYES61BF","status":"TO_CLEAN","unitType":{"code":"STANDARD","name":{"en":"Standard","vi":"Phòng thường"}}},{"buildingId":"bd_01M405JF5BYGDW7RGK4KB35SWW","code":"A102","floor":1,"floorId":"fl_01M405JF5BCNDATRVY60SGNRTF","floorName":"1","id":"un_01M405JF5BNCSN7MWJCJQS9F53","status":"TO_CLEAN","unitType":{"code":"STANDARD","name":{"en":"Standard","vi":"Phòng thường"}}},{"buildingId":"bd_01M405JF5BYGDW7RGK4KB35SWW","code":"A103","floor
POST /v1/rooms/un_01M405JF5BMNGE0A9EC78RT8S9/stays {"rentalType":"HOURLY","guestName":"Rehearsal Guest","guestPhone":"0912345678","deposit":10000}
  -> 201 {"checkInAt":"2026-10-03T06:00:24.201125Z","deposit":10000,"extras":[],"guestId":{"hasBackPhoto":false,"hasFrontPhoto":false,"hasIdNumber":false},"guestName":"Rehearsal Guest","guestPhone":"0912345678","id":"st_01M405JWC9M9FNMJX5BWFJPTXP","pricingVersion":1,"quote":{"asOf":"2026-10-03T06:00:24.201125Z","balanceDue":70000,"capped":false,"depositPaid":10000,"extrasAmount":0,"lines":[{"amount":80000,"code":"FIRST_HOUR","quantity":1,"unitAmount":80000}],"refundDue":0,"stayAmount":80000,"total":80000},"rentalType":"HOURLY","roomCode":"A112","roomId":"un_01M405JF5BMNGE0A9EC78RT8S9","status":"ACTIVE"
POST /v1/stays/st_01M405JWC9M9FNMJX5BWFJPTXP/checkout 
  -> 201 {"billCode":"PH1003A112","createdAt":"2026-10-03T06:00:24.205902Z","id":"iv_01M405JWCEYZTC7TVSMWP8NV75","quote":{"asOf":"2026-10-03T06:00:24.205902Z","balanceDue":70000,"capped":false,"depositPaid":10000,"extrasAmount":0,"lines":[{"amount":80000,"code":"FIRST_HOUR","quantity":1,"unitAmount":80000}],"refundDue":0,"stayAmount":80000,"total":80000},"roomCode":"A112","status":"OPEN","stayId":"st_01M405JWC9M9FNMJX5BWFJPTXP"}
POST /v1/invoices/iv_01M405JWCEYZTC7TVSMWP8NV75/payments {"method":"TRANSFER"}
  -> 201 {"amount":70000,"id":"pm_01M405JWCHT13MPFMASRBB1DHK","invoiceId":"iv_01M405JWCEYZTC7TVSMWP8NV75","method":"TRANSFER","qr":{"accountName":"REHEARSAL TEST","accountNoMasked":"******8888","amount":70000,"payload":"00020101021238540010A00000072701240006970436011010175888880208QRIBFTTA53037045405700005802VN62140810PH1003A112630407B1","transferNote":"PH1003A112"},"remaining":70000,"status":"PENDING"}
GET /v1/buildings/bd_01M405JF5BYGDW7RGK4KB35SWW/rooms 
  -> 200 {"items":[{"buildingId":"bd_01M405JF5BYGDW7RGK4KB35SWW","code":"A101","floor":1,"floorId":"fl_01M405JF5BCNDATRVY60SGNRTF","floorName":"1","id":"un_01M405JF5BV3JF0G84JYES61BF","status":"TO_CLEAN","unitType":{"code":"STANDARD","name":{"en":"Standard","vi":"Phòng thường"}}},{"buildingId":"bd_01M405JF5BYGDW7RGK4KB35SWW","code":"A102","floor":1,"floorId":"fl_01M405JF5BCNDATRVY60SGNRTF","floorName":"1","id":"un_01M405JF5BNCSN7MWJCJQS9F53","status":"TO_CLEAN","unitType":{"code":"STANDARD","name":{"en":"Standard","vi":"Phòng thường"}}},{"buildingId":"bd_01M405JF5BYGDW7RGK4KB35SWW","code":"A103","floor
POST /v1/rooms/un_01M405JF5BNW2FS5TDDP4K9MCV/stays {"rentalType":"HOURLY","guestName":"Rehearsal Guest","guestPhone":"0912345678","deposit":10000}
  -> 201 {"checkInAt":"2026-10-03T06:00:24.218148Z","deposit":10000,"extras":[],"guestId":{"hasBackPhoto":false,"hasFrontPhoto":false,"hasIdNumber":false},"guestName":"Rehearsal Guest","guestPhone":"0912345678","id":"st_01M405JWCTGCBP42EB98HN4RQW","pricingVersion":1,"quote":{"asOf":"2026-10-03T06:00:24.218148Z","balanceDue":70000,"capped":false,"depositPaid":10000,"extrasAmount":0,"lines":[{"amount":80000,"code":"FIRST_HOUR","quantity":1,"unitAmount":80000}],"refundDue":0,"stayAmount":80000,"total":80000},"rentalType":"HOURLY","roomCode":"A113","roomId":"un_01M405JF5BNW2FS5TDDP4K9MCV","status":"ACTIVE"
POST /v1/stays/st_01M405JWCTGCBP42EB98HN4RQW/checkout 
  -> 201 {"billCode":"PH1003A113","createdAt":"2026-10-03T06:00:24.221582Z","id":"iv_01M405JWCXZ8YJK6H598HJ6CD8","quote":{"asOf":"2026-10-03T06:00:24.221582Z","balanceDue":70000,"capped":false,"depositPaid":10000,"extrasAmount":0,"lines":[{"amount":80000,"code":"FIRST_HOUR","quantity":1,"unitAmount":80000}],"refundDue":0,"stayAmount":80000,"total":80000},"roomCode":"A113","status":"OPEN","stayId":"st_01M405JWCTGCBP42EB98HN4RQW"}
POST /v1/invoices/iv_01M405JWCXZ8YJK6H598HJ6CD8/payments {"method":"TRANSFER"}
  -> 201 {"amount":70000,"id":"pm_01M405JWD0MBRD6M3WCRJF2HSC","invoiceId":"iv_01M405JWCXZ8YJK6H598HJ6CD8","method":"TRANSFER","qr":{"accountName":"REHEARSAL TEST","accountNoMasked":"******8888","amount":70000,"payload":"00020101021238540010A00000072701240006970436011010175888880208QRIBFTTA53037045405700005802VN62140810PH1003A1136304ADE0","transferNote":"PH1003A113"},"remaining":70000,"status":"PENDING"}
WEBHOOK in 70000 "" id=1791007224226137 age=0s
  -> 200 {"success": true}
GET /v1/owner/transactions 
  -> 200 {"items":[{"amount":70000,"at":"2026-10-03T06:00:24.226906Z","id":"pe_01M405JWD3JQG385TRETS7QZ98","kind":"PAYMENT","method":"TRANSFER","paymentEventId":"pe_01M405JWD3JQG385TRETS7QZ98","receivedAt":"2026-10-03T06:00:24.226906Z","reconciliation":"UNMATCHED","transferNote":"once only"},{"amount":69000,"at":"2026-10-03T06:00:24.170054Z","id":"pe_01M405JWBAJ65EW8NF9WBBMA23","kind":"PAYMENT","method":"TRANSFER","paymentEventId":"pe_01M405JWBAJ65EW8NF9WBBMA23","receivedAt":"2026-10-03T06:00:24.170054Z","reconciliation":"UNMATCHED","transferNote":"short and no code"},{"amount":70000,"at":"2026-10-03T0
POST /v1/owner/payment-events/pe_01M405JWD3JQG385TRETS7QZ98/link {"invoiceId":"iv_01M405JWCEYZTC7TVSMWP8NV75"}
  -> 200 {"amount":70000,"at":"2026-10-03T06:00:24.236485Z","billCode":"PH1003A112","id":"pm_01M405JWCHT13MPFMASRBB1DHK","kind":"","method":"TRANSFER","paymentEventId":"pe_01M405JWD3JQG385TRETS7QZ98","reconciliation":"MATCHED","roomCode":"A112"}
POST /v1/owner/payment-events/pe_01M405JWD3JQG385TRETS7QZ98/link {"invoiceId":"iv_01M405JWCXZ8YJK6H598HJ6CD8"}
  -> 409 {"type":"about:blank","title":"Conflict","status":409,"code":"EVENT_NOT_LINKABLE"}
GET /v1/payments/pm_01M405JWD0MBRD6M3WCRJF2HSC 
  -> 200 {"amount":70000,"id":"pm_01M405JWD0MBRD6M3WCRJF2HSC","invoiceId":"iv_01M405JWCXZ8YJK6H598HJ6CD8","method":"TRANSFER","qr":{"accountName":"REHEARSAL TEST","accountNoMasked":"******8888","amount":70000,"payload":"00020101021238540010A00000072701240006970436011010175888880208QRIBFTTA53037045405700005802VN62140810PH1003A1136304ADE0","transferNote":"PH1003A113"},"remaining":70000,"status":"PENDING"}