POST /v1/owner/buildings {"code":"Y","name":"Building Y","floors":1,"roomsPerFloor":0,"unitTypeCode":"STANDARD"}
  -> 201 {"code":"Y","counts":{"maintenance":0,"occupied":0,"overdue":0,"toClean":0,"vacant":0},"floors":[{"id":"fl_01M40WZX03GN280VCYC0CWF0HJ","name":"1","order":1}],"id":"bd_01M40WZX03WDT424RP6RYTDWSV","level":"EDIT","name":"Building Y"}
POST /v1/owner/buildings/bd_01M40WZX03WDT424RP6RYTDWSV/floors {"name":"2","rooms":{"count":3,"startCode":"Y201","unitTypeCode":"STANDARD"}}
  -> 201 {"items":[{"buildingId":"bd_01M40WZX03WDT424RP6RYTDWSV","code":"Y201","floor":2,"floorId":"fl_01M40WZX05VQ783HEWG11V0FNH","floorName":"2","id":"un_01M40WZX05KKGAXC41F1XN81AE","status":"VACANT","unitType":{"code":"STANDARD","name":{"en":"Standard","vi":"Phòng thường"}}},{"buildingId":"bd_01M40WZX03WDT424RP6RYTDWSV","code":"Y202","floor":2,"floorId":"fl_01M40WZX05VQ783HEWG11V0FNH","floorName":"2","id":"un_01M40WZX06V49KZ3EBFB5GE2NP","status":"VACANT","unitType":{"code":"STANDARD","name":{"en":"Standard","vi":"Phòng thường"}}},{"buildingId":"bd_01M40WZX03WDT424RP6RYTDWSV","code":"Y203","floor":2,
GET /v1/buildings 
  -> 200 {"items":[{"code":"A","counts":{"maintenance":0,"occupied":22,"overdue":0,"toClean":8,"vacant":170},"floors":[{"id":"fl_01M40WXZFD46BD6J3FBJ2NPM8A","name":"1","order":1},{"id":"fl_01M40WXZFDW689V2GMSAJ721K8","name":"2","order":2},{"id":"fl_01M40WXZFDXXG4WVDSZPE12YHB","name":"3","order":3},{"id":"fl_01M40WXZFDSF72A3ED1X9QZP1P","name":"4","order":4}],"id":"bd_01M40WXZFDSX288SJN4EAN9F2E","level":"EDIT","name":"Building A"},{"code":"Y","counts":{"maintenance":0,"occupied":0,"overdue":0,"toClean":0,"vacant":3},"floors":[{"id":"fl_01M40WZX03GN280VCYC0CWF0HJ","name":"1","order":1},{"id":"fl_01M40WZX0
POST /v1/owner/rooms {"buildingId":"bd_01M40WZX03WDT424RP6RYTDWSV","floorId":"fl_01M40WZX03GN280VCYC0CWF0HJ","fromCode":"Y101","toCode":"Y103","unitTypeCode":"STANDARD","availableNow":true}
  -> 201 {"items":[{"buildingId":"bd_01M40WZX03WDT424RP6RYTDWSV","code":"Y101","floor":1,"floorId":"fl_01M40WZX03GN280VCYC0CWF0HJ","floorName":"1","id":"un_01M40WZX0ETW9DAQGVGYT7SZZ1","status":"VACANT","unitType":{"code":"STANDARD","name":{"en":"Standard","vi":"Phòng thường"}}},{"buildingId":"bd_01M40WZX03WDT424RP6RYTDWSV","code":"Y102","floor":1,"floorId":"fl_01M40WZX03GN280VCYC0CWF0HJ","floorName":"1","id":"un_01M40WZX0EXW8QJP0WA9E5ZQF4","status":"VACANT","unitType":{"code":"STANDARD","name":{"en":"Standard","vi":"Phòng thường"}}},{"buildingId":"bd_01M40WZX03WDT424RP6RYTDWSV","code":"Y103","floor":1,
GET /v1/buildings/bd_01M40WZX03WDT424RP6RYTDWSV/rooms 
  -> 200 {"items":[{"buildingId":"bd_01M40WZX03WDT424RP6RYTDWSV","code":"Y101","floor":1,"floorId":"fl_01M40WZX03GN280VCYC0CWF0HJ","floorName":"1","id":"un_01M40WZX0ETW9DAQGVGYT7SZZ1","status":"VACANT","unitType":{"code":"STANDARD","name":{"en":"Standard","vi":"Phòng thường"}}},{"buildingId":"bd_01M40WZX03WDT424RP6RYTDWSV","code":"Y102","floor":1,"floorId":"fl_01M40WZX03GN280VCYC0CWF0HJ","floorName":"1","id":"un_01M40WZX0EXW8QJP0WA9E5ZQF4","status":"VACANT","unitType":{"code":"STANDARD","name":{"en":"Standard","vi":"Phòng thường"}}},{"buildingId":"bd_01M40WZX03WDT424RP6RYTDWSV","code":"Y103","floor":1,
GET /v1/buildings 
  -> 200 {"items":[{"code":"A","counts":{"maintenance":0,"occupied":22,"overdue":0,"toClean":8,"vacant":170},"floors":[{"id":"fl_01M40WXZFD46BD6J3FBJ2NPM8A","name":"1","order":1},{"id":"fl_01M40WXZFDW689V2GMSAJ721K8","name":"2","order":2},{"id":"fl_01M40WXZFDXXG4WVDSZPE12YHB","name":"3","order":3},{"id":"fl_01M40WXZFDSF72A3ED1X9QZP1P","name":"4","order":4}],"id":"bd_01M40WXZFDSX288SJN4EAN9F2E","level":"EDIT","name":"Building A"}]}
GET /v1/buildings/bd_01M40WXZFDSX288SJN4EAN9F2E/rooms 
  -> 200 {"items":[{"buildingId":"bd_01M40WXZFDSX288SJN4EAN9F2E","code":"A101","floor":1,"floorId":"fl_01M40WXZFD46BD6J3FBJ2NPM8A","floorName":"1","id":"un_01M40WXZFDQ0NBEC89PW0MK9G1","status":"TO_CLEAN","unitType":{"code":"STANDARD","name":{"en":"Standard","vi":"Phòng thường"}}},{"buildingId":"bd_01M40WXZFDSX288SJN4EAN9F2E","code":"A102","floor":1,"floorId":"fl_01M40WXZFD46BD6J3FBJ2NPM8A","floorName":"1","id":"un_01M40WXZFDFR0ABNC0VSCVNYRE","status":"TO_CLEAN","unitType":{"code":"STANDARD","name":{"en":"Standard","vi":"Phòng thường"}}},{"buildingId":"bd_01M40WXZFDSX288SJN4EAN9F2E","code":"A103","floor
POST /v1/rooms/un_01M40WXZFDB3TBHYN9897GA2G3/stays {"rentalType":"HOURLY","guestName":"Rehearsal Guest","guestPhone":"0912345678","deposit":10000}
  -> 201 {"checkInAt":"2026-10-03T12:49:28.100651Z","deposit":10000,"extras":[],"guestId":{"hasBackPhoto":false,"hasFrontPhoto":false,"hasIdNumber":false},"guestName":"Rehearsal Guest","guestPhone":"0912345678","id":"st_01M40WZX145DNA9QJ7VQ5J45CY","pricingVersion":3,"quote":{"asOf":"2026-10-03T12:49:28.100651Z","balanceDue":70000,"capped":false,"depositPaid":10000,"extrasAmount":0,"lines":[{"amount":80000,"code":"FIRST_HOUR","quantity":1,"unitAmount":80000}],"refundDue":0,"stayAmount":80000,"total":80000},"rentalType":"HOURLY","roomCode":"A131","roomId":"un_01M40WXZFDB3TBHYN9897GA2G3","status":"ACTIVE"
GET /v1/buildings/bd_01M40WXZFDSX288SJN4EAN9F2E/rooms 
  -> 200 {"items":[{"buildingId":"bd_01M40WXZFDSX288SJN4EAN9F2E","code":"A101","floor":1,"floorId":"fl_01M40WXZFD46BD6J3FBJ2NPM8A","floorName":"1","id":"un_01M40WXZFDQ0NBEC89PW0MK9G1","status":"TO_CLEAN","unitType":{"code":"STANDARD","name":{"en":"Standard","vi":"Phòng thường"}}},{"buildingId":"bd_01M40WXZFDSX288SJN4EAN9F2E","code":"A102","floor":1,"floorId":"fl_01M40WXZFD46BD6J3FBJ2NPM8A","floorName":"1","id":"un_01M40WXZFDFR0ABNC0VSCVNYRE","status":"TO_CLEAN","unitType":{"code":"STANDARD","name":{"en":"Standard","vi":"Phòng thường"}}},{"buildingId":"bd_01M40WXZFDSX288SJN4EAN9F2E","code":"A103","floor
PATCH /v1/owner/rooms/un_01M40WXZFDB3TBHYN9897GA2G3 {"unitTypeCode":"DELUXE"}
  -> 409 {"type":"about:blank","title":"Conflict","status":409,"code":"ROOM_OCCUPIED"}
PATCH /v1/owner/rooms/un_01M40WXZFDB3TBHYN9897GA2G3 {"retired":true}
  -> 409 {"type":"about:blank","title":"Conflict","status":409,"code":"ROOM_OCCUPIED"}