GET /v1/buildings 
  -> 200 {"items":[{"code":"A","counts":{"maintenance":0,"occupied":8,"overdue":0,"toClean":17,"vacant":95},"floors":[{"id":"fl_01M405JF5BCNDATRVY60SGNRTF","name":"1","order":1},{"id":"fl_01M405JF5BGWM44ASWKWRWJQ99","name":"2","order":2},{"id":"fl_01M405JF5BTTTF5MRA2Q2HWZNA","name":"3","order":3}],"id":"bd_01M405JF5BYGDW7RGK4KB35SWW","level":"EDIT","name":"Building A"}]}
GET /v1/buildings/bd_01M405JF5BYGDW7RGK4KB35SWW/rooms 
  -> 200 {"items":[{"buildingId":"bd_01M405JF5BYGDW7RGK4KB35SWW","code":"A101","floor":1,"floorId":"fl_01M405JF5BCNDATRVY60SGNRTF","floorName":"1","id":"un_01M405JF5BV3JF0G84JYES61BF","status":"TO_CLEAN","unitType":{"code":"STANDARD","name":{"en":"Standard","vi":"Phòng thường"}}},{"buildingId":"bd_01M405JF5BYGDW7RGK4KB35SWW","code":"A102","floor":1,"floorId":"fl_01M405JF5BCNDATRVY60SGNRTF","floorName":"1","id":"un_01M405JF5BNCSN7MWJCJQS9F53","status":"TO_CLEAN","unitType":{"code":"STANDARD","name":{"en":"Standard","vi":"Phòng thường"}}},{"buildingId":"bd_01M405JF5BYGDW7RGK4KB35SWW","code":"A103","floor
POST /v1/owner/staff {"name":"Rehearsal rl06user","username":"rl06user","position":"FRONT_DESK","appAccess":"RECEPTIONIST","contract":{"payType":"MONTHLY","rate":6000000,"fixedAllowance":0,"standardShifts":26,"startDate":"2026-01-01","annualLeaveDays":12},"buildingAccess":[{"buildingId":"bd_01M405JF5BYGDW7RGK4KB35SWW","level":"EDIT"}]}
  -> 201 {"oneTimePin":{"expiresAt":"2026-10-04T06:01:32.656507Z","pin":"***"},"staff":{"appAccess":"RECEPTIONIST","buildingAccess":[{"buildingId":"bd_01M405JF5BYGDW7RGK4KB35SWW","level":"EDIT"}],"contract":{"annualLeaveDays":12,"fixedAllowance":0,"payType":"MONTHLY","rate":6000000,"standardShifts":26,"startDate":"2026-01-01"},"id":"us_01M405MZ7HGYPYGYYSBHMTWJ4N","name":"Rehearsal rl06user","position":"FRONT_DESK","status":"ACTIVE","username":"rl06user"}}
POST /v1/auth/sign-in {"guesthouseCode":"rhaec4ce","username":"rl06user","pin":"***"}
  -> 200 {"accessToken":"***","expiresAt":"2026-10-03T18:01:33.811347Z","mustChangePin":true,"tenantId":"tn_01M405JF5BQ3D2VK6SFMNGZGK9","user":{"id":"us_01M405MZ7HGYPYGYYSBHMTWJ4N","locale":"vi","name":"Rehearsal rl06user","role":"RECEPTIONIST"}}
PUT /v1/me/pin {"currentPin":"***","newPin":"***"}
  -> 204 ""
POST /v1/auth/sign-in {"guesthouseCode":"rhaec4ce","username":"rl06user","pin":"***"}
  -> 200 {"accessToken":"***","expiresAt":"2026-10-03T18:01:35.002506Z","mustChangePin":false,"tenantId":"tn_01M405JF5BQ3D2VK6SFMNGZGK9","user":{"id":"us_01M405MZ7HGYPYGYYSBHMTWJ4N","locale":"vi","name":"Rehearsal rl06user","role":"RECEPTIONIST"}}
POST /v1/owner/staff/us_01M405MZ7HGYPYGYYSBHMTWJ4N/remove {"ownerPin":"***"}
  -> 403 {"type":"about:blank","title":"Forbidden","status":403,"code":"OWNER_PIN_INVALID"}
GET /v1/me 
  -> 200 {"buildingAccess":[{"buildingId":"bd_01M405JF5BYGDW7RGK4KB35SWW","level":"EDIT"}],"tenant":{"currency":"VND","id":"tn_01M405JF5BQ3D2VK6SFMNGZGK9","name":"Rehearsal Test rhaec4ce","timezone":"Asia/Ho_Chi_Minh"},"user":{"id":"us_01M405MZ7HGYPYGYYSBHMTWJ4N","locale":"vi","name":"Rehearsal rl06user","role":"RECEPTIONIST"}}
POST /v1/owner/staff/us_01M405MZ7HGYPYGYYSBHMTWJ4N/remove {"ownerPin":"***"}
  -> 204 ""
GET /v1/me 
  -> 401 {"type":"about:blank","title":"Unauthorized","status":401,"code":"UNAUTHENTICATED"}
GET /v1/me 
  -> 401 {"type":"about:blank","title":"Unauthorized","status":401,"code":"UNAUTHENTICATED"}
POST /v1/auth/sign-in {"guesthouseCode":"rhaec4ce","username":"rl06user","pin":"***"}
  -> 401 {"type":"about:blank","title":"Unauthorized","status":401,"code":"PIN_INVALID"}