GET /v1/buildings 
  -> 200 {"items":[{"code":"A","counts":{"maintenance":1,"occupied":48,"overdue":0,"toClean":22,"vacant":129},"floors":[{"id":"fl_01M40S5PXM74H4AWP00F63EXRZ","name":"1","order":1},{"id":"fl_01M40S5PXM7VNN42W70DEZTC7S","name":"2","order":2},{"id":"fl_01M40S5PXMEF524KAVTK1YKWSE","name":"3","order":3},{"id":"fl_01M40S5PXM4621XFF7MS2T9FXM","name":"4","order":4}],"id":"bd_01M40S5PXMRF3SZ1GQ5SFB9DDB","level":"EDIT","name":"Building A"},{"code":"Y","counts":{"maintenance":0,"occupied":0,"overdue":0,"toClean":0,"vacant":6},"floors":[{"id":"fl_01M40S7W2NEDWE7619KV6QKNCE","name":"1","order":1},{"id":"fl_01M40S7W
GET /v1/buildings/bd_01M40S5PXMRF3SZ1GQ5SFB9DDB/rooms 
  -> 200 {"items":[{"buildingId":"bd_01M40S5PXMRF3SZ1GQ5SFB9DDB","code":"A101","floor":1,"floorId":"fl_01M40S5PXM74H4AWP00F63EXRZ","floorName":"1","id":"un_01M40S5PXMJ27BQGSKZ57BJ2QQ","status":"TO_CLEAN","unitType":{"code":"STANDARD","name":{"en":"Standard","vi":"Phòng thường"}}},{"buildingId":"bd_01M40S5PXMRF3SZ1GQ5SFB9DDB","code":"A102","floor":1,"floorId":"fl_01M40S5PXM74H4AWP00F63EXRZ","floorName":"1","id":"un_01M40S5PXMMN3PJYHS5NZVQJ2R","status":"TO_CLEAN","unitType":{"code":"STANDARD","name":{"en":"Standard","vi":"Phòng thường"}}},{"buildingId":"bd_01M40S5PXMRF3SZ1GQ5SFB9DDB","code":"A103","floor
POST /v1/owner/staff {"name":"Rehearsal rl03user","username":"rl03user","position":"FRONT_DESK","appAccess":"RECEPTIONIST","contract":{"payType":"MONTHLY","rate":6000000,"fixedAllowance":0,"standardShifts":26,"startDate":"2026-01-01","annualLeaveDays":12},"buildingAccess":[{"buildingId":"bd_01M40S5PXMRF3SZ1GQ5SFB9DDB","level":"EDIT"}]}
  -> 201 {"oneTimePin":{"expiresAt":"2026-10-04T11:48:07.071703Z","pin":"***"},"staff":{"appAccess":"RECEPTIONIST","buildingAccess":[{"buildingId":"bd_01M40S5PXMRF3SZ1GQ5SFB9DDB","level":"EDIT"},{"buildingId":"bd_01M40S7W2N87FER69WG4BG38V7","level":"NONE"}],"contract":{"annualLeaveDays":12,"fixedAllowance":0,"payType":"MONTHLY","rate":6000000,"standardShifts":26,"startDate":"2026-01-01"},"id":"us_01M40SFJ907ETXNSGYBB7T2MTE","name":"Rehearsal rl03user","position":"FRONT_DESK","status":"ACTIVE","username":"rl03user"}}
POST /v1/auth/sign-in {"guesthouseCode":"rh11ce74","username":"rl03user","pin":"***"}
  -> 401 {"type":"about:blank","title":"Unauthorized","status":401,"code":"PIN_INVALID"}
POST /v1/auth/sign-in {"guesthouseCode":"rh11ce74","username":"rl03user","pin":"***"}
  -> 401 {"type":"about:blank","title":"Unauthorized","status":401,"code":"PIN_INVALID"}
POST /v1/auth/sign-in {"guesthouseCode":"rh11ce74","username":"rl03user","pin":"***"}
  -> 401 {"type":"about:blank","title":"Unauthorized","status":401,"code":"PIN_INVALID"}
POST /v1/auth/sign-in {"guesthouseCode":"rh11ce74","username":"rl03user","pin":"***"}
  -> 401 {"type":"about:blank","title":"Unauthorized","status":401,"code":"PIN_INVALID"}
POST /v1/auth/sign-in {"guesthouseCode":"rh11ce74","username":"rl03user","pin":"***"}
  -> 401 {"type":"about:blank","title":"Unauthorized","status":401,"code":"ACCOUNT_LOCKED","lockedUntil":"2026-10-03T12:03:07.829057Z"}
POST /v1/auth/sign-in {"guesthouseCode":"rh11ce74","username":"rl03user","pin":"***"}
  -> 401 {"type":"about:blank","title":"Unauthorized","status":401,"code":"ACCOUNT_LOCKED","lockedUntil":"2026-10-03T12:03:07.829057Z"}
GET /v1/owner/alerts 
  -> 200 {"items":[{"actorName":"Rehearsal rl03user","createdAt":"2026-10-03T11:48:07.828967Z","details":{"lockedUntil":"2026-10-03T12:03:07Z"},"id":"al_01M40SFK6FXSK0WBGZBENRAEX5","kind":"ACCOUNT_LOCKED"},{"amount":70000,"createdAt":"2026-10-03T11:48:06.451346Z","details":{"eventId":"pe_01M40SFHNKNKXAWJVWF756WWZ5","transferNote":"manager tries to link"},"id":"al_01M40SFHNM377NJ7JX0CWYQYQN","kind":"UNMATCHED_TRANSFER"},{"actorName":"Rehearsal R7","amount":10000,"createdAt":"2026-10-03T11:44:07.989281Z","details":{"counted":"40000","expected":"50000"},"id":"al_01M40S88SP2ZA7VNBT2PF6EC4Y","kind":"CASH_SH
POST /v1/owner/staff/us_01M40SFJ907ETXNSGYBB7T2MTE/unlock 
  -> 200 {"appAccess":"RECEPTIONIST","buildingAccess":[{"buildingId":"bd_01M40S5PXMRF3SZ1GQ5SFB9DDB","level":"EDIT"},{"buildingId":"bd_01M40S7W2N87FER69WG4BG38V7","level":"NONE"}],"contract":{"annualLeaveDays":12,"fixedAllowance":0,"payType":"MONTHLY","rate":6000000,"standardShifts":26,"startDate":"2026-01-01"},"id":"us_01M40SFJ907ETXNSGYBB7T2MTE","name":"Rehearsal rl03user","position":"FRONT_DESK","status":"ACTIVE","username":"rl03user"}
POST /v1/auth/sign-in {"guesthouseCode":"rh11ce74","username":"rl03user","pin":"***"}
  -> 200 {"accessToken":"***","expiresAt":"2026-10-03T23:48:08.044006Z","mustChangePin":true,"tenantId":"tn_01M40S5PXMPY7RENBTZJAW4FGE","user":{"id":"us_01M40SFJ907ETXNSGYBB7T2MTE","locale":"vi","name":"Rehearsal rl03user","role":"RECEPTIONIST"}}