GET /v1/buildings 
  -> 200 {"items":[{"code":"A","counts":{"maintenance":0,"occupied":5,"overdue":0,"toClean":5,"vacant":190},"floors":[{"id":"fl_01M40S5PXM74H4AWP00F63EXRZ","name":"1","order":1},{"id":"fl_01M40S5PXM7VNN42W70DEZTC7S","name":"2","order":2},{"id":"fl_01M40S5PXMEF524KAVTK1YKWSE","name":"3","order":3},{"id":"fl_01M40S5PXM4621XFF7MS2T9FXM","name":"4","order":4}],"id":"bd_01M40S5PXMRF3SZ1GQ5SFB9DDB","level":"EDIT","name":"Building A"}]}
GET /v1/buildings/bd_01M40S5PXMRF3SZ1GQ5SFB9DDB/rooms 
  -> 200 {"items":[{"buildingId":"bd_01M40S5PXMRF3SZ1GQ5SFB9DDB","code":"A101","floor":1,"floorId":"fl_01M40S5PXM74H4AWP00F63EXRZ","floorName":"1","id":"un_01M40S5PXMJ27BQGSKZ57BJ2QQ","status":"TO_CLEAN","unitType":{"code":"STANDARD","name":{"en":"Standard","vi":"Phòng thường"}}},{"buildingId":"bd_01M40S5PXMRF3SZ1GQ5SFB9DDB","code":"A102","floor":1,"floorId":"fl_01M40S5PXM74H4AWP00F63EXRZ","floorName":"1","id":"un_01M40S5PXMMN3PJYHS5NZVQJ2R","status":"TO_CLEAN","unitType":{"code":"STANDARD","name":{"en":"Standard","vi":"Phòng thường"}}},{"buildingId":"bd_01M40S5PXMRF3SZ1GQ5SFB9DDB","code":"A103","floor
POST /v1/owner/staff {"name":"Rehearsal dn10user","username":"dn10user","position":"FRONT_DESK","appAccess":"RECEPTIONIST","contract":{"payType":"MONTHLY","rate":6000000,"fixedAllowance":0,"standardShifts":26,"startDate":"2026-01-01","annualLeaveDays":12},"buildingAccess":[{"buildingId":"bd_01M40S5PXMRF3SZ1GQ5SFB9DDB","level":"EDIT"}]}
  -> 201 {"oneTimePin":{"expiresAt":"2026-10-04T11:43:02.852479Z","pin":"***"},"staff":{"appAccess":"RECEPTIONIST","buildingAccess":[{"buildingId":"bd_01M40S5PXMRF3SZ1GQ5SFB9DDB","level":"EDIT"}],"contract":{"annualLeaveDays":12,"fixedAllowance":0,"payType":"MONTHLY","rate":6000000,"standardShifts":26,"startDate":"2026-01-01"},"id":"us_01M40S6965AWHTG12WRA97JP7G","name":"Rehearsal dn10user","position":"FRONT_DESK","status":"ACTIVE","username":"dn10user"}}
POST /v1/auth/sign-in {"guesthouseCode":"rh11ce74","username":"dn10user","pin":"***"}
  -> 200 {"accessToken":"***","expiresAt":"2026-10-03T23:43:02.859326Z","mustChangePin":true,"tenantId":"tn_01M40S5PXMPY7RENBTZJAW4FGE","user":{"id":"us_01M40S6965AWHTG12WRA97JP7G","locale":"vi","name":"Rehearsal dn10user","role":"RECEPTIONIST"}}
PUT /v1/me/pin {"currentPin":"***","newPin":"***"}
  -> 204 ""
GET /v1/buildings/bd_01M40S5PXMRF3SZ1GQ5SFB9DDB/rooms 
  -> 200 {"items":[{"buildingId":"bd_01M40S5PXMRF3SZ1GQ5SFB9DDB","code":"A101","floor":1,"floorId":"fl_01M40S5PXM74H4AWP00F63EXRZ","floorName":"1","id":"un_01M40S5PXMJ27BQGSKZ57BJ2QQ","status":"TO_CLEAN","unitType":{"code":"STANDARD","name":{"en":"Standard","vi":"Phòng thường"}}},{"buildingId":"bd_01M40S5PXMRF3SZ1GQ5SFB9DDB","code":"A102","floor":1,"floorId":"fl_01M40S5PXM74H4AWP00F63EXRZ","floorName":"1","id":"un_01M40S5PXMMN3PJYHS5NZVQJ2R","status":"TO_CLEAN","unitType":{"code":"STANDARD","name":{"en":"Standard","vi":"Phòng thường"}}},{"buildingId":"bd_01M40S5PXMRF3SZ1GQ5SFB9DDB","code":"A103","floor
POST /v1/rooms/un_01M40S5PXMM3WPK60B3JC58MC0/stays {"rentalType":"HOURLY","guestName":"Rehearsal Guest","guestPhone":"0912345678","deposit":10000}
  -> 201 {"checkInAt":"2026-10-03T11:43:03.469739Z","deposit":10000,"extras":[],"guestId":{"hasBackPhoto":false,"hasFrontPhoto":false,"hasIdNumber":false},"guestName":"Rehearsal Guest","guestPhone":"0912345678","id":"st_01M40S69SDZ3ZS8YQKZHQ3MB93","pricingVersion":1,"quote":{"asOf":"2026-10-03T11:43:03.469739Z","balanceDue":70000,"capped":false,"depositPaid":10000,"extrasAmount":0,"lines":[{"amount":80000,"code":"FIRST_HOUR","quantity":1,"unitAmount":80000}],"refundDue":0,"stayAmount":80000,"total":80000},"rentalType":"HOURLY","roomCode":"A111","roomId":"un_01M40S5PXMM3WPK60B3JC58MC0","status":"ACTIVE"
POST /v1/shifts/current/close {"counts":[{"denomination":10000,"quantity":1}],"floatLeft":0}
  -> 200 {"cashPayments":[{"amount":10000,"at":"2026-10-03T11:43:03.470321Z","rentalType":"HOURLY","roomCode":"A111"}],"countedCash":10000,"difference":0,"shift":{"buildingIds":["bd_01M40S5PXMRF3SZ1GQ5SFB9DDB"],"cashIn":10000,"cashOut":0,"closedAt":"2026-10-03T11:43:03.476372Z","expectedCash":10000,"id":"sh_01M40S69SFN259MCRX51751QDB","movements":[{"amount":10000,"at":"2026-10-03T11:43:03.470321Z","byOwner":false,"kind":"DEPOSIT","roomCode":"A111"}],"openedAt":"2026-10-03T11:43:03.470321Z","openingFloat":0,"status":"CLOSED","transfersReceived":0,"unpaidInvoices":[],"userId":"us_01M40S6965AWHTG12WRA97JP
POST /v1/owner/staff/us_01M40S6965AWHTG12WRA97JP7G/remove {"ownerPin":"***"}
  -> 204 ""
GET /v1/owner/stays/st_01M40S69SDZ3ZS8YQKZHQ3MB93/timeline 
  -> 200 {"items":[{"actorName":"Rehearsal dn10user","at":"2026-10-03T11:43:03.469739Z","details":{"rentalType":"HOURLY","room":"A111"},"kind":"CHECKED_IN"}]}