POST /v1/auth/sign-in {"guesthouseCode":"rh840297","username":"r10","pin":"***"}
  -> 200 {"accessToken":"***","expiresAt":"2026-10-04T02:37:21.109939Z","mustChangePin":true,"tenantId":"tn_01M41331K01RB67HH96BE2W4GB","user":{"id":"us_01M41334A09YBFHYS8NS0BEYSH","locale":"vi","name":"Rehearsal R10","role":"RECEPTIONIST"}}
PUT /v1/me/pin {"currentPin":"***","newPin":"***"}
  -> 204 ""
GET /v1/me 
  -> 200 {"buildingAccess":[{"buildingId":"bd_01M41331K1NQJXD69A9ZKAZFBH","level":"EDIT"},{"buildingId":"bd_01M41350FJF710ZZT3G022KJ0X","level":"NONE"}],"tenant":{"currency":"VND","id":"tn_01M41331K01RB67HH96BE2W4GB","name":"Rehearsal Test rh840297","timezone":"Asia/Ho_Chi_Minh"},"user":{"id":"us_01M41334A09YBFHYS8NS0BEYSH","locale":"vi","name":"Rehearsal R10","role":"RECEPTIONIST"}}
GET /v1/owner/overview 
  -> 200 {"alerts":[{"actorName":"Rehearsal R7","amount":10000,"createdAt":"2026-10-03T14:37:17.960174Z","details":{"counted":"40000","expected":"50000"},"id":"al_01M4135B89RK74Q7SWMKNVW9H5","kind":"CASH_SHORT","read":false,"shiftId":"sh_01M4135B7ZYQV785RHBJA0JFAK"},{"actorName":"Smoke Linh","createdAt":"2026-10-03T14:37:14.822067Z","details":{"category":"PLUMBING","severity":"LOCK_ROOM","ticket":"BT-002"},"id":"al_01M4135866QP8Y770ZCFXCETPB","kind":"DAMAGE_REPORTED","read":false,"roomCode":"A209"},{"actorName":"Smoke Linh","createdAt":"2026-10-03T14:37:14.779278Z","details":{"category":"AIR_CONDITIONE
GET /v1/buildings 
  -> 200 {"items":[{"code":"A","counts":{"maintenance":1,"occupied":44,"overdue":0,"toClean":22,"vacant":133},"floors":[{"id":"fl_01M41331K1QT3R4SGFWQN8PAG5","name":"1","order":1},{"id":"fl_01M41331K170YEX76HVGNGD8XJ","name":"2","order":2},{"id":"fl_01M41331K1VSV1YS3WM1J042D0","name":"3","order":3},{"id":"fl_01M41331K18FQEZA37V8EQXREQ","name":"4","order":4}],"id":"bd_01M41331K1NQJXD69A9ZKAZFBH","level":"EDIT","name":"Building A"}]}
GET /v1/buildings/bd_01M41331K1NQJXD69A9ZKAZFBH/rooms 
  -> 200 {"items":[{"buildingId":"bd_01M41331K1NQJXD69A9ZKAZFBH","code":"A101","floor":1,"floorId":"fl_01M41331K1QT3R4SGFWQN8PAG5","floorName":"1","id":"un_01M41331K1HJVYW3E5YCKP0BJ2","status":"TO_CLEAN","unitType":{"code":"STANDARD","name":{"en":"Standard","vi":"Phòng thường"}}},{"buildingId":"bd_01M41331K1NQJXD69A9ZKAZFBH","code":"A102","floor":1,"floorId":"fl_01M41331K1QT3R4SGFWQN8PAG5","floorName":"1","id":"un_01M41331K17RZ0DN56RCQ09M3V","status":"TO_CLEAN","unitType":{"code":"STANDARD","name":{"en":"Standard","vi":"Phòng thường"}}},{"buildingId":"bd_01M41331K1NQJXD69A9ZKAZFBH","code":"A103","floor
POST /v1/rooms/un_01M41331K144VDZCQVX8S0VHTS/stays {"rentalType":"HOURLY","guestName":"Rehearsal Guest","guestPhone":"0912345678","deposit":70000}
  -> 201 {"checkInAt":"2026-10-03T14:37:21.727434Z","deposit":70000,"extras":[],"guestId":{"hasBackPhoto":false,"hasFrontPhoto":false,"hasIdNumber":false},"guestName":"Rehearsal Guest","guestPhone":"0912345678","id":"st_01M4135EXZMN0XHNB4M3YZBGDM","pricingVersion":3,"quote":{"asOf":"2026-10-03T14:37:21.727434Z","balanceDue":10000,"capped":false,"depositPaid":70000,"extrasAmount":0,"lines":[{"amount":80000,"code":"FIRST_HOUR","quantity":1,"unitAmount":80000}],"refundDue":0,"stayAmount":80000,"total":80000},"rentalType":"HOURLY","roomCode":"A218","roomId":"un_01M41331K144VDZCQVX8S0VHTS","status":"ACTIVE"
GET /v1/shifts/current 
  -> 200 {"buildingIds":["bd_01M41331K1NQJXD69A9ZKAZFBH"],"cashIn":70000,"cashOut":0,"expectedCash":70000,"id":"sh_01M4135EY019B3R78JWZYX4SYV","movements":[{"amount":70000,"at":"2026-10-03T14:37:21.72779Z","byOwner":false,"kind":"DEPOSIT","roomCode":"A218"}],"openedAt":"2026-10-03T14:37:21.72779Z","openingFloat":0,"status":"OPEN","transfersReceived":0,"unpaidInvoices":[],"userId":"us_01M41334A09YBFHYS8NS0BEYSH","userName":"Rehearsal R10"}
GET /v1/owner/overview 
  -> 200 {"alerts":[{"actorName":"Rehearsal R7","amount":10000,"createdAt":"2026-10-03T14:37:17.960174Z","details":{"counted":"40000","expected":"50000"},"id":"al_01M4135B89RK74Q7SWMKNVW9H5","kind":"CASH_SHORT","read":false,"shiftId":"sh_01M4135B7ZYQV785RHBJA0JFAK"},{"actorName":"Smoke Linh","createdAt":"2026-10-03T14:37:14.822067Z","details":{"category":"PLUMBING","severity":"LOCK_ROOM","ticket":"BT-002"},"id":"al_01M4135866QP8Y770ZCFXCETPB","kind":"DAMAGE_REPORTED","read":false,"roomCode":"A209"},{"actorName":"Smoke Linh","createdAt":"2026-10-03T14:37:14.779278Z","details":{"category":"AIR_CONDITIONE
POST /v1/shifts/current/payouts {"amount":10000,"description":"Taxi for a guest"}
  -> 200 {"buildingIds":["bd_01M41331K1NQJXD69A9ZKAZFBH"],"cashIn":70000,"cashOut":10000,"expectedCash":60000,"id":"sh_01M4135EY019B3R78JWZYX4SYV","movements":[{"amount":70000,"at":"2026-10-03T14:37:21.72779Z","byOwner":false,"kind":"DEPOSIT","roomCode":"A218"},{"amount":-10000,"at":"2026-10-03T14:37:21.745951Z","byOwner":false,"kind":"PAYOUT"}],"openedAt":"2026-10-03T14:37:21.72779Z","openingFloat":0,"status":"OPEN","transfersReceived":0,"unpaidInvoices":[],"userId":"us_01M41334A09YBFHYS8NS0BEYSH","userName":"Rehearsal R10"}
GET /v1/shifts/current 
  -> 200 {"buildingIds":["bd_01M41331K1NQJXD69A9ZKAZFBH"],"cashIn":70000,"cashOut":10000,"expectedCash":60000,"id":"sh_01M4135EY019B3R78JWZYX4SYV","movements":[{"amount":70000,"at":"2026-10-03T14:37:21.72779Z","byOwner":false,"kind":"DEPOSIT","roomCode":"A218"},{"amount":-10000,"at":"2026-10-03T14:37:21.745951Z","byOwner":false,"kind":"PAYOUT"}],"openedAt":"2026-10-03T14:37:21.72779Z","openingFloat":0,"status":"OPEN","transfersReceived":0,"unpaidInvoices":[],"userId":"us_01M41334A09YBFHYS8NS0BEYSH","userName":"Rehearsal R10"}
GET /v1/owner/overview 
  -> 200 {"alerts":[{"actorName":"Rehearsal R7","amount":10000,"createdAt":"2026-10-03T14:37:17.960174Z","details":{"counted":"40000","expected":"50000"},"id":"al_01M4135B89RK74Q7SWMKNVW9H5","kind":"CASH_SHORT","read":false,"shiftId":"sh_01M4135B7ZYQV785RHBJA0JFAK"},{"actorName":"Smoke Linh","createdAt":"2026-10-03T14:37:14.822067Z","details":{"category":"PLUMBING","severity":"LOCK_ROOM","ticket":"BT-002"},"id":"al_01M4135866QP8Y770ZCFXCETPB","kind":"DAMAGE_REPORTED","read":false,"roomCode":"A209"},{"actorName":"Smoke Linh","createdAt":"2026-10-03T14:37:14.779278Z","details":{"category":"AIR_CONDITIONE