POST /v1/auth/sign-in {"guesthouseCode":"rh11ce74","username":"r2","pin":"***"}
  -> 200 {"accessToken":"***","expiresAt":"2026-10-03T23:43:58.563067Z","mustChangePin":false,"tenantId":"tn_01M40S5PXMPY7RENBTZJAW4FGE","user":{"id":"us_01M40S5QYG5VTWGN7GGQ5XPNXX","locale":"vi","name":"Rehearsal R2","role":"RECEPTIONIST"}}
GET /v1/buildings 
  -> 200 {"items":[{"code":"A","counts":{"maintenance":0,"occupied":33,"overdue":0,"toClean":15,"vacant":152},"floors":[{"id":"fl_01M40S5PXM74H4AWP00F63EXRZ","name":"1","order":1},{"id":"fl_01M40S5PXM7VNN42W70DEZTC7S","name":"2","order":2},{"id":"fl_01M40S5PXMEF524KAVTK1YKWSE","name":"3","order":3},{"id":"fl_01M40S5PXM4621XFF7MS2T9FXM","name":"4","order":4}],"id":"bd_01M40S5PXMRF3SZ1GQ5SFB9DDB","level":"EDIT","name":"Building A"}]}
GET /v1/buildings/bd_01M40S5PXMRF3SZ1GQ5SFB9DDB/rooms 
  -> 200 {"items":[{"buildingId":"bd_01M40S5PXMRF3SZ1GQ5SFB9DDB","code":"A101","floor":1,"floorId":"fl_01M40S5PXM74H4AWP00F63EXRZ","floorName":"1","id":"un_01M40S5PXMJ27BQGSKZ57BJ2QQ","status":"TO_CLEAN","unitType":{"code":"STANDARD","name":{"en":"Standard","vi":"Phòng thường"}}},{"buildingId":"bd_01M40S5PXMRF3SZ1GQ5SFB9DDB","code":"A102","floor":1,"floorId":"fl_01M40S5PXM74H4AWP00F63EXRZ","floorName":"1","id":"un_01M40S5PXMMN3PJYHS5NZVQJ2R","status":"TO_CLEAN","unitType":{"code":"STANDARD","name":{"en":"Standard","vi":"Phòng thường"}}},{"buildingId":"bd_01M40S5PXMRF3SZ1GQ5SFB9DDB","code":"A103","floor
POST /v1/rooms/un_01M40S5PXMDTWGTNNVFY6RF79T/stays {"rentalType":"HOURLY","guestName":"Rehearsal Guest","guestPhone":"0912345678","deposit":500000}
  -> 201 {"checkInAt":"2026-10-03T11:43:58.783211Z","deposit":500000,"extras":[],"guestId":{"hasBackPhoto":false,"hasFrontPhoto":false,"hasIdNumber":false},"guestName":"Rehearsal Guest","guestPhone":"0912345678","id":"st_01M40S7ZSZAZ2NH0MVHTKVHG61","pricingVersion":3,"quote":{"asOf":"2026-10-03T11:43:58.783211Z","balanceDue":0,"capped":false,"depositPaid":500000,"extrasAmount":0,"lines":[{"amount":80000,"code":"FIRST_HOUR","quantity":1,"unitAmount":80000}],"refundDue":420000,"stayAmount":80000,"total":80000},"rentalType":"HOURLY","roomCode":"A149","roomId":"un_01M40S5PXMDTWGTNNVFY6RF79T","status":"ACTI
POST /v1/stays/st_01M40S7ZSZAZ2NH0MVHTKVHG61/checkout 
  -> 201 {"billCode":"PH1003A149","createdAt":"2026-10-03T11:43:58.786318Z","id":"iv_01M40S7ZT2YD0WZBPBTCMMJXWN","quote":{"asOf":"2026-10-03T11:43:58.786318Z","balanceDue":0,"capped":false,"depositPaid":500000,"extrasAmount":0,"lines":[{"amount":80000,"code":"FIRST_HOUR","quantity":1,"unitAmount":80000}],"refundDue":420000,"stayAmount":80000,"total":80000},"roomCode":"A149","status":"OPEN","stayId":"st_01M40S7ZSZAZ2NH0MVHTKVHG61"}
GET /v1/stays/st_01M40S7ZSZAZ2NH0MVHTKVHG61 
  -> 200 {"billCode":"PH1003A149","checkInAt":"2026-10-03T11:43:58.783211Z","checkOutAt":"2026-10-03T11:43:58.786318Z","deposit":500000,"extras":[],"guestId":{"hasBackPhoto":false,"hasFrontPhoto":false,"hasIdNumber":false},"guestName":"Rehearsal Guest","guestPhone":"0912345678","id":"st_01M40S7ZSZAZ2NH0MVHTKVHG61","invoice":{"billCode":"PH1003A149","createdAt":"2026-10-03T11:43:58.786318Z","id":"iv_01M40S7ZT2YD0WZBPBTCMMJXWN","quote":{"asOf":"2026-10-03T11:43:58.786318Z","balanceDue":0,"capped":false,"depositPaid":500000,"extrasAmount":0,"lines":[{"amount":80000,"code":"FIRST_HOUR","quantity":1,"unitAm
GET /v1/shifts/current 
  -> 200 {"buildingIds":["bd_01M40S5PXMRF3SZ1GQ5SFB9DDB"],"cashIn":1530000,"cashOut":840000,"expectedCash":690000,"id":"sh_01M40S5ZKM5GA3F2MAEX6GA4AY","movements":[{"amount":10000,"at":"2026-10-03T11:42:53.043638Z","billCode":"PH1003A101","byOwner":false,"kind":"DEPOSIT","roomCode":"A101"},{"amount":10000,"at":"2026-10-03T11:42:54.155061Z","billCode":"PH1003A102","byOwner":false,"kind":"DEPOSIT","roomCode":"A102"},{"amount":500000,"at":"2026-10-03T11:42:54.970889Z","billCode":"PH1003A103","byOwner":false,"kind":"DEPOSIT","roomCode":"A103"},{"amount":-420000,"at":"2026-10-03T11:42:55.579342Z","billCode"
POST /v1/invoices/iv_01M40S7ZT2YD0WZBPBTCMMJXWN/payments {"method":"CASH"}
  -> 201 {"amount":0,"id":"pm_01M40S7ZTGNEJE2PHGGE3647SP","invoiceId":"iv_01M40S7ZT2YD0WZBPBTCMMJXWN","method":"CASH","paidAt":"2026-10-03T11:43:58.800362Z","receivedAmount":0,"remaining":0,"status":"PAID"}
GET /v1/shifts/current 
  -> 200 {"buildingIds":["bd_01M40S5PXMRF3SZ1GQ5SFB9DDB"],"cashIn":1530000,"cashOut":1260000,"expectedCash":270000,"id":"sh_01M40S5ZKM5GA3F2MAEX6GA4AY","movements":[{"amount":10000,"at":"2026-10-03T11:42:53.043638Z","billCode":"PH1003A101","byOwner":false,"kind":"DEPOSIT","roomCode":"A101"},{"amount":10000,"at":"2026-10-03T11:42:54.155061Z","billCode":"PH1003A102","byOwner":false,"kind":"DEPOSIT","roomCode":"A102"},{"amount":500000,"at":"2026-10-03T11:42:54.970889Z","billCode":"PH1003A103","byOwner":false,"kind":"DEPOSIT","roomCode":"A103"},{"amount":-420000,"at":"2026-10-03T11:42:55.579342Z","billCode
GET /v1/stays/st_01M40S7ZSZAZ2NH0MVHTKVHG61 
  -> 200 {"billCode":"PH1003A149","checkInAt":"2026-10-03T11:43:58.783211Z","checkOutAt":"2026-10-03T11:43:58.786318Z","deposit":500000,"extras":[],"guestId":{"hasBackPhoto":false,"hasFrontPhoto":false,"hasIdNumber":false},"guestName":"Rehearsal Guest","guestPhone":"0912345678","id":"st_01M40S7ZSZAZ2NH0MVHTKVHG61","invoice":{"billCode":"PH1003A149","createdAt":"2026-10-03T11:43:58.786318Z","id":"iv_01M40S7ZT2YD0WZBPBTCMMJXWN","quote":{"asOf":"2026-10-03T11:43:58.786318Z","balanceDue":0,"capped":false,"depositPaid":500000,"extrasAmount":0,"lines":[{"amount":80000,"code":"FIRST_HOUR","quantity":1,"unitAm