POST /v1/auth/sign-in {"guesthouseCode":"rh4f632b","username":"r18","pin":"***"}
  -> 200 {"accessToken":"***","expiresAt":"2026-10-04T03:01:03.246257Z","mustChangePin":true,"tenantId":"tn_01M414DCJD57KM1TTGRGGPVHWZ","user":{"id":"us_01M414DGF1A2W3XMDHGHCFXSE7","locale":"vi","name":"Rehearsal R18","role":"RECEPTIONIST"}}
PUT /v1/me/pin {"currentPin":"***","newPin":"***"}
  -> 204 ""
GET /v1/me 
  -> 200 {"buildingAccess":[{"buildingId":"bd_01M414DCJDHG63XAS4DVYE35FD","level":"EDIT"},{"buildingId":"bd_01M414GK2MYQDCZJZR9132YZET","level":"NONE"}],"tenant":{"currency":"VND","id":"tn_01M414DCJD57KM1TTGRGGPVHWZ","name":"Rehearsal Test rh4f632b","timezone":"Asia/Ho_Chi_Minh"},"user":{"id":"us_01M414DGF1A2W3XMDHGHCFXSE7","locale":"vi","name":"Rehearsal R18","role":"RECEPTIONIST"}}
POST /v1/auth/sign-in {"guesthouseCode":"rh4f632b","username":"r20","pin":"***"}
  -> 200 {"accessToken":"***","expiresAt":"2026-10-04T03:01:03.838536Z","mustChangePin":true,"tenantId":"tn_01M414DCJD57KM1TTGRGGPVHWZ","user":{"id":"us_01M414DGTT7D9H7T4A87RGV6NH","locale":"vi","name":"Rehearsal R20","role":"RECEPTIONIST"}}
PUT /v1/me/pin {"currentPin":"***","newPin":"***"}
  -> 204 ""
GET /v1/me 
  -> 200 {"buildingAccess":[{"buildingId":"bd_01M414DCJDHG63XAS4DVYE35FD","level":"EDIT"},{"buildingId":"bd_01M414GK2MYQDCZJZR9132YZET","level":"NONE"}],"tenant":{"currency":"VND","id":"tn_01M414DCJD57KM1TTGRGGPVHWZ","name":"Rehearsal Test rh4f632b","timezone":"Asia/Ho_Chi_Minh"},"user":{"id":"us_01M414DGTT7D9H7T4A87RGV6NH","locale":"vi","name":"Rehearsal R20","role":"RECEPTIONIST"}}
GET /v1/buildings 
  -> 200 {"items":[{"code":"A","counts":{"maintenance":0,"occupied":32,"overdue":0,"toClean":11,"vacant":157},"floors":[{"id":"fl_01M414DCJDZ46FG27AXMPC4E8H","name":"1","order":1},{"id":"fl_01M414DCJD8Q9DQWV3K822ZM76","name":"2","order":2},{"id":"fl_01M414DCJDA1TVV2S9MZF01RRE","name":"3","order":3},{"id":"fl_01M414DCJDWRQ3Q2M4VMPQGF82","name":"4","order":4}],"id":"bd_01M414DCJDHG63XAS4DVYE35FD","level":"EDIT","name":"Building A"}]}
GET /v1/buildings/bd_01M414DCJDHG63XAS4DVYE35FD/rooms 
  -> 200 {"items":[{"buildingId":"bd_01M414DCJDHG63XAS4DVYE35FD","code":"A101","floor":1,"floorId":"fl_01M414DCJDZ46FG27AXMPC4E8H","floorName":"1","id":"un_01M414DCJD0THNDEP8AJ8FAJGB","status":"TO_CLEAN","unitType":{"code":"STANDARD","name":{"en":"Standard","vi":"Phòng thường"}}},{"buildingId":"bd_01M414DCJDHG63XAS4DVYE35FD","code":"A102","floor":1,"floorId":"fl_01M414DCJDZ46FG27AXMPC4E8H","floorName":"1","id":"un_01M414DCJDGMT12WJ6CSZQ6B94","status":"TO_CLEAN","unitType":{"code":"STANDARD","name":{"en":"Standard","vi":"Phòng thường"}}},{"buildingId":"bd_01M414DCJDHG63XAS4DVYE35FD","code":"A103","floor
POST /v1/rooms/un_01M414DCJD5NS8J6XGNE3P8SA8/stays {"rentalType":"HOURLY","guestName":"Rehearsal Guest","guestPhone":"0912345678","deposit":50000}
  -> 201 {"checkInAt":"2026-10-03T15:01:04.446263Z","deposit":50000,"extras":[],"guestId":{"hasBackPhoto":false,"hasFrontPhoto":false,"hasIdNumber":false},"guestName":"Rehearsal Guest","guestPhone":"0912345678","id":"st_01M414GW9Y6NFB1TGV532Y23ZT","pricingVersion":3,"quote":{"asOf":"2026-10-03T15:01:04.446263Z","balanceDue":30000,"capped":false,"depositPaid":50000,"extrasAmount":0,"lines":[{"amount":80000,"code":"FIRST_HOUR","quantity":1,"unitAmount":80000}],"refundDue":0,"stayAmount":80000,"total":80000},"rentalType":"HOURLY","roomCode":"A144","roomId":"un_01M414DCJD5NS8J6XGNE3P8SA8","status":"ACTIVE"
GET /v1/shifts/current 
  -> 200 {"buildingIds":["bd_01M414DCJDHG63XAS4DVYE35FD"],"cashIn":50000,"cashOut":0,"expectedCash":50000,"id":"sh_01M414GW9Y80374YBGYEZ3K9RR","movements":[{"amount":50000,"at":"2026-10-03T15:01:04.446587Z","byOwner":false,"kind":"DEPOSIT","roomCode":"A144"}],"openedAt":"2026-10-03T15:01:04.446587Z","openingFloat":0,"status":"OPEN","transfersReceived":0,"unpaidInvoices":[],"userId":"us_01M414DGF1A2W3XMDHGHCFXSE7","userName":"Rehearsal R18"}
POST /v1/shifts/current/close {"counts":[{"denomination":20000,"quantity":2}],"floatLeft":0,"reason":"Rehearsal: change given to a guest","handoverToUserId":"us_01M414DGTT7D9H7T4A87RGV6NH"}
  -> 200 {"cashPayments":[{"amount":50000,"at":"2026-10-03T15:01:04.446587Z","rentalType":"HOURLY","roomCode":"A144"}],"countedCash":40000,"difference":-10000,"reason":"Rehearsal: change given to a guest","reasonRecordedAt":"2026-10-03T15:01:04.454737Z","shift":{"buildingIds":["bd_01M414DCJDHG63XAS4DVYE35FD"],"cashIn":50000,"cashOut":0,"closedAt":"2026-10-03T15:01:04.454737Z","expectedCash":50000,"id":"sh_01M414GW9Y80374YBGYEZ3K9RR","movements":[{"amount":50000,"at":"2026-10-03T15:01:04.446587Z","byOwner":false,"kind":"DEPOSIT","roomCode":"A144"}],"openedAt":"2026-10-03T15:01:04.446587Z","openingFloat"
GET /v1/owner/shifts 
  -> 200 {"items":[{"closedAt":"2026-10-03T15:01:04.454737Z","difference":-10000,"id":"sh_01M414GW9Y80374YBGYEZ3K9RR","openedAt":"2026-10-03T15:01:04.446587Z","shift":"NIGHT","userName":"Rehearsal R18"},{"closedAt":"2026-10-03T15:00:10.337447Z","difference":0,"id":"sh_01M414F7EXCKPBNKYX3SBKE0G6","openedAt":"2026-10-03T15:00:10.332426Z","shift":"NIGHT","userName":"Rehearsal dn10user"}]}
GET /v1/owner/shifts/sh_01M414GW9Y80374YBGYEZ3K9RR 
  -> 200 {"cashPayments":[{"amount":50000,"at":"2026-10-03T15:01:04.446587Z","rentalType":"HOURLY","roomCode":"A144"}],"countedCash":40000,"difference":-10000,"reason":"Rehearsal: change given to a guest","reasonRecordedAt":"2026-10-03T15:01:04.454737Z","shift":{"buildingIds":["bd_01M414DCJDHG63XAS4DVYE35FD","bd_01M414GK2MYQDCZJZR9132YZET"],"cashIn":50000,"cashOut":0,"closedAt":"2026-10-03T15:01:04.454737Z","expectedCash":50000,"id":"sh_01M414GW9Y80374YBGYEZ3K9RR","movements":[{"amount":50000,"at":"2026-10-03T15:01:04.446587Z","byOwner":false,"kind":"DEPOSIT","roomCode":"A144"}],"openedAt":"2026-10-03T