GET /v1/buildings 
<<<<<<< HEAD
  -> 200 {"items":[{"code":"A","counts":{"maintenance":1,"occupied":52,"overdue":0,"toClean":22,"vacant":125},"floors":[{"id":"fl_01M41331K1QT3R4SGFWQN8PAG5","name":"1","order":1},{"id":"fl_01M41331K170YEX76HVGNGD8XJ","name":"2","order":2},{"id":"fl_01M41331K1VSV1YS3WM1J042D0","name":"3","order":3},{"id":"fl_01M41331K18FQEZA37V8EQXREQ","name":"4","order":4}],"id":"bd_01M41331K1NQJXD69A9ZKAZFBH","level":"EDIT","name":"Building A"}]}
GET /v1/buildings/bd_01M41331K1NQJXD69A9ZKAZFBH/rooms 
  -> 200 {"items":[{"buildingId":"bd_01M41331K1NQJXD69A9ZKAZFBH","code":"A101","floor":1,"floorId":"fl_01M41331K1QT3R4SGFWQN8PAG5","floorName":"1","id":"un_01M41331K1HJVYW3E5YCKP0BJ2","status":"TO_CLEAN","unitType":{"code":"STANDARD","name":{"en":"Standard","vi":"Phòng thường"}}},{"buildingId":"bd_01M41331K1NQJXD69A9ZKAZFBH","code":"A102","floor":1,"floorId":"fl_01M41331K1QT3R4SGFWQN8PAG5","floorName":"1","id":"un_01M41331K17RZ0DN56RCQ09M3V","status":"TO_CLEAN","unitType":{"code":"STANDARD","name":{"en":"Standard","vi":"Phòng thường"}}},{"buildingId":"bd_01M41331K1NQJXD69A9ZKAZFBH","code":"A103","floor
POST /v1/rooms/un_01M41331K1GXF08QS5HVFRZQFX/stays {"rentalType":"HOURLY","guestName":"Rehearsal Guest","guestPhone":"0912345678","deposit":10000}
  -> 201 {"checkInAt":"2026-10-03T14:43:33.585955Z","deposit":10000,"extras":[],"guestId":{"hasBackPhoto":false,"hasFrontPhoto":false,"hasIdNumber":false},"guestName":"Rehearsal Guest","guestPhone":"0912345678","id":"st_01M413GT2HBJ74EERT5NFNAPV5","pricingVersion":3,"quote":{"asOf":"2026-10-03T14:43:33.585955Z","balanceDue":70000,"capped":false,"depositPaid":10000,"extrasAmount":0,"lines":[{"amount":80000,"code":"FIRST_HOUR","quantity":1,"unitAmount":80000}],"refundDue":0,"stayAmount":80000,"total":80000},"rentalType":"HOURLY","roomCode":"A226","roomId":"un_01M41331K1GXF08QS5HVFRZQFX","status":"ACTIVE"
POST /v1/stays/st_01M413GT2HBJ74EERT5NFNAPV5/checkout 
  -> 201 {"billCode":"PH1003A226","createdAt":"2026-10-03T14:43:33.590484Z","id":"iv_01M413GT2P5RT84A7DM7ZJTB6V","quote":{"asOf":"2026-10-03T14:43:33.590484Z","balanceDue":70000,"capped":false,"depositPaid":10000,"extrasAmount":0,"lines":[{"amount":80000,"code":"FIRST_HOUR","quantity":1,"unitAmount":80000}],"refundDue":0,"stayAmount":80000,"total":80000},"roomCode":"A226","status":"OPEN","stayId":"st_01M413GT2HBJ74EERT5NFNAPV5"}
POST /v1/invoices/iv_01M413GT2P5RT84A7DM7ZJTB6V/payments {"method":"TRANSFER"}
  -> 201 {"amount":70000,"id":"pm_01M413GT2VX03714J4CWYCXNXE","invoiceId":"iv_01M413GT2P5RT84A7DM7ZJTB6V","method":"TRANSFER","qr":{"accountName":"REHEARSAL TEST","accountNoMasked":"******8888","amount":70000,"payload":"00020101021238540010A00000072701240006970436011010175888880208QRIBFTTA53037045405700005802VN62140810PH1003A226630498D5","transferNote":"PH1003A226"},"remaining":70000,"status":"PENDING"}
WEBHOOK in 70000 "PH1003A226" id=1791038615978703 age=360s
  -> 401 {"type":"about:blank","title":"Unauthorized","status":401,"code":"WEBHOOK_REJECTED"}

GET /v1/payments/pm_01M413GT2VX03714J4CWYCXNXE 
  -> 200 {"amount":70000,"id":"pm_01M413GT2VX03714J4CWYCXNXE","invoiceId":"iv_01M413GT2P5RT84A7DM7ZJTB6V","method":"TRANSFER","qr":{"accountName":"REHEARSAL TEST","accountNoMasked":"******8888","amount":70000,"payload":"00020101021238540010A00000072701240006970436011010175888880208QRIBFTTA53037045405700005802VN62140810PH1003A226630498D5","transferNote":"PH1003A226"},"remaining":70000,"status":"PENDING"}
WEBHOOK in 70000 "PH1003A226" id=1791038615978703 age=240s
  -> 200 {"success": true}
GET /v1/payments/pm_01M413GT2VX03714J4CWYCXNXE 
  -> 200 {"amount":70000,"id":"pm_01M413GT2VX03714J4CWYCXNXE","invoiceId":"iv_01M413GT2P5RT84A7DM7ZJTB6V","method":"TRANSFER","paidAt":"2026-10-03T14:43:36.076559Z","receivedAmount":70000,"remaining":0,"status":"PAID","transactionId":"1791038615978703"}
=======
  -> 200 {"items":[{"code":"A","counts":{"maintenance":1,"occupied":62,"overdue":0,"toClean":28,"vacant":109},"floors":[{"id":"fl_01M414DCJDZ46FG27AXMPC4E8H","name":"1","order":1},{"id":"fl_01M414DCJD8Q9DQWV3K822ZM76","name":"2","order":2},{"id":"fl_01M414DCJDA1TVV2S9MZF01RRE","name":"3","order":3},{"id":"fl_01M414DCJDWRQ3Q2M4VMPQGF82","name":"4","order":4}],"id":"bd_01M414DCJDHG63XAS4DVYE35FD","level":"EDIT","name":"Building A"}]}
GET /v1/buildings/bd_01M414DCJDHG63XAS4DVYE35FD/rooms 
  -> 200 {"items":[{"buildingId":"bd_01M414DCJDHG63XAS4DVYE35FD","code":"A101","floor":1,"floorId":"fl_01M414DCJDZ46FG27AXMPC4E8H","floorName":"1","id":"un_01M414DCJD0THNDEP8AJ8FAJGB","status":"TO_CLEAN","unitType":{"code":"STANDARD","name":{"en":"Standard","vi":"Phòng thường"}}},{"buildingId":"bd_01M414DCJDHG63XAS4DVYE35FD","code":"A102","floor":1,"floorId":"fl_01M414DCJDZ46FG27AXMPC4E8H","floorName":"1","id":"un_01M414DCJDGMT12WJ6CSZQ6B94","status":"TO_CLEAN","unitType":{"code":"STANDARD","name":{"en":"Standard","vi":"Phòng thường"}}},{"buildingId":"bd_01M414DCJDHG63XAS4DVYE35FD","code":"A103","floor
POST /v1/rooms/un_01M414DCJDW0243YQ4DZD5W855/stays {"rentalType":"HOURLY","guestName":"Rehearsal Guest","guestPhone":"0912345678","deposit":10000}
  -> 201 {"checkInAt":"2026-10-03T15:10:33.651391Z","deposit":10000,"extras":[],"guestId":{"hasBackPhoto":false,"hasFrontPhoto":false,"hasIdNumber":false},"guestName":"Rehearsal Guest","guestPhone":"0912345678","id":"st_01M415285K212HCD6SAA2935SA","pricingVersion":3,"quote":{"asOf":"2026-10-03T15:10:33.651391Z","balanceDue":70000,"capped":false,"depositPaid":10000,"extrasAmount":0,"lines":[{"amount":80000,"code":"FIRST_HOUR","quantity":1,"unitAmount":80000}],"refundDue":0,"stayAmount":80000,"total":80000},"rentalType":"HOURLY","roomCode":"A242","roomId":"un_01M414DCJDW0243YQ4DZD5W855","status":"ACTIVE"
POST /v1/stays/st_01M415285K212HCD6SAA2935SA/checkout 
  -> 201 {"billCode":"PH1003A242","createdAt":"2026-10-03T15:10:33.65836Z","id":"iv_01M415285T098A1FXCS81QPBJ2","quote":{"asOf":"2026-10-03T15:10:33.65836Z","balanceDue":70000,"capped":false,"depositPaid":10000,"extrasAmount":0,"lines":[{"amount":80000,"code":"FIRST_HOUR","quantity":1,"unitAmount":80000}],"refundDue":0,"stayAmount":80000,"total":80000},"roomCode":"A242","status":"OPEN","stayId":"st_01M415285K212HCD6SAA2935SA"}
POST /v1/invoices/iv_01M415285T098A1FXCS81QPBJ2/payments {"method":"TRANSFER"}
  -> 201 {"amount":70000,"id":"pm_01M41528607JG98CW1KM7PST0V","invoiceId":"iv_01M415285T098A1FXCS81QPBJ2","method":"TRANSFER","qr":{"accountName":"REHEARSAL TEST","accountNoMasked":"******8888","amount":70000,"payload":"00020101021238540010A00000072701240006970436011010175888880208QRIBFTTA53037045405700005802VN62140810PH1003A24263049C32","transferNote":"PH1003A242"},"remaining":70000,"status":"PENDING"}
WEBHOOK in 70000 "PH1003A242" id=1791040236111529 age=360s
  -> 401 {"type":"about:blank","title":"Unauthorized","status":401,"code":"WEBHOOK_REJECTED"}

GET /v1/payments/pm_01M41528607JG98CW1KM7PST0V 
  -> 200 {"amount":70000,"id":"pm_01M41528607JG98CW1KM7PST0V","invoiceId":"iv_01M415285T098A1FXCS81QPBJ2","method":"TRANSFER","qr":{"accountName":"REHEARSAL TEST","accountNoMasked":"******8888","amount":70000,"payload":"00020101021238540010A00000072701240006970436011010175888880208QRIBFTTA53037045405700005802VN62140810PH1003A24263049C32","transferNote":"PH1003A242"},"remaining":70000,"status":"PENDING"}
WEBHOOK in 70000 "PH1003A242" id=1791040236111529 age=240s
  -> 200 {"success": true}
GET /v1/payments/pm_01M41528607JG98CW1KM7PST0V 
  -> 200 {"amount":70000,"id":"pm_01M41528607JG98CW1KM7PST0V","invoiceId":"iv_01M415285T098A1FXCS81QPBJ2","method":"TRANSFER","paidAt":"2026-10-03T15:10:36.212756Z","receivedAmount":70000,"remaining":0,"status":"PAID","transactionId":"1791040236111529"}
>>>>>>> 952da7a (test(rehearsal): coverage report, bill-line stays for ui-lint, gap specs, sync preview on a copy, unapproved visual baselines)
