POST /v1/auth/sign-in {"guesthouseCode":"rh4f632b","username":"r19","pin":"***"}
  -> 200 {"accessToken":"***","expiresAt":"2026-10-04T03:01:06.220612Z","mustChangePin":true,"tenantId":"tn_01M414DCJD57KM1TTGRGGPVHWZ","user":{"id":"us_01M414DGMSA9KNMATFW3SNABDE","locale":"vi","name":"Rehearsal R19","role":"RECEPTIONIST"}}
PUT /v1/me/pin {"currentPin":"***","newPin":"***"}
  -> 204 ""
GET /v1/me 
  -> 200 {"buildingAccess":[{"buildingId":"bd_01M414DCJDHG63XAS4DVYE35FD","level":"EDIT"},{"buildingId":"bd_01M414GK2MYQDCZJZR9132YZET","level":"NONE"}],"tenant":{"currency":"VND","id":"tn_01M414DCJD57KM1TTGRGGPVHWZ","name":"Rehearsal Test rh4f632b","timezone":"Asia/Ho_Chi_Minh"},"user":{"id":"us_01M414DGMSA9KNMATFW3SNABDE","locale":"vi","name":"Rehearsal R19","role":"RECEPTIONIST"}}
POST /v1/auth/sign-in {"guesthouseCode":"rh4f632b","username":"hk","pin":"***"}
  -> 200 {"accessToken":"***","expiresAt":"2026-10-04T03:01:06.799782Z","mustChangePin":false,"tenantId":"tn_01M414DCJD57KM1TTGRGGPVHWZ","user":{"id":"us_01M414DH0ZXGM9H1FN77QCV0ED","locale":"vi","name":"Rehearsal Housekeeper","role":"HOUSEKEEPING"}}
GET /v1/buildings 
  -> 200 {"items":[{"code":"A","counts":{"maintenance":0,"occupied":34,"overdue":0,"toClean":12,"vacant":154},"floors":[{"id":"fl_01M414DCJDZ46FG27AXMPC4E8H","name":"1","order":1},{"id":"fl_01M414DCJD8Q9DQWV3K822ZM76","name":"2","order":2},{"id":"fl_01M414DCJDA1TVV2S9MZF01RRE","name":"3","order":3},{"id":"fl_01M414DCJDWRQ3Q2M4VMPQGF82","name":"4","order":4}],"id":"bd_01M414DCJDHG63XAS4DVYE35FD","level":"EDIT","name":"Building A"}]}
GET /v1/buildings/bd_01M414DCJDHG63XAS4DVYE35FD/rooms 
  -> 200 {"items":[{"buildingId":"bd_01M414DCJDHG63XAS4DVYE35FD","code":"A101","floor":1,"floorId":"fl_01M414DCJDZ46FG27AXMPC4E8H","floorName":"1","id":"un_01M414DCJD0THNDEP8AJ8FAJGB","status":"TO_CLEAN","unitType":{"code":"STANDARD","name":{"en":"Standard","vi":"Phòng thường"}}},{"buildingId":"bd_01M414DCJDHG63XAS4DVYE35FD","code":"A102","floor":1,"floorId":"fl_01M414DCJDZ46FG27AXMPC4E8H","floorName":"1","id":"un_01M414DCJDGMT12WJ6CSZQ6B94","status":"TO_CLEAN","unitType":{"code":"STANDARD","name":{"en":"Standard","vi":"Phòng thường"}}},{"buildingId":"bd_01M414DCJDHG63XAS4DVYE35FD","code":"A103","floor
POST /v1/rooms/un_01M414DCJDPN83YXQD1G7C7Y60/stays {"rentalType":"HOURLY","guestName":"Rehearsal Guest","guestPhone":"0912345678","deposit":10000}
  -> 201 {"checkInAt":"2026-10-03T15:01:07.013346Z","deposit":10000,"extras":[],"guestId":{"hasBackPhoto":false,"hasFrontPhoto":false,"hasIdNumber":false},"guestName":"Rehearsal Guest","guestPhone":"0912345678","id":"st_01M414GYT5A0GR0AFXF2YBF9RQ","pricingVersion":3,"quote":{"asOf":"2026-10-03T15:01:07.013346Z","balanceDue":70000,"capped":false,"depositPaid":10000,"extrasAmount":0,"lines":[{"amount":80000,"code":"FIRST_HOUR","quantity":1,"unitAmount":80000}],"refundDue":0,"stayAmount":80000,"total":80000},"rentalType":"HOURLY","roomCode":"A147","roomId":"un_01M414DCJDPN83YXQD1G7C7Y60","status":"ACTIVE"
POST /v1/stays/st_01M414GYT5A0GR0AFXF2YBF9RQ/checkout 
  -> 201 {"billCode":"PH1003A147","createdAt":"2026-10-03T15:01:07.017524Z","id":"iv_01M414GYT904V3N7FC6RB8M8FQ","quote":{"asOf":"2026-10-03T15:01:07.017524Z","balanceDue":70000,"capped":false,"depositPaid":10000,"extrasAmount":0,"lines":[{"amount":80000,"code":"FIRST_HOUR","quantity":1,"unitAmount":80000}],"refundDue":0,"stayAmount":80000,"total":80000},"roomCode":"A147","status":"OPEN","stayId":"st_01M414GYT5A0GR0AFXF2YBF9RQ"}
POST /v1/invoices/iv_01M414GYT904V3N7FC6RB8M8FQ/payments {"method":"CASH"}
  -> 201 {"amount":70000,"id":"pm_01M414GYTCKGXFJS4SCWP063CQ","invoiceId":"iv_01M414GYT904V3N7FC6RB8M8FQ","method":"CASH","paidAt":"2026-10-03T15:01:07.019865Z","receivedAmount":70000,"remaining":0,"status":"PAID"}
GET /v1/buildings/bd_01M414DCJDHG63XAS4DVYE35FD/rooms 
  -> 200 {"items":[{"buildingId":"bd_01M414DCJDHG63XAS4DVYE35FD","code":"A101","floor":1,"floorId":"fl_01M414DCJDZ46FG27AXMPC4E8H","floorName":"1","id":"un_01M414DCJD0THNDEP8AJ8FAJGB","status":"TO_CLEAN","unitType":{"code":"STANDARD","name":{"en":"Standard","vi":"Phòng thường"}}},{"buildingId":"bd_01M414DCJDHG63XAS4DVYE35FD","code":"A102","floor":1,"floorId":"fl_01M414DCJDZ46FG27AXMPC4E8H","floorName":"1","id":"un_01M414DCJDGMT12WJ6CSZQ6B94","status":"TO_CLEAN","unitType":{"code":"STANDARD","name":{"en":"Standard","vi":"Phòng thường"}}},{"buildingId":"bd_01M414DCJDHG63XAS4DVYE35FD","code":"A103","floor
GET /v1/buildings/bd_01M414DCJDHG63XAS4DVYE35FD/rooms 
  -> 200 {"items":[{"buildingId":"bd_01M414DCJDHG63XAS4DVYE35FD","code":"A101","floor":1,"floorId":"fl_01M414DCJDZ46FG27AXMPC4E8H","floorName":"1","id":"un_01M414DCJD0THNDEP8AJ8FAJGB","status":"TO_CLEAN","unitType":{"code":"STANDARD","name":{"en":"Standard","vi":"Phòng thường"}}},{"buildingId":"bd_01M414DCJDHG63XAS4DVYE35FD","code":"A102","floor":1,"floorId":"fl_01M414DCJDZ46FG27AXMPC4E8H","floorName":"1","id":"un_01M414DCJDGMT12WJ6CSZQ6B94","status":"TO_CLEAN","unitType":{"code":"STANDARD","name":{"en":"Standard","vi":"Phòng thường"}}},{"buildingId":"bd_01M414DCJDHG63XAS4DVYE35FD","code":"A103","floor
POST /v1/rooms/un_01M414DCJDQ1F8V7A7XKM8SJNN/stays {"rentalType":"HOURLY","guestName":"Rehearsal Guest","guestPhone":"0912345678","deposit":10000}
  -> 201 {"checkInAt":"2026-10-03T15:01:08.569069Z","deposit":10000,"extras":[],"guestId":{"hasBackPhoto":false,"hasFrontPhoto":false,"hasIdNumber":false},"guestName":"Rehearsal Guest","guestPhone":"0912345678","id":"st_01M414H0ASET7JDSFKCYV5W3ND","pricingVersion":3,"quote":{"asOf":"2026-10-03T15:01:08.569069Z","balanceDue":70000,"capped":false,"depositPaid":10000,"extrasAmount":0,"lines":[{"amount":80000,"code":"FIRST_HOUR","quantity":1,"unitAmount":80000}],"refundDue":0,"stayAmount":80000,"total":80000},"rentalType":"HOURLY","roomCode":"A148","roomId":"un_01M414DCJDQ1F8V7A7XKM8SJNN","status":"ACTIVE"
POST /v1/stays/st_01M414H0ASET7JDSFKCYV5W3ND/checkout 
  -> 201 {"billCode":"PH1003A148","createdAt":"2026-10-03T15:01:08.578327Z","id":"iv_01M414H0B23Q80VV6XHCH3MGGE","quote":{"asOf":"2026-10-03T15:01:08.578327Z","balanceDue":70000,"capped":false,"depositPaid":10000,"extrasAmount":0,"lines":[{"amount":80000,"code":"FIRST_HOUR","quantity":1,"unitAmount":80000}],"refundDue":0,"stayAmount":80000,"total":80000},"roomCode":"A148","status":"OPEN","stayId":"st_01M414H0ASET7JDSFKCYV5W3ND"}
POST /v1/invoices/iv_01M414H0B23Q80VV6XHCH3MGGE/payments {"method":"CASH"}
  -> 201 {"amount":70000,"id":"pm_01M414H0B9CK8F6QRNFV180SZ3","invoiceId":"iv_01M414H0B23Q80VV6XHCH3MGGE","method":"CASH","paidAt":"2026-10-03T15:01:08.585021Z","receivedAmount":70000,"remaining":0,"status":"PAID"}
GET /v1/buildings/bd_01M414DCJDHG63XAS4DVYE35FD/rooms 
  -> 200 {"items":[{"buildingId":"bd_01M414DCJDHG63XAS4DVYE35FD","code":"A101","floor":1,"floorId":"fl_01M414DCJDZ46FG27AXMPC4E8H","floorName":"1","id":"un_01M414DCJD0THNDEP8AJ8FAJGB","status":"TO_CLEAN","unitType":{"code":"STANDARD","name":{"en":"Standard","vi":"Phòng thường"}}},{"buildingId":"bd_01M414DCJDHG63XAS4DVYE35FD","code":"A102","floor":1,"floorId":"fl_01M414DCJDZ46FG27AXMPC4E8H","floorName":"1","id":"un_01M414DCJDGMT12WJ6CSZQ6B94","status":"TO_CLEAN","unitType":{"code":"STANDARD","name":{"en":"Standard","vi":"Phòng thường"}}},{"buildingId":"bd_01M414DCJDHG63XAS4DVYE35FD","code":"A103","floor
GET /v1/housekeeping/tasks 
  -> 200 {"items":[{"buildingId":"bd_01M414DCJDHG63XAS4DVYE35FD","createdAt":"2026-10-03T14:59:10.029923Z","id":"un_01M414DCJD942GTF6J2M8MQA06","roomCode":"A124","roomId":"un_01M414DCJD942GTF6J2M8MQA06","status":"OPEN"},{"buildingId":"bd_01M414DCJDHG63XAS4DVYE35FD","createdAt":"2026-10-03T15:00:00.243049Z","id":"un_01M414DCJD0THNDEP8AJ8FAJGB","roomCode":"A101","roomId":"un_01M414DCJD0THNDEP8AJ8FAJGB","status":"OPEN"},{"buildingId":"bd_01M414DCJDHG63XAS4DVYE35FD","createdAt":"2026-10-03T15:00:01.03586Z","id":"un_01M414DCJDGMT12WJ6CSZQ6B94","roomCode":"A102","roomId":"un_01M414DCJDGMT12WJ6CSZQ6B94","stat