POST /v1/auth/sign-in {"guesthouseCode":"rh7296d6","username":"r1","pin":"***"}
  -> 200 {"accessToken":"***","expiresAt":"2026-10-04T00:53:40.611835Z","mustChangePin":false,"tenantId":"tn_01M40WXZFDC3MW29M7SQ5HW9VK","user":{"id":"us_01M40WY08M3F77KQMKRV6EDX05","locale":"vi","name":"Rehearsal R1","role":"RECEPTIONIST"}}
GET /v1/buildings 
  -> 200 {"items":[{"code":"A","counts":{"maintenance":1,"occupied":47,"overdue":0,"toClean":22,"vacant":130},"floors":[{"id":"fl_01M40WXZFD46BD6J3FBJ2NPM8A","name":"1","order":1},{"id":"fl_01M40WXZFDW689V2GMSAJ721K8","name":"2","order":2},{"id":"fl_01M40WXZFDXXG4WVDSZPE12YHB","name":"3","order":3},{"id":"fl_01M40WXZFDSF72A3ED1X9QZP1P","name":"4","order":4}],"id":"bd_01M40WXZFDSX288SJN4EAN9F2E","level":"EDIT","name":"Building A"}]}
GET /v1/buildings/bd_01M40WXZFDSX288SJN4EAN9F2E/rooms 
  -> 200 {"items":[{"buildingId":"bd_01M40WXZFDSX288SJN4EAN9F2E","code":"A101","floor":1,"floorId":"fl_01M40WXZFD46BD6J3FBJ2NPM8A","floorName":"1","id":"un_01M40WXZFDQ0NBEC89PW0MK9G1","status":"TO_CLEAN","unitType":{"code":"STANDARD","name":{"en":"Standard","vi":"Phòng thường"}}},{"buildingId":"bd_01M40WXZFDSX288SJN4EAN9F2E","code":"A102","floor":1,"floorId":"fl_01M40WXZFD46BD6J3FBJ2NPM8A","floorName":"1","id":"un_01M40WXZFDFR0ABNC0VSCVNYRE","status":"TO_CLEAN","unitType":{"code":"STANDARD","name":{"en":"Standard","vi":"Phòng thường"}}},{"buildingId":"bd_01M40WXZFDSX288SJN4EAN9F2E","code":"A103","floor
POST /v1/rooms/un_01M40WXZFDD00RHQ6H49KS1T98/stays {"rentalType":"HOURLY","guestName":"Rehearsal Guest","guestPhone":"0912345678","deposit":10000}
  -> 201 {"checkInAt":"2026-10-03T12:53:40.824436Z","deposit":10000,"extras":[],"guestId":{"hasBackPhoto":false,"hasFrontPhoto":false,"hasIdNumber":false},"guestName":"Rehearsal Guest","guestPhone":"0912345678","id":"st_01M40X7KTRQFM7RF3887QACSQF","pricingVersion":3,"quote":{"asOf":"2026-10-03T12:53:40.824436Z","balanceDue":70000,"capped":false,"depositPaid":10000,"extrasAmount":0,"lines":[{"amount":80000,"code":"FIRST_HOUR","quantity":1,"unitAmount":80000}],"refundDue":0,"stayAmount":80000,"total":80000},"rentalType":"HOURLY","roomCode":"A221","roomId":"un_01M40WXZFDD00RHQ6H49KS1T98","status":"ACTIVE"
POST /v1/stays/st_01M40X7KTRQFM7RF3887QACSQF/checkout 
  -> 201 {"billCode":"PH1003A221","createdAt":"2026-10-03T12:53:40.832518Z","id":"iv_01M40X7KV0DXWGH70GEJ9Y7Q9W","quote":{"asOf":"2026-10-03T12:53:40.832518Z","balanceDue":70000,"capped":false,"depositPaid":10000,"extrasAmount":0,"lines":[{"amount":80000,"code":"FIRST_HOUR","quantity":1,"unitAmount":80000}],"refundDue":0,"stayAmount":80000,"total":80000},"roomCode":"A221","status":"OPEN","stayId":"st_01M40X7KTRQFM7RF3887QACSQF"}
POST /v1/invoices/iv_01M40X7KV0DXWGH70GEJ9Y7Q9W/payments {"method":"TRANSFER"}
  -> 201 {"amount":70000,"id":"pm_01M40X7KV6KQY5TKHJVTQTZJYX","invoiceId":"iv_01M40X7KV0DXWGH70GEJ9Y7Q9W","method":"TRANSFER","qr":{"accountName":"REHEARSAL TEST","accountNoMasked":"******8888","amount":70000,"payload":"00020101021238540010A00000072701240006970436011010175888880208QRIBFTTA53037045405700005802VN62140810PH1003A2216304FF01","transferNote":"PH1003A221"},"remaining":70000,"status":"PENDING"}
WEBHOOK in 70000 "" id=1791032020842620 age=0s
  -> 200 {"success": true}
GET /v1/owner/transactions 
  -> 200 {"items":[{"amount":70000,"at":"2026-10-03T12:53:40.844056Z","id":"pe_01M40X7KVC8QPJTC0H4K9W93DF","kind":"PAYMENT","method":"TRANSFER","paymentEventId":"pe_01M40X7KVC8QPJTC0H4K9W93DF","receivedAt":"2026-10-03T12:53:40.844056Z","reconciliation":"UNMATCHED","transferNote":"manager tries to link"},{"amount":-420000,"at":"2026-10-03T12:49:40.763391Z","billCode":"PH1003A217","id":"pm_01M40X09CV1FQCNSYDHXZ00CQ7","kind":"CASH_REFUND","method":"CASH","reconciliation":"CASH","roomCode":"A217","settledAt":"2026-10-03T12:49:40.763391Z","shiftId":"sh_01M40X09CGXYKRD9WHH4C012SJ"},{"amount":70000,"at":"2026
POST /v1/owner/payment-events/pe_01M40X7KVC8QPJTC0H4K9W93DF/link {"invoiceId":"iv_01M40X7KV0DXWGH70GEJ9Y7Q9W"}
  -> 403 {"type":"about:blank","title":"Forbidden","status":403,"code":"ROLE_FORBIDDEN"}
POST /v1/owner/bank-accounts {"bankBin":"970436","accountNo":"1234567890","accountName":"X","ownerPin":"***"}
  -> 403 {"type":"about:blank","title":"Forbidden","status":403,"code":"ROLE_FORBIDDEN"}
GET /v1/buildings/bd_01M40WXZFDSX288SJN4EAN9F2E/rooms 
  -> 200 {"items":[{"buildingId":"bd_01M40WXZFDSX288SJN4EAN9F2E","code":"A101","floor":1,"floorId":"fl_01M40WXZFD46BD6J3FBJ2NPM8A","floorName":"1","id":"un_01M40WXZFDQ0NBEC89PW0MK9G1","status":"TO_CLEAN","unitType":{"code":"STANDARD","name":{"en":"Standard","vi":"Phòng thường"}}},{"buildingId":"bd_01M40WXZFDSX288SJN4EAN9F2E","code":"A102","floor":1,"floorId":"fl_01M40WXZFD46BD6J3FBJ2NPM8A","floorName":"1","id":"un_01M40WXZFDFR0ABNC0VSCVNYRE","status":"TO_CLEAN","unitType":{"code":"STANDARD","name":{"en":"Standard","vi":"Phòng thường"}}},{"buildingId":"bd_01M40WXZFDSX288SJN4EAN9F2E","code":"A103","floor
POST /v1/owner/staff {"name":"Rehearsal rl02victim","username":"rl02victim","position":"FRONT_DESK","appAccess":"RECEPTIONIST","contract":{"payType":"MONTHLY","rate":6000000,"fixedAllowance":0,"standardShifts":26,"startDate":"2026-01-01","annualLeaveDays":12},"buildingAccess":[{"buildingId":"bd_01M40WXZFDSX288SJN4EAN9F2E","level":"EDIT"}]}
  -> 201 {"oneTimePin":{"expiresAt":"2026-10-04T12:53:41.052682Z","pin":"***"},"staff":{"appAccess":"RECEPTIONIST","buildingAccess":[{"buildingId":"bd_01M40WXZFDSX288SJN4EAN9F2E","level":"EDIT"},{"buildingId":"bd_01M40WZX03WDT424RP6RYTDWSV","level":"NONE"}],"contract":{"annualLeaveDays":12,"fixedAllowance":0,"payType":"MONTHLY","rate":6000000,"standardShifts":26,"startDate":"2026-01-01"},"id":"us_01M40X7M1XFDHM34Q4RP83GZMM","name":"Rehearsal rl02victim","position":"FRONT_DESK","status":"ACTIVE","username":"rl02victim"}}
POST /v1/owner/staff/us_01M40X7M1XFDHM34Q4RP83GZMM/remove {"ownerPin":"***"}
  -> 403 {"type":"about:blank","title":"Forbidden","status":403,"code":"ROLE_FORBIDDEN"}
POST /v1/owner/staff/us_01M40WXZG8DZCEY56S4BQQZ1EP/lock 
  -> 403 {"type":"about:blank","title":"Forbidden","status":403,"code":"ROLE_FORBIDDEN"}
POST /v1/owner/staff/us_01M40WXZG8DZCEY56S4BQQZ1EP/pin-reset 
  -> 403 {"type":"about:blank","title":"Forbidden","status":403,"code":"ROLE_FORBIDDEN"}
GET /v1/me 
  -> 200 {"buildingAccess":[{"buildingId":"bd_01M40WXZFDSX288SJN4EAN9F2E","level":"EDIT"},{"buildingId":"bd_01M40WZX03WDT424RP6RYTDWSV","level":"EDIT"}],"tenant":{"currency":"VND","id":"tn_01M40WXZFDC3MW29M7SQ5HW9VK","name":"Rehearsal Test rh7296d6","timezone":"Asia/Ho_Chi_Minh"},"user":{"id":"us_01M40WXZG8DZCEY56S4BQQZ1EP","locale":"en","name":"Smoke Owner","role":"OWNER"}}