GET /v1/buildings 
  -> 200 {"items":[{"code":"A","counts":{"maintenance":0,"occupied":34,"overdue":0,"toClean":17,"vacant":149},"floors":[{"id":"fl_01M40WXZFD46BD6J3FBJ2NPM8A","name":"1","order":1},{"id":"fl_01M40WXZFDW689V2GMSAJ721K8","name":"2","order":2},{"id":"fl_01M40WXZFDXXG4WVDSZPE12YHB","name":"3","order":3},{"id":"fl_01M40WXZFDSF72A3ED1X9QZP1P","name":"4","order":4}],"id":"bd_01M40WXZFDSX288SJN4EAN9F2E","level":"EDIT","name":"Building A"}]}
GET /v1/buildings/bd_01M40WXZFDSX288SJN4EAN9F2E/rooms 
  -> 200 {"items":[{"buildingId":"bd_01M40WXZFDSX288SJN4EAN9F2E","code":"A101","floor":1,"floorId":"fl_01M40WXZFD46BD6J3FBJ2NPM8A","floorName":"1","id":"un_01M40WXZFDQ0NBEC89PW0MK9G1","status":"TO_CLEAN","unitType":{"code":"STANDARD","name":{"en":"Standard","vi":"Phòng thường"}}},{"buildingId":"bd_01M40WXZFDSX288SJN4EAN9F2E","code":"A102","floor":1,"floorId":"fl_01M40WXZFD46BD6J3FBJ2NPM8A","floorName":"1","id":"un_01M40WXZFDFR0ABNC0VSCVNYRE","status":"TO_CLEAN","unitType":{"code":"STANDARD","name":{"en":"Standard","vi":"Phòng thường"}}},{"buildingId":"bd_01M40WXZFDSX288SJN4EAN9F2E","code":"A103","floor
POST /v1/rooms/un_01M40WXZFDMB69H4XQQCH6B24Y/stays {"rentalType":"HOURLY","guestName":"Rehearsal Guest","guestPhone":"0912345678","deposit":10000}
  -> 201 {"checkInAt":"2026-10-03T12:49:35.377633Z","deposit":10000,"extras":[],"guestId":{"hasBackPhoto":false,"hasFrontPhoto":false,"hasIdNumber":false},"guestName":"Rehearsal Guest","guestPhone":"0912345678","id":"st_01M40X044HBWXS5VQ5NASQ1R7W","pricingVersion":3,"quote":{"asOf":"2026-10-03T12:49:35.377633Z","balanceDue":70000,"capped":false,"depositPaid":10000,"extrasAmount":0,"lines":[{"amount":80000,"code":"FIRST_HOUR","quantity":1,"unitAmount":80000}],"refundDue":0,"stayAmount":80000,"total":80000},"rentalType":"HOURLY","roomCode":"A202","roomId":"un_01M40WXZFDMB69H4XQQCH6B24Y","status":"ACTIVE"
POST /v1/stays/st_01M40X044HBWXS5VQ5NASQ1R7W/checkout 
  -> 201 {"billCode":"PH1003A202","createdAt":"2026-10-03T12:49:35.382263Z","id":"iv_01M40X044PP7D0BF7SZYVWFGFY","quote":{"asOf":"2026-10-03T12:49:35.382263Z","balanceDue":70000,"capped":false,"depositPaid":10000,"extrasAmount":0,"lines":[{"amount":80000,"code":"FIRST_HOUR","quantity":1,"unitAmount":80000}],"refundDue":0,"stayAmount":80000,"total":80000},"roomCode":"A202","status":"OPEN","stayId":"st_01M40X044HBWXS5VQ5NASQ1R7W"}
POST /v1/invoices/iv_01M40X044PP7D0BF7SZYVWFGFY/payments {"method":"TRANSFER"}
  -> 201 {"amount":70000,"id":"pm_01M40X044ST9WC4EJ580RB6RS3","invoiceId":"iv_01M40X044PP7D0BF7SZYVWFGFY","method":"TRANSFER","qr":{"accountName":"REHEARSAL TEST","accountNoMasked":"******8888","amount":70000,"payload":"00020101021238540010A00000072701240006970436011010175888880208QRIBFTTA53037045405700005802VN62140810PH1003A20263049A93","transferNote":"PH1003A202"},"remaining":70000,"status":"PENDING"}
WEBHOOK in 70000 "PH1003A202" id=1791031775388363 age=0s
  -> 200 {"success": true}
GET /v1/payments/pm_01M40X044ST9WC4EJ580RB6RS3 
  -> 200 {"amount":70000,"id":"pm_01M40X044ST9WC4EJ580RB6RS3","invoiceId":"iv_01M40X044PP7D0BF7SZYVWFGFY","method":"TRANSFER","paidAt":"2026-10-03T12:49:35.389155Z","receivedAmount":70000,"remaining":0,"status":"PAID","transactionId":"1791031775388363"}
GET /v1/buildings/bd_01M40WXZFDSX288SJN4EAN9F2E/rooms 
  -> 200 {"items":[{"buildingId":"bd_01M40WXZFDSX288SJN4EAN9F2E","code":"A101","floor":1,"floorId":"fl_01M40WXZFD46BD6J3FBJ2NPM8A","floorName":"1","id":"un_01M40WXZFDQ0NBEC89PW0MK9G1","status":"TO_CLEAN","unitType":{"code":"STANDARD","name":{"en":"Standard","vi":"Phòng thường"}}},{"buildingId":"bd_01M40WXZFDSX288SJN4EAN9F2E","code":"A102","floor":1,"floorId":"fl_01M40WXZFD46BD6J3FBJ2NPM8A","floorName":"1","id":"un_01M40WXZFDFR0ABNC0VSCVNYRE","status":"TO_CLEAN","unitType":{"code":"STANDARD","name":{"en":"Standard","vi":"Phòng thường"}}},{"buildingId":"bd_01M40WXZFDSX288SJN4EAN9F2E","code":"A103","floor
POST /v1/stays/st_01M40X044HBWXS5VQ5NASQ1R7W/extras {"items":[{"serviceCode":"WATER","quantity":1}]}
  -> 409 {"type":"about:blank","title":"Conflict","status":409,"code":"STAY_NOT_ACTIVE"}
POST /v1/stays/st_01M40X044HBWXS5VQ5NASQ1R7W/check-in-time {"newCheckInAt":"2026-10-03T12:49:35.406Z","reasonCode":"OTHER","note":"late fix"}
  -> 409 {"type":"about:blank","title":"Conflict","status":409,"code":"STAY_NOT_ACTIVE"}
POST /v1/stays/st_01M40X044HBWXS5VQ5NASQ1R7W/checkout 
  -> 409 {"type":"about:blank","title":"Conflict","status":409,"code":"STAY_NOT_ACTIVE"}
POST /v1/stays/st_01M40X044HBWXS5VQ5NASQ1R7W/move {"toRoomId":"un_01M40WXZFDT9N0F4V81ZCCP0D2","rentalType":"HOURLY"}
  -> 409 {"type":"about:blank","title":"Conflict","status":409,"code":"STAY_NOT_ACTIVE"}