POST /v1/me/leave-requests {"fromDate":"2026-10-13","toDate":"2026-10-13","kind":"PAID","reason":"Rehearsal"}
  -> 201 {"createdAt":"2026-10-03T15:01:09.371806Z","fromDate":"2026-10-13","id":"lv_01M414H13V9B57JY5YCCWAFBFP","kind":"PAID","reason":"Rehearsal","status":"PENDING","toDate":"2026-10-13","userId":"us_01M414DGMSA9KNMATFW3SNABDE","userName":"Rehearsal R19"}
POST /v1/me/leave-requests {"fromDate":"2026-10-14","toDate":"2026-10-14","kind":"PAID","reason":"Rehearsal"}
  -> 201 {"createdAt":"2026-10-03T15:01:09.375096Z","fromDate":"2026-10-14","id":"lv_01M414H13ZHRSWQ575M5R21E0A","kind":"PAID","reason":"Rehearsal","status":"PENDING","toDate":"2026-10-14","userId":"us_01M414DGMSA9KNMATFW3SNABDE","userName":"Rehearsal R19"}
POST /v1/me/leave-requests {"fromDate":"2026-10-15","toDate":"2026-10-15","kind":"PAID","reason":"Rehearsal"}
  -> 201 {"createdAt":"2026-10-03T15:01:09.377094Z","fromDate":"2026-10-15","id":"lv_01M414H141RZ0K5C2AQWWA923B","kind":"PAID","reason":"Rehearsal","status":"PENDING","toDate":"2026-10-15","userId":"us_01M414DGMSA9KNMATFW3SNABDE","userName":"Rehearsal R19"}
POST /v1/owner/leave-requests/lv_01M414H13V9B57JY5YCCWAFBFP/approve 
  -> 200 {"createdAt":"2026-10-03T15:01:09.371806Z","decidedAt":"2026-10-03T15:01:09.379372Z","fromDate":"2026-10-13","id":"lv_01M414H13V9B57JY5YCCWAFBFP","kind":"PAID","reason":"Rehearsal","status":"APPROVED","toDate":"2026-10-13","userId":"us_01M414DGMSA9KNMATFW3SNABDE","userName":"Rehearsal R19"}
POST /v1/owner/leave-requests/lv_01M414H13ZHRSWQ575M5R21E0A/decline {"reason":"Rehearsal: busy week"}
  -> 200 {"createdAt":"2026-10-03T15:01:09.375096Z","decidedAt":"2026-10-03T15:01:09.381375Z","declineReason":"Rehearsal: busy week","fromDate":"2026-10-14","id":"lv_01M414H13ZHRSWQ575M5R21E0A","kind":"PAID","reason":"Rehearsal","status":"DECLINED","toDate":"2026-10-14","userId":"us_01M414DGMSA9KNMATFW3SNABDE","userName":"Rehearsal R19"}
POST /v1/me/leave-requests/lv_01M414H141RZ0K5C2AQWWA923B/cancel 
  -> 200 {"createdAt":"2026-10-03T15:01:09.377094Z","decidedAt":"2026-10-03T15:01:09.383454Z","fromDate":"2026-10-15","id":"lv_01M414H141RZ0K5C2AQWWA923B","kind":"PAID","reason":"Rehearsal","status":"CANCELLED","toDate":"2026-10-15","userId":"us_01M414DGMSA9KNMATFW3SNABDE","userName":"Rehearsal R19"}
GET /v1/me/leave-requests 
  -> 200 {"balance":{"annual":12,"left":11,"used":1,"year":2026},"items":[{"createdAt":"2026-10-03T15:01:09.377094Z","decidedAt":"2026-10-03T15:01:09.383454Z","fromDate":"2026-10-15","id":"lv_01M414H141RZ0K5C2AQWWA923B","kind":"PAID","reason":"Rehearsal","status":"CANCELLED","toDate":"2026-10-15","userId":"us_01M414DGMSA9KNMATFW3SNABDE","userName":"Rehearsal R19"},{"createdAt":"2026-10-03T15:01:09.375096Z","decidedAt":"2026-10-03T15:01:09.381375Z","declineReason":"Rehearsal: busy week","fromDate":"2026-10-14","id":"lv_01M414H13ZHRSWQ575M5R21E0A","kind":"PAID","reason":"Rehearsal","status":"DECLINED","t
POST /v1/me/leave-requests/lv_01M414H13V9B57JY5YCCWAFBFP/cancel 
  -> 200 {"createdAt":"2026-10-03T15:01:09.371806Z","decidedAt":"2026-10-03T15:01:09.387362Z","fromDate":"2026-10-13","id":"lv_01M414H13V9B57JY5YCCWAFBFP","kind":"PAID","reason":"Rehearsal","status":"CANCEL_REQUESTED","toDate":"2026-10-13","userId":"us_01M414DGMSA9KNMATFW3SNABDE","userName":"Rehearsal R19"}
GET /v1/me/leave-requests 
  -> 200 {"balance":{"annual":12,"left":11,"used":1,"year":2026},"items":[{"createdAt":"2026-10-03T15:01:09.377094Z","decidedAt":"2026-10-03T15:01:09.383454Z","fromDate":"2026-10-15","id":"lv_01M414H141RZ0K5C2AQWWA923B","kind":"PAID","reason":"Rehearsal","status":"CANCELLED","toDate":"2026-10-15","userId":"us_01M414DGMSA9KNMATFW3SNABDE","userName":"Rehearsal R19"},{"createdAt":"2026-10-03T15:01:09.375096Z","decidedAt":"2026-10-03T15:01:09.381375Z","declineReason":"Rehearsal: busy week","fromDate":"2026-10-14","id":"lv_01M414H13ZHRSWQ575M5R21E0A","kind":"PAID","reason":"Rehearsal","status":"DECLINED","t
POST /v1/owner/leave-requests/lv_01M414H13V9B57JY5YCCWAFBFP/approve 
  -> 200 {"createdAt":"2026-10-03T15:01:09.371806Z","decidedAt":"2026-10-03T15:01:09.390679Z","fromDate":"2026-10-13","id":"lv_01M414H13V9B57JY5YCCWAFBFP","kind":"PAID","reason":"Rehearsal","status":"CANCELLED","toDate":"2026-10-13","userId":"us_01M414DGMSA9KNMATFW3SNABDE","userName":"Rehearsal R19"}
GET /v1/owner/alerts 
  -> 200 {"items":[{"actorName":"Rehearsal R19","createdAt":"2026-10-03T15:01:09.387147Z","details":{"from":"2026-10-13","kind":"PAID","request":"cancel","to":"2026-10-13"},"id":"al_01M414H14B57FNPN97F25BHP2S","kind":"LEAVE_REQUESTED","read":false},{"actorName":"Rehearsal R19","createdAt":"2026-10-03T15:01:09.376818Z","details":{"from":"2026-10-15","kind":"PAID","request":"leave","to":"2026-10-15"},"id":"al_01M414H141PE4HEQSNAZMER64E","kind":"LEAVE_REQUESTED","read":false},{"actorName":"Rehearsal R19","createdAt":"2026-10-03T15:01:09.374803Z","details":{"from":"2026-10-14","kind":"PAID","request":"leav