POST /v1/auth/sign-in {"guesthouseCode":"rhaec4ce","username":"owner","pin":"***"}
  -> 200 {"accessToken":"***","expiresAt":"2026-10-03T18:02:44.352425Z","mustChangePin":false,"tenantId":"tn_01M405JF5BQ3D2VK6SFMNGZGK9","user":{"id":"us_01M405JF5X3BJHRMJDGM4EE1PQ","locale":"vi","name":"Smoke Owner","role":"OWNER"}}
GET /v1/buildings 
  -> 200 {"items":[{"code":"A","counts":{"maintenance":0,"occupied":8,"overdue":0,"toClean":17,"vacant":95},"floors":[{"id":"fl_01M405JF5BCNDATRVY60SGNRTF","name":"1","order":1},{"id":"fl_01M405JF5BGWM44ASWKWRWJQ99","name":"2","order":2},{"id":"fl_01M405JF5BTTTF5MRA2Q2HWZNA","name":"3","order":3}],"id":"bd_01M405JF5BYGDW7RGK4KB35SWW","level":"EDIT","name":"Building A"}]}
GET /v1/buildings/bd_01M405JF5BYGDW7RGK4KB35SWW/rooms 
  -> 200 {"items":[{"buildingId":"bd_01M405JF5BYGDW7RGK4KB35SWW","code":"A101","floor":1,"floorId":"fl_01M405JF5BCNDATRVY60SGNRTF","floorName":"1","id":"un_01M405JF5BV3JF0G84JYES61BF","status":"TO_CLEAN","unitType":{"code":"STANDARD","name":{"en":"Standard","vi":"Phòng thường"}}},{"buildingId":"bd_01M405JF5BYGDW7RGK4KB35SWW","code":"A102","floor":1,"floorId":"fl_01M405JF5BCNDATRVY60SGNRTF","floorName":"1","id":"un_01M405JF5BNCSN7MWJCJQS9F53","status":"TO_CLEAN","unitType":{"code":"STANDARD","name":{"en":"Standard","vi":"Phòng thường"}}},{"buildingId":"bd_01M405JF5BYGDW7RGK4KB35SWW","code":"A103","floor
POST /v1/rooms/un_01M405JF5B9NE92FJY70XES452/stays {"rentalType":"HOURLY","guestName":"Rehearsal Guest","guestPhone":"0912345678","deposit":10000}
  -> 201 {"checkInAt":"2026-10-03T06:02:44.569977Z","deposit":10000,"extras":[],"guestId":{"hasBackPhoto":false,"hasFrontPhoto":false,"hasIdNumber":false},"guestName":"Rehearsal Guest","guestPhone":"0912345678","id":"st_01M405Q5ESXHMYE7ZND7FNJFBF","pricingVersion":1,"quote":{"asOf":"2026-10-03T06:02:44.569977Z","balanceDue":70000,"capped":false,"depositPaid":10000,"extrasAmount":0,"lines":[{"amount":80000,"code":"FIRST_HOUR","quantity":1,"unitAmount":80000}],"refundDue":0,"stayAmount":80000,"total":80000},"rentalType":"HOURLY","roomCode":"A126","roomId":"un_01M405JF5B9NE92FJY70XES452","status":"ACTIVE"
POST /v1/stays/st_01M405Q5ESXHMYE7ZND7FNJFBF/checkout 
  -> 201 {"billCode":"PH1003A1262","createdAt":"2026-10-03T06:02:44.578838Z","id":"iv_01M405Q5F3CVN32E1H29HVG0KW","quote":{"asOf":"2026-10-03T06:02:44.578838Z","balanceDue":70000,"capped":false,"depositPaid":10000,"extrasAmount":0,"lines":[{"amount":80000,"code":"FIRST_HOUR","quantity":1,"unitAmount":80000}],"refundDue":0,"stayAmount":80000,"total":80000},"roomCode":"A126","status":"OPEN","stayId":"st_01M405Q5ESXHMYE7ZND7FNJFBF"}
POST /v1/invoices/iv_01M405Q5F3CVN32E1H29HVG0KW/payments {"method":"CASH"}
  -> 201 {"amount":70000,"id":"pm_01M405Q5FBX4H8J7PFY6A84KV1","invoiceId":"iv_01M405Q5F3CVN32E1H29HVG0KW","method":"CASH","paidAt":"2026-10-03T06:02:44.586838Z","receivedAmount":70000,"remaining":0,"status":"PAID"}
GET /v1/buildings/bd_01M405JF5BYGDW7RGK4KB35SWW/rooms 
  -> 200 {"items":[{"buildingId":"bd_01M405JF5BYGDW7RGK4KB35SWW","code":"A101","floor":1,"floorId":"fl_01M405JF5BCNDATRVY60SGNRTF","floorName":"1","id":"un_01M405JF5BV3JF0G84JYES61BF","status":"TO_CLEAN","unitType":{"code":"STANDARD","name":{"en":"Standard","vi":"Phòng thường"}}},{"buildingId":"bd_01M405JF5BYGDW7RGK4KB35SWW","code":"A102","floor":1,"floorId":"fl_01M405JF5BCNDATRVY60SGNRTF","floorName":"1","id":"un_01M405JF5BNCSN7MWJCJQS9F53","status":"TO_CLEAN","unitType":{"code":"STANDARD","name":{"en":"Standard","vi":"Phòng thường"}}},{"buildingId":"bd_01M405JF5BYGDW7RGK4KB35SWW","code":"A103","floor
GET /v1/housekeeping/tasks 
  -> 200 {"items":[{"buildingId":"bd_01M405JF5BYGDW7RGK4KB35SWW","createdAt":"2026-10-03T06:00:18.598303Z","id":"un_01M405JF5BV3JF0G84JYES61BF","roomCode":"A101","roomId":"un_01M405JF5BV3JF0G84JYES61BF","status":"OPEN"},{"buildingId":"bd_01M405JF5BYGDW7RGK4KB35SWW","createdAt":"2026-10-03T06:00:19.175193Z","id":"un_01M405JF5BNCSN7MWJCJQS9F53","roomCode":"A102","roomId":"un_01M405JF5BNCSN7MWJCJQS9F53","status":"OPEN"},{"buildingId":"bd_01M405JF5BYGDW7RGK4KB35SWW","createdAt":"2026-10-03T06:00:19.701514Z","id":"un_01M405JF5BMPB20BJCTRDDKQ0Q","roomCode":"A103","roomId":"un_01M405JF5BMPB20BJCTRDDKQ0Q","sta
POST /v1/housekeeping/tasks/un_01M405JF5B9NE92FJY70XES452/complete 
  -> 200 {"buildingId":"bd_01M405JF5BYGDW7RGK4KB35SWW","completedAt":"2026-10-03T06:02:44.612206Z","createdAt":"2026-10-03T06:02:44.578838Z","id":"un_01M405JF5B9NE92FJY70XES452","roomCode":"A126","roomId":"un_01M405JF5B9NE92FJY70XES452","status":"DONE"}
GET /v1/buildings/bd_01M405JF5BYGDW7RGK4KB35SWW/rooms 
  -> 200 {"items":[{"buildingId":"bd_01M405JF5BYGDW7RGK4KB35SWW","code":"A101","floor":1,"floorId":"fl_01M405JF5BCNDATRVY60SGNRTF","floorName":"1","id":"un_01M405JF5BV3JF0G84JYES61BF","status":"TO_CLEAN","unitType":{"code":"STANDARD","name":{"en":"Standard","vi":"Phòng thường"}}},{"buildingId":"bd_01M405JF5BYGDW7RGK4KB35SWW","code":"A102","floor":1,"floorId":"fl_01M405JF5BCNDATRVY60SGNRTF","floorName":"1","id":"un_01M405JF5BNCSN7MWJCJQS9F53","status":"TO_CLEAN","unitType":{"code":"STANDARD","name":{"en":"Standard","vi":"Phòng thường"}}},{"buildingId":"bd_01M405JF5BYGDW7RGK4KB35SWW","code":"A103","floor