GET /v1/buildings 
  -> 200 {"items":[{"code":"A","counts":{"maintenance":0,"occupied":34,"overdue":0,"toClean":20,"vacant":146},"floors":[{"id":"fl_01M40WXZFD46BD6J3FBJ2NPM8A","name":"1","order":1},{"id":"fl_01M40WXZFDW689V2GMSAJ721K8","name":"2","order":2},{"id":"fl_01M40WXZFDXXG4WVDSZPE12YHB","name":"3","order":3},{"id":"fl_01M40WXZFDSF72A3ED1X9QZP1P","name":"4","order":4}],"id":"bd_01M40WXZFDSX288SJN4EAN9F2E","level":"EDIT","name":"Building A"}]}
GET /v1/buildings/bd_01M40WXZFDSX288SJN4EAN9F2E/rooms 
  -> 200 {"items":[{"buildingId":"bd_01M40WXZFDSX288SJN4EAN9F2E","code":"A101","floor":1,"floorId":"fl_01M40WXZFD46BD6J3FBJ2NPM8A","floorName":"1","id":"un_01M40WXZFDQ0NBEC89PW0MK9G1","status":"TO_CLEAN","unitType":{"code":"STANDARD","name":{"en":"Standard","vi":"Phòng thường"}}},{"buildingId":"bd_01M40WXZFDSX288SJN4EAN9F2E","code":"A102","floor":1,"floorId":"fl_01M40WXZFD46BD6J3FBJ2NPM8A","floorName":"1","id":"un_01M40WXZFDFR0ABNC0VSCVNYRE","status":"TO_CLEAN","unitType":{"code":"STANDARD","name":{"en":"Standard","vi":"Phòng thường"}}},{"buildingId":"bd_01M40WXZFDSX288SJN4EAN9F2E","code":"A103","floor
POST /v1/rooms/un_01M40WXZFD70HRZMMX87H333B7/stays {"rentalType":"HOURLY","guestName":"Rehearsal Guest","guestPhone":"0912345678","deposit":10000}
  -> 201 {"checkInAt":"2026-10-03T12:49:35.633877Z","deposit":10000,"extras":[],"guestId":{"hasBackPhoto":false,"hasFrontPhoto":false,"hasIdNumber":false},"guestName":"Rehearsal Guest","guestPhone":"0912345678","id":"st_01M40X04CHJTXTT1B41178SQNZ","pricingVersion":3,"quote":{"asOf":"2026-10-03T12:49:35.633877Z","balanceDue":70000,"capped":false,"depositPaid":10000,"extrasAmount":0,"lines":[{"amount":80000,"code":"FIRST_HOUR","quantity":1,"unitAmount":80000}],"refundDue":0,"stayAmount":80000,"total":80000},"rentalType":"HOURLY","roomCode":"A205","roomId":"un_01M40WXZFD70HRZMMX87H333B7","status":"ACTIVE"
POST /v1/stays/st_01M40X04CHJTXTT1B41178SQNZ/checkout 
  -> 201 {"billCode":"PH1003A205","createdAt":"2026-10-03T12:49:35.636676Z","id":"iv_01M40X04CMV38XYX5S3PERN1DB","quote":{"asOf":"2026-10-03T12:49:35.636676Z","balanceDue":70000,"capped":false,"depositPaid":10000,"extrasAmount":0,"lines":[{"amount":80000,"code":"FIRST_HOUR","quantity":1,"unitAmount":80000}],"refundDue":0,"stayAmount":80000,"total":80000},"roomCode":"A205","status":"OPEN","stayId":"st_01M40X04CHJTXTT1B41178SQNZ"}
POST /v1/invoices/iv_01M40X04CMV38XYX5S3PERN1DB/payments {"method":"TRANSFER"}
  -> 201 {"amount":70000,"id":"pm_01M40X04CP039TRD26J4J70ES8","invoiceId":"iv_01M40X04CMV38XYX5S3PERN1DB","method":"TRANSFER","qr":{"accountName":"REHEARSAL TEST","accountNoMasked":"******8888","amount":70000,"payload":"00020101021238540010A00000072701240006970436011010175888880208QRIBFTTA53037045405700005802VN62140810PH1003A2056304FD47","transferNote":"PH1003A205"},"remaining":70000,"status":"PENDING"}
GET /v1/owner/transactions 
  -> 200 {"items":[{"amount":-420000,"at":"2026-10-03T12:49:35.601571Z","billCode":"PH1003A204","id":"pm_01M40X04BH3TSG6G11C4RQJDM0","kind":"CASH_REFUND","method":"CASH","reconciliation":"CASH","roomCode":"A204","settledAt":"2026-10-03T12:49:35.601571Z","shiftId":"sh_01M40WZZE0M715Z7C6BEXF3K4G"},{"amount":70000,"at":"2026-10-03T12:49:35.582589Z","billCode":"PH1003A203","id":"pm_01M40X04AVZTE3GV3R1X2FZV6K","kind":"PAYMENT","method":"TRANSFER","paymentEventId":"pe_01M40X04AYHSVBFTAB14E1V69D","receivedAt":"2026-10-03T12:49:35.582589Z","reconciliation":"MATCHED","roomCode":"A203","settledAt":"2026-10-03T12
WEBHOOK in 70000 "PH1003A205" id=1791031775645052 age=0s
  -> 200 {"success": true}
GET /v1/owner/transactions 
  -> 200 {"items":[{"amount":-420000,"at":"2026-10-03T12:49:35.601571Z","billCode":"PH1003A204","id":"pm_01M40X04BH3TSG6G11C4RQJDM0","kind":"CASH_REFUND","method":"CASH","reconciliation":"CASH","roomCode":"A204","settledAt":"2026-10-03T12:49:35.601571Z","shiftId":"sh_01M40WZZE0M715Z7C6BEXF3K4G"},{"amount":70000,"at":"2026-10-03T12:49:35.582589Z","billCode":"PH1003A203","id":"pm_01M40X04AVZTE3GV3R1X2FZV6K","kind":"PAYMENT","method":"TRANSFER","paymentEventId":"pe_01M40X04AYHSVBFTAB14E1V69D","receivedAt":"2026-10-03T12:49:35.582589Z","reconciliation":"MATCHED","roomCode":"A203","settledAt":"2026-10-03T12
GET /v1/owner/transactions 
  -> 200 {"items":[{"amount":-420000,"at":"2026-10-03T12:49:35.601571Z","billCode":"PH1003A204","id":"pm_01M40X04BH3TSG6G11C4RQJDM0","kind":"CASH_REFUND","method":"CASH","reconciliation":"CASH","roomCode":"A204","settledAt":"2026-10-03T12:49:35.601571Z","shiftId":"sh_01M40WZZE0M715Z7C6BEXF3K4G"},{"amount":70000,"at":"2026-10-03T12:49:35.582589Z","billCode":"PH1003A203","id":"pm_01M40X04AVZTE3GV3R1X2FZV6K","kind":"PAYMENT","method":"TRANSFER","paymentEventId":"pe_01M40X04AYHSVBFTAB14E1V69D","receivedAt":"2026-10-03T12:49:35.582589Z","reconciliation":"MATCHED","roomCode":"A203","settledAt":"2026-10-03T12
GET /v1/owner/transactions?filter=NEEDS_ACTION 
  -> 200 {"items":[{"amount":35000,"at":"2026-10-03T12:49:29.928754Z","billCode":"PH1003A142","id":"pe_01M40WZYT92ERE8ECXNE0SK4T7","kind":"PAYMENT","method":"TRANSFER","paymentEventId":"pe_01M40WZYT92ERE8ECXNE0SK4T7","receivedAt":"2026-10-03T12:49:29.928754Z","reconciliation":"MISMATCH","roomCode":"A142","transferNote":"PH1003A142 chuyen tien"},{"amount":70000,"at":"2026-10-03T12:49:29.892144Z","id":"pe_01M40WZYS48KS7GF9CSRXT7Q2A","kind":"PAYMENT","method":"TRANSFER","paymentEventId":"pe_01M40WZYS48KS7GF9CSRXT7Q2A","receivedAt":"2026-10-03T12:49:29.892144Z","reconciliation":"UNMATCHED","transferNote":"
GET /v1/owner/alerts 
  -> 200 {"items":[{"amount":5000,"createdAt":"2026-10-03T12:49:30.668917Z","details":{"billCode":"PH1003A146","excess":"5000","expected":"70000","received":"75000"},"id":"al_01M40WZZHDEAYECV9K459QY1GK","kind":"OVERPAID","read":false,"roomCode":"A146","stayId":"st_01M40WZZH4Q9EEJZCCNQFZEHJR"},{"amount":70000,"createdAt":"2026-10-03T12:49:29.892385Z","details":{"eventId":"pe_01M40WZYS48KS7GF9CSRXT7Q2A","transferNote":"front desk tries"},"id":"al_01M40WZYS4R1H4WRMFM31ZJ3Z1","kind":"UNMATCHED_TRANSFER","read":false},{"amount":70000,"createdAt":"2026-10-03T12:49:29.851142Z","details":{"eventId":"pe_01M40WZ
GET /v1/payments/pm_01M40X04CP039TRD26J4J70ES8 
  -> 200 {"amount":70000,"id":"pm_01M40X04CP039TRD26J4J70ES8","invoiceId":"iv_01M40X04CMV38XYX5S3PERN1DB","method":"TRANSFER","qr":{"accountName":"REHEARSAL TEST","accountNoMasked":"******8888","amount":70000,"payload":"00020101021238540010A00000072701240006970436011010175888880208QRIBFTTA53037045405700005802VN62140810PH1003A2056304FD47","transferNote":"PH1003A205"},"remaining":70000,"status":"PENDING"}
POST /v1/owner/payment-events/pe_doesnotexist/link {"invoiceId":"iv_01M40X04CMV38XYX5S3PERN1DB"}
  -> 404 {"type":"about:blank","title":"Not Found","status":404,"code":"NOT_FOUND"}