POST /v1/auth/sign-in {"guesthouseCode":"rh840297","username":"r8","pin":"***"}
  -> 200 {"accessToken":"***","expiresAt":"2026-10-04T02:37:17.975043Z","mustChangePin":true,"tenantId":"tn_01M41331K01RB67HH96BE2W4GB","user":{"id":"us_01M41333XKXT9CP3BGBFB6YE53","locale":"vi","name":"Rehearsal R8","role":"RECEPTIONIST"}}
PUT /v1/me/pin {"currentPin":"***","newPin":"***"}
  -> 204 ""
GET /v1/me 
  -> 200 {"buildingAccess":[{"buildingId":"bd_01M41331K1NQJXD69A9ZKAZFBH","level":"EDIT"},{"buildingId":"bd_01M41350FJF710ZZT3G022KJ0X","level":"NONE"}],"tenant":{"currency":"VND","id":"tn_01M41331K01RB67HH96BE2W4GB","name":"Rehearsal Test rh840297","timezone":"Asia/Ho_Chi_Minh"},"user":{"id":"us_01M41333XKXT9CP3BGBFB6YE53","locale":"vi","name":"Rehearsal R8","role":"RECEPTIONIST"}}
GET /v1/buildings 
  -> 200 {"items":[{"code":"A","counts":{"maintenance":1,"occupied":43,"overdue":0,"toClean":21,"vacant":135},"floors":[{"id":"fl_01M41331K1QT3R4SGFWQN8PAG5","name":"1","order":1},{"id":"fl_01M41331K170YEX76HVGNGD8XJ","name":"2","order":2},{"id":"fl_01M41331K1VSV1YS3WM1J042D0","name":"3","order":3},{"id":"fl_01M41331K18FQEZA37V8EQXREQ","name":"4","order":4}],"id":"bd_01M41331K1NQJXD69A9ZKAZFBH","level":"EDIT","name":"Building A"}]}
GET /v1/buildings/bd_01M41331K1NQJXD69A9ZKAZFBH/rooms 
  -> 200 {"items":[{"buildingId":"bd_01M41331K1NQJXD69A9ZKAZFBH","code":"A101","floor":1,"floorId":"fl_01M41331K1QT3R4SGFWQN8PAG5","floorName":"1","id":"un_01M41331K1HJVYW3E5YCKP0BJ2","status":"TO_CLEAN","unitType":{"code":"STANDARD","name":{"en":"Standard","vi":"Phòng thường"}}},{"buildingId":"bd_01M41331K1NQJXD69A9ZKAZFBH","code":"A102","floor":1,"floorId":"fl_01M41331K1QT3R4SGFWQN8PAG5","floorName":"1","id":"un_01M41331K17RZ0DN56RCQ09M3V","status":"TO_CLEAN","unitType":{"code":"STANDARD","name":{"en":"Standard","vi":"Phòng thường"}}},{"buildingId":"bd_01M41331K1NQJXD69A9ZKAZFBH","code":"A103","floor
POST /v1/rooms/un_01M41331K1PKYESZEF7NGSHVHV/stays {"rentalType":"HOURLY","guestName":"Rehearsal Guest","guestPhone":"0912345678","deposit":50000}
  -> 201 {"checkInAt":"2026-10-03T14:37:18.566726Z","deposit":50000,"extras":[],"guestId":{"hasBackPhoto":false,"hasFrontPhoto":false,"hasIdNumber":false},"guestName":"Rehearsal Guest","guestPhone":"0912345678","id":"st_01M4135BV6R9VMYSFYA32JRGBN","pricingVersion":3,"quote":{"asOf":"2026-10-03T14:37:18.566726Z","balanceDue":30000,"capped":false,"depositPaid":50000,"extrasAmount":0,"lines":[{"amount":80000,"code":"FIRST_HOUR","quantity":1,"unitAmount":80000}],"refundDue":0,"stayAmount":80000,"total":80000},"rentalType":"HOURLY","roomCode":"A216","roomId":"un_01M41331K1PKYESZEF7NGSHVHV","status":"ACTIVE"
GET /v1/shifts/current 
  -> 200 {"buildingIds":["bd_01M41331K1NQJXD69A9ZKAZFBH"],"cashIn":50000,"cashOut":0,"expectedCash":50000,"id":"sh_01M4135BV7ANRF4NSCGK2A7AGX","movements":[{"amount":50000,"at":"2026-10-03T14:37:18.56701Z","byOwner":false,"kind":"DEPOSIT","roomCode":"A216"}],"openedAt":"2026-10-03T14:37:18.56701Z","openingFloat":0,"status":"OPEN","transfersReceived":0,"unpaidInvoices":[],"userId":"us_01M41333XKXT9CP3BGBFB6YE53","userName":"Rehearsal R8"}
POST /v1/stays/st_01M4135BV6R9VMYSFYA32JRGBN/checkout 
  -> 201 {"billCode":"PH1003A216","createdAt":"2026-10-03T14:37:18.575093Z","id":"iv_01M4135BVFY384FFG25H03V1BS","quote":{"asOf":"2026-10-03T14:37:18.575093Z","balanceDue":30000,"capped":false,"depositPaid":50000,"extrasAmount":0,"lines":[{"amount":80000,"code":"FIRST_HOUR","quantity":1,"unitAmount":80000}],"refundDue":0,"stayAmount":80000,"total":80000},"roomCode":"A216","status":"OPEN","stayId":"st_01M4135BV6R9VMYSFYA32JRGBN"}
GET /v1/shifts/current 
  -> 200 {"buildingIds":["bd_01M41331K1NQJXD69A9ZKAZFBH"],"cashIn":50000,"cashOut":0,"expectedCash":50000,"id":"sh_01M4135BV7ANRF4NSCGK2A7AGX","movements":[{"amount":50000,"at":"2026-10-03T14:37:18.56701Z","billCode":"PH1003A216","byOwner":false,"kind":"DEPOSIT","roomCode":"A216"}],"openedAt":"2026-10-03T14:37:18.56701Z","openingFloat":0,"status":"OPEN","transfersReceived":0,"unpaidInvoices":[{"balance":30000,"billCode":"PH1003A216","checkedOutAt":"2026-10-03T14:37:18.575093Z","guestName":"Rehearsal Guest","invoiceId":"iv_01M4135BVFY384FFG25H03V1BS","paid":50000,"roomCode":"A216","total":80000}],"userI
POST /v1/shifts/current/close {"counts":[{"denomination":50000,"quantity":1}],"floatLeft":0}
  -> 422 {"type":"about:blank","title":"Unprocessable Entity","status":422,"code":"VALIDATION_FAILED","errors":[{"code":"REQUIRED","field":"reason"}]}
POST /v1/shifts/current/close {"counts":[{"denomination":50000,"quantity":1}],"floatLeft":0,"reason":"Guest will transfer later"}
  -> 200 {"cashPayments":[{"amount":50000,"at":"2026-10-03T14:37:18.56701Z","rentalType":"HOURLY","roomCode":"A216"}],"countedCash":50000,"difference":0,"reason":"Guest will transfer later","reasonRecordedAt":"2026-10-03T14:37:18.585424Z","shift":{"buildingIds":["bd_01M41331K1NQJXD69A9ZKAZFBH"],"cashIn":50000,"cashOut":0,"closedAt":"2026-10-03T14:37:18.585424Z","expectedCash":50000,"id":"sh_01M4135BV7ANRF4NSCGK2A7AGX","movements":[{"amount":50000,"at":"2026-10-03T14:37:18.56701Z","billCode":"PH1003A216","byOwner":false,"kind":"DEPOSIT","roomCode":"A216"}],"openedAt":"2026-10-03T14:37:18.56701Z","openin