POST /v1/auth/sign-in {"guesthouseCode":"rhaec4ce","username":"r6","pin":"***"}
  -> 200 {"accessToken":"***","expiresAt":"2026-10-03T18:02:46.74038Z","mustChangePin":true,"tenantId":"tn_01M405JF5BQ3D2VK6SFMNGZGK9","user":{"id":"us_01M405JGXYQX1438VEZ3A7PG3C","locale":"vi","name":"Rehearsal R6","role":"RECEPTIONIST"}}
PUT /v1/me/pin {"currentPin":"***","newPin":"***"}
  -> 204 ""
GET /v1/me 
  -> 200 {"buildingAccess":[{"buildingId":"bd_01M405JF5BYGDW7RGK4KB35SWW","level":"EDIT"}],"tenant":{"currency":"VND","id":"tn_01M405JF5BQ3D2VK6SFMNGZGK9","name":"Rehearsal Test rhaec4ce","timezone":"Asia/Ho_Chi_Minh"},"user":{"id":"us_01M405JGXYQX1438VEZ3A7PG3C","locale":"vi","name":"Rehearsal R6","role":"RECEPTIONIST"}}
GET /v1/buildings 
  -> 200 {"items":[{"code":"A","counts":{"maintenance":1,"occupied":12,"overdue":0,"toClean":18,"vacant":89},"floors":[{"id":"fl_01M405JF5BCNDATRVY60SGNRTF","name":"1","order":1},{"id":"fl_01M405JF5BGWM44ASWKWRWJQ99","name":"2","order":2},{"id":"fl_01M405JF5BTTTF5MRA2Q2HWZNA","name":"3","order":3}],"id":"bd_01M405JF5BYGDW7RGK4KB35SWW","level":"EDIT","name":"Building A"}]}
GET /v1/buildings/bd_01M405JF5BYGDW7RGK4KB35SWW/rooms 
  -> 200 {"items":[{"buildingId":"bd_01M405JF5BYGDW7RGK4KB35SWW","code":"A101","floor":1,"floorId":"fl_01M405JF5BCNDATRVY60SGNRTF","floorName":"1","id":"un_01M405JF5BV3JF0G84JYES61BF","status":"TO_CLEAN","unitType":{"code":"STANDARD","name":{"en":"Standard","vi":"Phòng thường"}}},{"buildingId":"bd_01M405JF5BYGDW7RGK4KB35SWW","code":"A102","floor":1,"floorId":"fl_01M405JF5BCNDATRVY60SGNRTF","floorName":"1","id":"un_01M405JF5BNCSN7MWJCJQS9F53","status":"TO_CLEAN","unitType":{"code":"STANDARD","name":{"en":"Standard","vi":"Phòng thường"}}},{"buildingId":"bd_01M405JF5BYGDW7RGK4KB35SWW","code":"A103","floor
POST /v1/rooms/un_01M405JF5BQ0DCC5KPFD4E4KDN/stays {"rentalType":"HOURLY","guestName":"Rehearsal Guest","guestPhone":"0912345678","deposit":50000}
  -> 201 {"checkInAt":"2026-10-03T06:02:47.32468Z","deposit":50000,"extras":[],"guestId":{"hasBackPhoto":false,"hasFrontPhoto":false,"hasIdNumber":false},"guestName":"Rehearsal Guest","guestPhone":"0912345678","id":"st_01M405Q84WYDA0KS09ZPG66R1S","pricingVersion":1,"quote":{"asOf":"2026-10-03T06:02:47.32468Z","balanceDue":30000,"capped":false,"depositPaid":50000,"extrasAmount":0,"lines":[{"amount":80000,"code":"FIRST_HOUR","quantity":1,"unitAmount":80000}],"refundDue":0,"stayAmount":80000,"total":80000},"rentalType":"HOURLY","roomCode":"A132","roomId":"un_01M405JF5BQ0DCC5KPFD4E4KDN","status":"ACTIVE"}
GET /v1/shifts/current 
  -> 200 {"buildingIds":["bd_01M405JF5BYGDW7RGK4KB35SWW"],"cashIn":50000,"cashOut":0,"expectedCash":70000,"id":"sh_01M405Q84XQC4NDB359MH9D835","movements":[{"amount":20000,"at":"2026-10-03T06:02:47.325052Z","byOwner":false,"kind":"OPENING_FLOAT"},{"amount":50000,"at":"2026-10-03T06:02:47.325052Z","byOwner":false,"kind":"DEPOSIT","roomCode":"A132"}],"openedAt":"2026-10-03T06:02:47.325052Z","openingFloat":20000,"status":"OPEN","transfersReceived":0,"unpaidInvoices":[],"userId":"us_01M405JGXYQX1438VEZ3A7PG3C","userName":"Rehearsal R6"}
POST /v1/shifts/current/close {"counts":[{"denomination":50000,"quantity":1},{"denomination":20000,"quantity":1}],"floatLeft":0}
  -> 200 {"cashPayments":[{"amount":50000,"at":"2026-10-03T06:02:47.325052Z","rentalType":"HOURLY","roomCode":"A132"}],"countedCash":70000,"difference":0,"shift":{"buildingIds":["bd_01M405JF5BYGDW7RGK4KB35SWW"],"cashIn":50000,"cashOut":0,"closedAt":"2026-10-03T06:02:47.33194Z","expectedCash":70000,"id":"sh_01M405Q84XQC4NDB359MH9D835","movements":[{"amount":20000,"at":"2026-10-03T06:02:47.325052Z","byOwner":false,"kind":"OPENING_FLOAT"},{"amount":50000,"at":"2026-10-03T06:02:47.325052Z","byOwner":false,"kind":"DEPOSIT","roomCode":"A132"}],"openedAt":"2026-10-03T06:02:47.325052Z","openingFloat":20000,"st
GET /v1/shifts/current 
  -> 404 {"type":"about:blank","title":"Not Found","status":404,"code":"NOT_FOUND"}
GET /v1/owner/shifts/sh_01M405Q84XQC4NDB359MH9D835 
  -> 200 {"cashPayments":[{"amount":50000,"at":"2026-10-03T06:02:47.325052Z","rentalType":"HOURLY","roomCode":"A132"}],"countedCash":70000,"difference":0,"shift":{"buildingIds":["bd_01M405JF5BYGDW7RGK4KB35SWW"],"cashIn":50000,"cashOut":0,"closedAt":"2026-10-03T06:02:47.33194Z","expectedCash":70000,"id":"sh_01M405Q84XQC4NDB359MH9D835","movements":[{"amount":20000,"at":"2026-10-03T06:02:47.325052Z","byOwner":false,"kind":"OPENING_FLOAT"},{"amount":50000,"at":"2026-10-03T06:02:47.325052Z","byOwner":false,"kind":"DEPOSIT","roomCode":"A132"}],"openedAt":"2026-10-03T06:02:47.325052Z","openingFloat":20000,"st