POST /v1/auth/sign-in {"guesthouseCode":"rh757c95","username":"r17","pin":"***"}
  -> 200 {"accessToken":"***","expiresAt":"2026-10-04T03:48:07.558822Z","mustChangePin":true,"tenantId":"tn_01M4176S0H2288CHB9M0K815XW","user":{"id":"us_01M4176WRKTCK6BENN4YJQASF6","locale":"vi","name":"Rehearsal R17","role":"RECEPTIONIST"}}
PUT /v1/me/pin {"currentPin":"***","newPin":"***"}
  -> 204 ""
GET /v1/me 
  -> 200 {"buildingAccess":[{"buildingId":"bd_01M4176S0HW5N7GYGRQH1E4ADT","level":"EDIT"}],"tenant":{"currency":"VND","id":"tn_01M4176S0H2288CHB9M0K815XW","name":"Rehearsal Test rh757c95","timezone":"Asia/Ho_Chi_Minh"},"user":{"id":"us_01M4176WRKTCK6BENN4YJQASF6","locale":"vi","name":"Rehearsal R17","role":"RECEPTIONIST"}}
GET /v1/buildings 
  -> 200 {"items":[{"code":"A","counts":{"maintenance":0,"occupied":0,"overdue":0,"toClean":0,"vacant":200},"floors":[{"id":"fl_01M4176S0HBHVNJ137E5PKVP9P","name":"1","order":1},{"id":"fl_01M4176S0HHFH3DX3MHET0MHY5","name":"2","order":2},{"id":"fl_01M4176S0H7DBNGK3ACGFJ7ZD9","name":"3","order":3},{"id":"fl_01M4176S0HKBSPHWC75T8T3Y07","name":"4","order":4}],"id":"bd_01M4176S0HW5N7GYGRQH1E4ADT","level":"EDIT","name":"Building A"}]}
GET /v1/buildings/bd_01M4176S0HW5N7GYGRQH1E4ADT/rooms 
  -> 200 {"items":[{"buildingId":"bd_01M4176S0HW5N7GYGRQH1E4ADT","code":"A101","floor":1,"floorId":"fl_01M4176S0HBHVNJ137E5PKVP9P","floorName":"1","id":"un_01M4176S0HZ80DFBVYKFRCDJKK","status":"VACANT","unitType":{"code":"STANDARD","name":{"en":"Standard","vi":"Phòng thường"}}},{"buildingId":"bd_01M4176S0HW5N7GYGRQH1E4ADT","code":"A102","floor":1,"floorId":"fl_01M4176S0HBHVNJ137E5PKVP9P","floorName":"1","id":"un_01M4176S0H5NHEE61D4MWR0MHM","status":"VACANT","unitType":{"code":"STANDARD","name":{"en":"Standard","vi":"Phòng thường"}}},{"buildingId":"bd_01M4176S0HW5N7GYGRQH1E4ADT","code":"A103","floor":1,
POST /v1/rooms/un_01M4176S0HZ80DFBVYKFRCDJKK/stays {"rentalType":"HOURLY","guestName":"Rehearsal Guest","guestPhone":"0912345678","deposit":10000}
  -> 201 {"checkInAt":"2026-10-03T15:48:08.199613Z","deposit":10000,"extras":[],"guestId":{"hasBackPhoto":false,"hasFrontPhoto":false,"hasIdNumber":false},"guestName":"Rehearsal Guest","guestPhone":"0912345678","id":"st_01M41771W7Z3RT58TRCA3QT3WQ","pricingVersion":1,"quote":{"asOf":"2026-10-03T15:48:08.199613Z","balanceDue":70000,"capped":false,"depositPaid":10000,"extrasAmount":0,"lines":[{"amount":80000,"code":"FIRST_HOUR","quantity":1,"unitAmount":80000}],"refundDue":0,"stayAmount":80000,"total":80000},"rentalType":"HOURLY","roomCode":"A101","roomId":"un_01M4176S0HZ80DFBVYKFRCDJKK","status":"ACTIVE"
POST /v1/stays/st_01M41771W7Z3RT58TRCA3QT3WQ/checkout 
  -> 201 {"billCode":"PH1003A101","createdAt":"2026-10-03T15:48:08.211208Z","id":"iv_01M41771WKC01PXFME42RY909K","quote":{"asOf":"2026-10-03T15:48:08.211208Z","balanceDue":70000,"capped":false,"depositPaid":10000,"extrasAmount":0,"lines":[{"amount":80000,"code":"FIRST_HOUR","quantity":1,"unitAmount":80000}],"refundDue":0,"stayAmount":80000,"total":80000},"roomCode":"A101","status":"OPEN","stayId":"st_01M41771W7Z3RT58TRCA3QT3WQ"}
POST /v1/invoices/iv_01M41771WKC01PXFME42RY909K/payments {"method":"TRANSFER"}
  -> 201 {"amount":70000,"id":"pm_01M41771WR7FG6KY2FR70AGSXK","invoiceId":"iv_01M41771WKC01PXFME42RY909K","method":"TRANSFER","qr":{"accountName":"REHEARSAL TEST","accountNoMasked":"******8888","amount":70000,"payload":"00020101021238540010A00000072701240006970436011010175888880208QRIBFTTA53037045405700005802VN62140810PH1003A1016304ACC3","transferNote":"PH1003A101"},"remaining":70000,"status":"PENDING"}
GET /v1/payments/pm_01M41771WR7FG6KY2FR70AGSXK 
  -> 200 {"amount":70000,"id":"pm_01M41771WR7FG6KY2FR70AGSXK","invoiceId":"iv_01M41771WKC01PXFME42RY909K","method":"TRANSFER","remaining":0,"status":"EXPIRED"}
WEBHOOK in 70000 "PH1003A101" id=1791042488571161 age=0s
  -> 200 {"success": true}
GET /v1/stays/st_01M41771W7Z3RT58TRCA3QT3WQ 
  -> 200 {"billCode":"PH1003A101","checkInAt":"2026-10-03T15:48:08.199613Z","checkOutAt":"2026-10-03T15:48:08.211208Z","deposit":10000,"extras":[],"guestId":{"hasBackPhoto":false,"hasFrontPhoto":false,"hasIdNumber":false},"guestName":"Rehearsal Guest","guestPhone":"0912345678","id":"st_01M41771W7Z3RT58TRCA3QT3WQ","invoice":{"billCode":"PH1003A101","createdAt":"2026-10-03T15:48:08.211208Z","id":"iv_01M41771WKC01PXFME42RY909K","quote":{"asOf":"2026-10-03T15:48:08.211208Z","balanceDue":70000,"capped":false,"depositPaid":10000,"extrasAmount":0,"lines":[{"amount":80000,"code":"FIRST_HOUR","quantity":1,"unit