POST /v1/auth/sign-in {"guesthouseCode":"rh840297","username":"r4","pin":"***"}
  -> 200 {"accessToken":"***","expiresAt":"2026-10-04T02:37:14.848932Z","mustChangePin":true,"tenantId":"tn_01M41331K01RB67HH96BE2W4GB","user":{"id":"us_01M4133331TRV88DV1EZ0EZY0P","locale":"vi","name":"Rehearsal R4","role":"RECEPTIONIST"}}
PUT /v1/me/pin {"currentPin":"***","newPin":"***"}
  -> 204 ""
GET /v1/me 
  -> 200 {"buildingAccess":[{"buildingId":"bd_01M41331K1NQJXD69A9ZKAZFBH","level":"EDIT"},{"buildingId":"bd_01M41350FJF710ZZT3G022KJ0X","level":"NONE"}],"tenant":{"currency":"VND","id":"tn_01M41331K01RB67HH96BE2W4GB","name":"Rehearsal Test rh840297","timezone":"Asia/Ho_Chi_Minh"},"user":{"id":"us_01M4133331TRV88DV1EZ0EZY0P","locale":"vi","name":"Rehearsal R4","role":"RECEPTIONIST"}}
GET /v1/buildings 
  -> 200 {"items":[{"code":"A","counts":{"maintenance":1,"occupied":36,"overdue":0,"toClean":21,"vacant":142},"floors":[{"id":"fl_01M41331K1QT3R4SGFWQN8PAG5","name":"1","order":1},{"id":"fl_01M41331K170YEX76HVGNGD8XJ","name":"2","order":2},{"id":"fl_01M41331K1VSV1YS3WM1J042D0","name":"3","order":3},{"id":"fl_01M41331K18FQEZA37V8EQXREQ","name":"4","order":4}],"id":"bd_01M41331K1NQJXD69A9ZKAZFBH","level":"EDIT","name":"Building A"}]}
GET /v1/buildings/bd_01M41331K1NQJXD69A9ZKAZFBH/rooms 
  -> 200 {"items":[{"buildingId":"bd_01M41331K1NQJXD69A9ZKAZFBH","code":"A101","floor":1,"floorId":"fl_01M41331K1QT3R4SGFWQN8PAG5","floorName":"1","id":"un_01M41331K1HJVYW3E5YCKP0BJ2","status":"TO_CLEAN","unitType":{"code":"STANDARD","name":{"en":"Standard","vi":"Phòng thường"}}},{"buildingId":"bd_01M41331K1NQJXD69A9ZKAZFBH","code":"A102","floor":1,"floorId":"fl_01M41331K1QT3R4SGFWQN8PAG5","floorName":"1","id":"un_01M41331K17RZ0DN56RCQ09M3V","status":"TO_CLEAN","unitType":{"code":"STANDARD","name":{"en":"Standard","vi":"Phòng thường"}}},{"buildingId":"bd_01M41331K1NQJXD69A9ZKAZFBH","code":"A103","floor
POST /v1/rooms/un_01M41331K1EQ1RFMAKGA5DR10P/stays {"rentalType":"HOURLY","guestName":"Rehearsal Guest","guestPhone":"0912345678","deposit":50000}
  -> 201 {"checkInAt":"2026-10-03T14:37:15.453531Z","deposit":50000,"extras":[],"guestId":{"hasBackPhoto":false,"hasFrontPhoto":false,"hasIdNumber":false},"guestName":"Rehearsal Guest","guestPhone":"0912345678","id":"st_01M41358SX1NFNCH4VNJJ100M0","pricingVersion":3,"quote":{"asOf":"2026-10-03T14:37:15.453531Z","balanceDue":30000,"capped":false,"depositPaid":50000,"extrasAmount":0,"lines":[{"amount":80000,"code":"FIRST_HOUR","quantity":1,"unitAmount":80000}],"refundDue":0,"stayAmount":80000,"total":80000},"rentalType":"HOURLY","roomCode":"A209","roomId":"un_01M41331K1EQ1RFMAKGA5DR10P","status":"ACTIVE"
GET /v1/shifts/current 
  -> 200 {"buildingIds":["bd_01M41331K1NQJXD69A9ZKAZFBH"],"cashIn":50000,"cashOut":0,"expectedCash":50000,"id":"sh_01M41358SYZAZCGC3YVRD26ZT6","movements":[{"amount":50000,"at":"2026-10-03T14:37:15.453875Z","byOwner":false,"kind":"DEPOSIT","roomCode":"A209"}],"openedAt":"2026-10-03T14:37:15.453875Z","openingFloat":0,"status":"OPEN","transfersReceived":0,"unpaidInvoices":[],"userId":"us_01M4133331TRV88DV1EZ0EZY0P","userName":"Rehearsal R4"}
POST /v1/shifts/current/close {"counts":[{"denomination":50000,"quantity":1}],"floatLeft":20000}
  -> 200 {"cashPayments":[{"amount":50000,"at":"2026-10-03T14:37:15.453875Z","rentalType":"HOURLY","roomCode":"A209"}],"countedCash":50000,"difference":0,"shift":{"buildingIds":["bd_01M41331K1NQJXD69A9ZKAZFBH"],"cashIn":50000,"cashOut":0,"closedAt":"2026-10-03T14:37:15.460633Z","expectedCash":50000,"id":"sh_01M41358SYZAZCGC3YVRD26ZT6","movements":[{"amount":50000,"at":"2026-10-03T14:37:15.453875Z","byOwner":false,"kind":"DEPOSIT","roomCode":"A209"}],"openedAt":"2026-10-03T14:37:15.453875Z","openingFloat":0,"status":"CLOSED","transfersReceived":0,"unpaidInvoices":[],"userId":"us_01M4133331TRV88DV1EZ0EZY
GET /v1/buildings/bd_01M41331K1NQJXD69A9ZKAZFBH/rooms 
  -> 200 {"items":[{"buildingId":"bd_01M41331K1NQJXD69A9ZKAZFBH","code":"A101","floor":1,"floorId":"fl_01M41331K1QT3R4SGFWQN8PAG5","floorName":"1","id":"un_01M41331K1HJVYW3E5YCKP0BJ2","status":"TO_CLEAN","unitType":{"code":"STANDARD","name":{"en":"Standard","vi":"Phòng thường"}}},{"buildingId":"bd_01M41331K1NQJXD69A9ZKAZFBH","code":"A102","floor":1,"floorId":"fl_01M41331K1QT3R4SGFWQN8PAG5","floorName":"1","id":"un_01M41331K17RZ0DN56RCQ09M3V","status":"TO_CLEAN","unitType":{"code":"STANDARD","name":{"en":"Standard","vi":"Phòng thường"}}},{"buildingId":"bd_01M41331K1NQJXD69A9ZKAZFBH","code":"A103","floor
POST /v1/rooms/un_01M41331K1P09QDPBFSZJF30ZM/stays {"rentalType":"HOURLY","guestName":"Rehearsal Guest","guestPhone":"0912345678","deposit":10000}
  -> 201 {"checkInAt":"2026-10-03T14:37:15.472433Z","deposit":10000,"extras":[],"guestId":{"hasBackPhoto":false,"hasFrontPhoto":false,"hasIdNumber":false},"guestName":"Rehearsal Guest","guestPhone":"0912345678","id":"st_01M41358TGHN1FSDWPWDYJ8DFB","pricingVersion":3,"quote":{"asOf":"2026-10-03T14:37:15.472433Z","balanceDue":70000,"capped":false,"depositPaid":10000,"extrasAmount":0,"lines":[{"amount":80000,"code":"FIRST_HOUR","quantity":1,"unitAmount":80000}],"refundDue":0,"stayAmount":80000,"total":80000},"rentalType":"HOURLY","roomCode":"A210","roomId":"un_01M41331K1P09QDPBFSZJF30ZM","status":"ACTIVE"
GET /v1/shifts/current 
  -> 200 {"buildingIds":["bd_01M41331K1NQJXD69A9ZKAZFBH"],"cashIn":10000,"cashOut":0,"expectedCash":30000,"id":"sh_01M41358TGXADWWS4CA82ZQ7S2","movements":[{"amount":20000,"at":"2026-10-03T14:37:15.47267Z","byOwner":false,"kind":"OPENING_FLOAT"},{"amount":10000,"at":"2026-10-03T14:37:15.47267Z","byOwner":false,"kind":"DEPOSIT","roomCode":"A210"}],"openedAt":"2026-10-03T14:37:15.47267Z","openingFloat":20000,"status":"OPEN","transfersReceived":0,"unpaidInvoices":[],"userId":"us_01M4133331TRV88DV1EZ0EZY0P","userName":"Rehearsal R4"}