POST /v1/auth/sign-in {"guesthouseCode":"rhaec4ce","username":"mina","pin":"***"}
  -> 200 {"accessToken":"***","expiresAt":"2026-10-03T18:00:34.499954Z","mustChangePin":false,"tenantId":"tn_01M405JF5BQ3D2VK6SFMNGZGK9","user":{"id":"us_01M405JFJSRD2NKMFBV5PB3GZX","locale":"vi","name":"Smoke Mina","role":"MANAGER"}}
GET /v1/buildings 
  -> 200 {"items":[{"code":"A","counts":{"maintenance":0,"occupied":7,"overdue":0,"toClean":17,"vacant":96},"floors":[{"id":"fl_01M405JF5BCNDATRVY60SGNRTF","name":"1","order":1},{"id":"fl_01M405JF5BGWM44ASWKWRWJQ99","name":"2","order":2},{"id":"fl_01M405JF5BTTTF5MRA2Q2HWZNA","name":"3","order":3}],"id":"bd_01M405JF5BYGDW7RGK4KB35SWW","level":"EDIT","name":"Building A"}]}
GET /v1/buildings/bd_01M405JF5BYGDW7RGK4KB35SWW/rooms 
  -> 200 {"items":[{"buildingId":"bd_01M405JF5BYGDW7RGK4KB35SWW","code":"A101","floor":1,"floorId":"fl_01M405JF5BCNDATRVY60SGNRTF","floorName":"1","id":"un_01M405JF5BV3JF0G84JYES61BF","status":"TO_CLEAN","unitType":{"code":"STANDARD","name":{"en":"Standard","vi":"Phòng thường"}}},{"buildingId":"bd_01M405JF5BYGDW7RGK4KB35SWW","code":"A102","floor":1,"floorId":"fl_01M405JF5BCNDATRVY60SGNRTF","floorName":"1","id":"un_01M405JF5BNCSN7MWJCJQS9F53","status":"TO_CLEAN","unitType":{"code":"STANDARD","name":{"en":"Standard","vi":"Phòng thường"}}},{"buildingId":"bd_01M405JF5BYGDW7RGK4KB35SWW","code":"A103","floor
POST /v1/rooms/un_01M405JF5B355B1148Q2BVBPAM/stays {"rentalType":"HOURLY","guestName":"Rehearsal Guest","guestPhone":"0912345678","deposit":10000}
  -> 201 {"checkInAt":"2026-10-03T06:00:34.73662Z","deposit":10000,"extras":[],"guestId":{"hasBackPhoto":false,"hasFrontPhoto":false,"hasIdNumber":false},"guestName":"Rehearsal Guest","guestPhone":"0912345678","id":"st_01M405K6NGSS979XNZ0D4JRFV8","pricingVersion":1,"quote":{"asOf":"2026-10-03T06:00:34.73662Z","balanceDue":70000,"capped":false,"depositPaid":10000,"extrasAmount":0,"lines":[{"amount":80000,"code":"FIRST_HOUR","quantity":1,"unitAmount":80000}],"refundDue":0,"stayAmount":80000,"total":80000},"rentalType":"HOURLY","roomCode":"A125","roomId":"un_01M405JF5B355B1148Q2BVBPAM","status":"ACTIVE"}
POST /v1/stays/st_01M405K6NGSS979XNZ0D4JRFV8/checkout 
  -> 201 {"billCode":"PH1003A125","createdAt":"2026-10-03T06:00:34.744616Z","id":"iv_01M405K6NRCGACYBVYX669G094","quote":{"asOf":"2026-10-03T06:00:34.744616Z","balanceDue":70000,"capped":false,"depositPaid":10000,"extrasAmount":0,"lines":[{"amount":80000,"code":"FIRST_HOUR","quantity":1,"unitAmount":80000}],"refundDue":0,"stayAmount":80000,"total":80000},"roomCode":"A125","status":"OPEN","stayId":"st_01M405K6NGSS979XNZ0D4JRFV8"}
POST /v1/invoices/iv_01M405K6NRCGACYBVYX669G094/payments {"method":"TRANSFER"}
  -> 201 {"amount":70000,"id":"pm_01M405K6NV1RH4DVZ3CQ81EX6Y","invoiceId":"iv_01M405K6NRCGACYBVYX669G094","method":"TRANSFER","qr":{"accountName":"REHEARSAL TEST","accountNoMasked":"******8888","amount":70000,"payload":"00020101021238540010A00000072701240006970436011010175888880208QRIBFTTA53037045405700005802VN62140810PH1003A1256304AE85","transferNote":"PH1003A125"},"remaining":70000,"status":"PENDING"}
WEBHOOK in 70000 "" id=1791007234749321 age=0s
  -> 200 {"success": true}
GET /v1/owner/transactions 
  -> 200 {"items":[{"amount":70000,"at":"2026-10-03T06:00:34.75117Z","id":"pe_01M405K6NZ3XGDJVC6Z8A9225J","kind":"PAYMENT","method":"TRANSFER","paymentEventId":"pe_01M405K6NZ3XGDJVC6Z8A9225J","receivedAt":"2026-10-03T06:00:34.75117Z","reconciliation":"UNMATCHED","transferNote":"manager tries to link"},{"amount":-420000,"at":"2026-10-03T06:00:30.797846Z","billCode":"PH1003A124","id":"pm_01M405K2TEKGP13QEE2AE7Q1EE","kind":"CASH_REFUND","method":"CASH","reconciliation":"CASH","roomCode":"A124","settledAt":"2026-10-03T06:00:30.797846Z","shiftId":"sh_01M405JY7VP8N757ZMTFHY544R"},{"amount":70000,"at":"2026-1
POST /v1/owner/payment-events/pe_01M405K6NZ3XGDJVC6Z8A9225J/link {"invoiceId":"iv_01M405K6NRCGACYBVYX669G094"}
  -> 403 {"type":"about:blank","title":"Forbidden","status":403,"code":"ROLE_FORBIDDEN"}
POST /v1/owner/bank-accounts {"bankBin":"970436","accountNo":"1234567890","accountName":"X","ownerPin":"***"}
  -> 403 {"type":"about:blank","title":"Forbidden","status":403,"code":"ROLE_FORBIDDEN"}
GET /v1/buildings/bd_01M405JF5BYGDW7RGK4KB35SWW/rooms 
  -> 200 {"items":[{"buildingId":"bd_01M405JF5BYGDW7RGK4KB35SWW","code":"A101","floor":1,"floorId":"fl_01M405JF5BCNDATRVY60SGNRTF","floorName":"1","id":"un_01M405JF5BV3JF0G84JYES61BF","status":"TO_CLEAN","unitType":{"code":"STANDARD","name":{"en":"Standard","vi":"Phòng thường"}}},{"buildingId":"bd_01M405JF5BYGDW7RGK4KB35SWW","code":"A102","floor":1,"floorId":"fl_01M405JF5BCNDATRVY60SGNRTF","floorName":"1","id":"un_01M405JF5BNCSN7MWJCJQS9F53","status":"TO_CLEAN","unitType":{"code":"STANDARD","name":{"en":"Standard","vi":"Phòng thường"}}},{"buildingId":"bd_01M405JF5BYGDW7RGK4KB35SWW","code":"A103","floor
POST /v1/owner/staff {"name":"Rehearsal rl02victim","username":"rl02victim","position":"FRONT_DESK","appAccess":"RECEPTIONIST","contract":{"payType":"MONTHLY","rate":6000000,"fixedAllowance":0,"standardShifts":26,"startDate":"2026-01-01","annualLeaveDays":12},"buildingAccess":[{"buildingId":"bd_01M405JF5BYGDW7RGK4KB35SWW","level":"EDIT"}]}
  -> 201 {"oneTimePin":{"expiresAt":"2026-10-04T06:00:34.959784Z","pin":"***"},"staff":{"appAccess":"RECEPTIONIST","buildingAccess":[{"buildingId":"bd_01M405JF5BYGDW7RGK4KB35SWW","level":"EDIT"}],"contract":{"annualLeaveDays":12,"fixedAllowance":0,"payType":"MONTHLY","rate":6000000,"standardShifts":26,"startDate":"2026-01-01"},"id":"us_01M405K6WGP201GZ7BT05XP420","name":"Rehearsal rl02victim","position":"FRONT_DESK","status":"ACTIVE","username":"rl02victim"}}
POST /v1/owner/staff/us_01M405K6WGP201GZ7BT05XP420/remove {"ownerPin":"***"}
  -> 403 {"type":"about:blank","title":"Forbidden","status":403,"code":"ROLE_FORBIDDEN"}
POST /v1/owner/staff/us_01M405JF5X3BJHRMJDGM4EE1PQ/lock 
  -> 403 {"type":"about:blank","title":"Forbidden","status":403,"code":"ROLE_FORBIDDEN"}
POST /v1/owner/staff/us_01M405JF5X3BJHRMJDGM4EE1PQ/pin-reset 
  -> 403 {"type":"about:blank","title":"Forbidden","status":403,"code":"ROLE_FORBIDDEN"}
GET /v1/me 
  -> 200 {"buildingAccess":[{"buildingId":"bd_01M405JF5BYGDW7RGK4KB35SWW","level":"EDIT"}],"tenant":{"currency":"VND","id":"tn_01M405JF5BQ3D2VK6SFMNGZGK9","name":"Rehearsal Test rhaec4ce","timezone":"Asia/Ho_Chi_Minh"},"user":{"id":"us_01M405JF5X3BJHRMJDGM4EE1PQ","locale":"vi","name":"Smoke Owner","role":"OWNER"}}