POST /v1/auth/sign-in {"guesthouseCode":"rh11ce74","username":"mina","pin":"***"}
  -> 200 {"accessToken":"***","expiresAt":"2026-10-03T23:42:57.854505Z","mustChangePin":true,"tenantId":"tn_01M40S5PXMPY7RENBTZJAW4FGE","user":{"id":"us_01M40S5QB7VQ4N2PWDGPW4HZGE","locale":"vi","name":"Smoke Mina","role":"MANAGER"}}
PUT /v1/me/pin {"currentPin":"***","newPin":"***"}
  -> 204 ""
GET /v1/me 
  -> 200 {"buildingAccess":[{"buildingId":"bd_01M40S5PXMRF3SZ1GQ5SFB9DDB","level":"EDIT"}],"tenant":{"currency":"VND","id":"tn_01M40S5PXMPY7RENBTZJAW4FGE","name":"Rehearsal Test rh11ce74","timezone":"Asia/Ho_Chi_Minh"},"user":{"id":"us_01M40S5QB7VQ4N2PWDGPW4HZGE","locale":"vi","name":"Smoke Mina","role":"MANAGER"}}
POST /v1/auth/sign-in {"guesthouseCode":"rh11ce74","username":"hk","pin":"***"}
  -> 200 {"accessToken":"***","expiresAt":"2026-10-03T23:42:58.472212Z","mustChangePin":true,"tenantId":"tn_01M40S5PXMPY7RENBTZJAW4FGE","user":{"id":"us_01M40S5TWCYH4DNAFV4SKDXSAJ","locale":"vi","name":"Rehearsal Housekeeper","role":"HOUSEKEEPING"}}
PUT /v1/me/pin {"currentPin":"***","newPin":"***"}
  -> 204 ""
GET /v1/me 
  -> 200 {"buildingAccess":[{"buildingId":"bd_01M40S5PXMRF3SZ1GQ5SFB9DDB","level":"EDIT"}],"tenant":{"currency":"VND","id":"tn_01M40S5PXMPY7RENBTZJAW4FGE","name":"Rehearsal Test rh11ce74","timezone":"Asia/Ho_Chi_Minh"},"user":{"id":"us_01M40S5TWCYH4DNAFV4SKDXSAJ","locale":"vi","name":"Rehearsal Housekeeper","role":"HOUSEKEEPING"}}
GET /v1/buildings 
  -> 200 {"items":[{"code":"A","counts":{"maintenance":0,"occupied":2,"overdue":0,"toClean":5,"vacant":193},"floors":[{"id":"fl_01M40S5PXM74H4AWP00F63EXRZ","name":"1","order":1},{"id":"fl_01M40S5PXM7VNN42W70DEZTC7S","name":"2","order":2},{"id":"fl_01M40S5PXMEF524KAVTK1YKWSE","name":"3","order":3},{"id":"fl_01M40S5PXM4621XFF7MS2T9FXM","name":"4","order":4}],"id":"bd_01M40S5PXMRF3SZ1GQ5SFB9DDB","level":"EDIT","name":"Building A"}]}
GET /v1/buildings/bd_01M40S5PXMRF3SZ1GQ5SFB9DDB/rooms 
  -> 200 {"items":[{"buildingId":"bd_01M40S5PXMRF3SZ1GQ5SFB9DDB","code":"A101","floor":1,"floorId":"fl_01M40S5PXM74H4AWP00F63EXRZ","floorName":"1","id":"un_01M40S5PXMJ27BQGSKZ57BJ2QQ","status":"TO_CLEAN","unitType":{"code":"STANDARD","name":{"en":"Standard","vi":"Phòng thường"}}},{"buildingId":"bd_01M40S5PXMRF3SZ1GQ5SFB9DDB","code":"A102","floor":1,"floorId":"fl_01M40S5PXM74H4AWP00F63EXRZ","floorName":"1","id":"un_01M40S5PXMMN3PJYHS5NZVQJ2R","status":"TO_CLEAN","unitType":{"code":"STANDARD","name":{"en":"Standard","vi":"Phòng thường"}}},{"buildingId":"bd_01M40S5PXMRF3SZ1GQ5SFB9DDB","code":"A103","floor
POST /v1/rooms/un_01M40S5PXMVE39J68Z748P9AGG/stays {"rentalType":"HOURLY","guestName":"Rehearsal Guest","guestPhone":"0912345678","deposit":10000,"idNumber":"***"}
  -> 201 {"checkInAt":"2026-10-03T11:42:59.098185Z","deposit":10000,"extras":[],"guestId":{"hasBackPhoto":false,"hasFrontPhoto":false,"hasIdNumber":true},"guestName":"Rehearsal Guest","guestPhone":"0912345678","id":"st_01M40S65GTYSYWB38HH744RWRT","pricingVersion":1,"quote":{"asOf":"2026-10-03T11:42:59.098185Z","balanceDue":70000,"capped":false,"depositPaid":10000,"extrasAmount":0,"lines":[{"amount":80000,"code":"FIRST_HOUR","quantity":1,"unitAmount":80000}],"refundDue":0,"stayAmount":80000,"total":80000},"rentalType":"HOURLY","roomCode":"A108","roomId":"un_01M40S5PXMVE39J68Z748P9AGG","status":"ACTIVE"}
GET /v1/owner/stays/st_01M40S65GTYSYWB38HH744RWRT/guest-id 
  -> 200 {"back":null,"collectedAt":"2026-10-03T11:42:59.098185Z","deleteAfter":null,"front":null,"idNumberMasked":"***","indicators":{"hasBackPhoto":false,"hasFrontPhoto":false,"hasIdNumber":true},"legalBasis":"STAY_DECLARATION"}
GET /v1/owner/stays/st_01M40S65GTYSYWB38HH744RWRT/guest-id 
  -> 403 {"type":"about:blank","title":"Forbidden","status":403,"code":"ROLE_FORBIDDEN"}