POST /v1/auth/sign-in {"guesthouseCode":"rhaec4ce","username":"r10","pin":"***"}
  -> 200 {"accessToken":"***","expiresAt":"2026-10-03T18:02:49.187647Z","mustChangePin":true,"tenantId":"tn_01M405JF5BQ3D2VK6SFMNGZGK9","user":{"id":"us_01M405JHP6AW6WS2SZR6WET3JF","locale":"vi","name":"Rehearsal R10","role":"RECEPTIONIST"}}
PUT /v1/me/pin {"currentPin":"***","newPin":"***"}
  -> 204 ""
GET /v1/me 
  -> 200 {"buildingAccess":[{"buildingId":"bd_01M405JF5BYGDW7RGK4KB35SWW","level":"EDIT"}],"tenant":{"currency":"VND","id":"tn_01M405JF5BQ3D2VK6SFMNGZGK9","name":"Rehearsal Test rhaec4ce","timezone":"Asia/Ho_Chi_Minh"},"user":{"id":"us_01M405JHP6AW6WS2SZR6WET3JF","locale":"vi","name":"Rehearsal R10","role":"RECEPTIONIST"}}
GET /v1/owner/overview 
  -> 200 {"alerts":[{"actorName":"Rehearsal R7","amount":10000,"createdAt":"2026-10-03T06:02:47.928851Z","details":{"counted":"40000","expected":"50000"},"id":"al_01M405Q8QSXT5VS2C0XEEEYB4G","kind":"CASH_SHORT","shiftId":"sh_01M405Q8QE05S3C5YYPBV4JE63"},{"actorName":"Smoke Linh","createdAt":"2026-10-03T06:02:45.479208Z","details":{"category":"PLUMBING","severity":"LOCK_ROOM","ticket":"BT-002"},"id":"al_01M405Q6B8FKVC6QZW7KKSYJRW","kind":"DAMAGE_REPORTED","roomCode":"A129"},{"actorName":"Smoke Linh","createdAt":"2026-10-03T06:02:45.421779Z","details":{"category":"AIR_CONDITIONER","severity":"LOCK_ROOM",
GET /v1/buildings 
  -> 200 {"items":[{"code":"A","counts":{"maintenance":1,"occupied":15,"overdue":0,"toClean":19,"vacant":85},"floors":[{"id":"fl_01M405JF5BCNDATRVY60SGNRTF","name":"1","order":1},{"id":"fl_01M405JF5BGWM44ASWKWRWJQ99","name":"2","order":2},{"id":"fl_01M405JF5BTTTF5MRA2Q2HWZNA","name":"3","order":3}],"id":"bd_01M405JF5BYGDW7RGK4KB35SWW","level":"EDIT","name":"Building A"}]}
GET /v1/buildings/bd_01M405JF5BYGDW7RGK4KB35SWW/rooms 
  -> 200 {"items":[{"buildingId":"bd_01M405JF5BYGDW7RGK4KB35SWW","code":"A101","floor":1,"floorId":"fl_01M405JF5BCNDATRVY60SGNRTF","floorName":"1","id":"un_01M405JF5BV3JF0G84JYES61BF","status":"TO_CLEAN","unitType":{"code":"STANDARD","name":{"en":"Standard","vi":"Phòng thường"}}},{"buildingId":"bd_01M405JF5BYGDW7RGK4KB35SWW","code":"A102","floor":1,"floorId":"fl_01M405JF5BCNDATRVY60SGNRTF","floorName":"1","id":"un_01M405JF5BNCSN7MWJCJQS9F53","status":"TO_CLEAN","unitType":{"code":"STANDARD","name":{"en":"Standard","vi":"Phòng thường"}}},{"buildingId":"bd_01M405JF5BYGDW7RGK4KB35SWW","code":"A103","floor
POST /v1/rooms/un_01M405JF5B8XHSBDD4B9KR8TGZ/stays {"rentalType":"HOURLY","guestName":"Rehearsal Guest","guestPhone":"0912345678","deposit":70000}
  -> 201 {"checkInAt":"2026-10-03T06:02:49.781307Z","deposit":70000,"extras":[],"guestId":{"hasBackPhoto":false,"hasFrontPhoto":false,"hasIdNumber":false},"guestName":"Rehearsal Guest","guestPhone":"0912345678","id":"st_01M405QAHN98T7QPSHWCR7QZT3","pricingVersion":1,"quote":{"asOf":"2026-10-03T06:02:49.781307Z","balanceDue":10000,"capped":false,"depositPaid":70000,"extrasAmount":0,"lines":[{"amount":80000,"code":"FIRST_HOUR","quantity":1,"unitAmount":80000}],"refundDue":0,"stayAmount":80000,"total":80000},"rentalType":"HOURLY","roomCode":"A136","roomId":"un_01M405JF5B8XHSBDD4B9KR8TGZ","status":"ACTIVE"
GET /v1/shifts/current 
  -> 200 {"buildingIds":["bd_01M405JF5BYGDW7RGK4KB35SWW"],"cashIn":70000,"cashOut":0,"expectedCash":70000,"id":"sh_01M405QAHN26841DJ1MX7JS6XZ","movements":[{"amount":70000,"at":"2026-10-03T06:02:49.781608Z","byOwner":false,"kind":"DEPOSIT","roomCode":"A136"}],"openedAt":"2026-10-03T06:02:49.781608Z","openingFloat":0,"status":"OPEN","transfersReceived":0,"unpaidInvoices":[],"userId":"us_01M405JHP6AW6WS2SZR6WET3JF","userName":"Rehearsal R10"}
GET /v1/owner/overview 
  -> 200 {"alerts":[{"actorName":"Rehearsal R7","amount":10000,"createdAt":"2026-10-03T06:02:47.928851Z","details":{"counted":"40000","expected":"50000"},"id":"al_01M405Q8QSXT5VS2C0XEEEYB4G","kind":"CASH_SHORT","shiftId":"sh_01M405Q8QE05S3C5YYPBV4JE63"},{"actorName":"Smoke Linh","createdAt":"2026-10-03T06:02:45.479208Z","details":{"category":"PLUMBING","severity":"LOCK_ROOM","ticket":"BT-002"},"id":"al_01M405Q6B8FKVC6QZW7KKSYJRW","kind":"DAMAGE_REPORTED","roomCode":"A129"},{"actorName":"Smoke Linh","createdAt":"2026-10-03T06:02:45.421779Z","details":{"category":"AIR_CONDITIONER","severity":"LOCK_ROOM",
POST /v1/shifts/current/payouts {"amount":10000,"description":"Taxi for a guest"}
  -> 200 {"buildingIds":["bd_01M405JF5BYGDW7RGK4KB35SWW"],"cashIn":70000,"cashOut":10000,"expectedCash":60000,"id":"sh_01M405QAHN26841DJ1MX7JS6XZ","movements":[{"amount":70000,"at":"2026-10-03T06:02:49.781608Z","byOwner":false,"kind":"DEPOSIT","roomCode":"A136"},{"amount":-10000,"at":"2026-10-03T06:02:49.797693Z","byOwner":false,"kind":"PAYOUT"}],"openedAt":"2026-10-03T06:02:49.781608Z","openingFloat":0,"status":"OPEN","transfersReceived":0,"unpaidInvoices":[],"userId":"us_01M405JHP6AW6WS2SZR6WET3JF","userName":"Rehearsal R10"}
GET /v1/shifts/current 
  -> 200 {"buildingIds":["bd_01M405JF5BYGDW7RGK4KB35SWW"],"cashIn":70000,"cashOut":10000,"expectedCash":60000,"id":"sh_01M405QAHN26841DJ1MX7JS6XZ","movements":[{"amount":70000,"at":"2026-10-03T06:02:49.781608Z","byOwner":false,"kind":"DEPOSIT","roomCode":"A136"},{"amount":-10000,"at":"2026-10-03T06:02:49.797693Z","byOwner":false,"kind":"PAYOUT"}],"openedAt":"2026-10-03T06:02:49.781608Z","openingFloat":0,"status":"OPEN","transfersReceived":0,"unpaidInvoices":[],"userId":"us_01M405JHP6AW6WS2SZR6WET3JF","userName":"Rehearsal R10"}
GET /v1/owner/overview 
  -> 200 {"alerts":[{"actorName":"Rehearsal R7","amount":10000,"createdAt":"2026-10-03T06:02:47.928851Z","details":{"counted":"40000","expected":"50000"},"id":"al_01M405Q8QSXT5VS2C0XEEEYB4G","kind":"CASH_SHORT","shiftId":"sh_01M405Q8QE05S3C5YYPBV4JE63"},{"actorName":"Smoke Linh","createdAt":"2026-10-03T06:02:45.479208Z","details":{"category":"PLUMBING","severity":"LOCK_ROOM","ticket":"BT-002"},"id":"al_01M405Q6B8FKVC6QZW7KKSYJRW","kind":"DAMAGE_REPORTED","roomCode":"A129"},{"actorName":"Smoke Linh","createdAt":"2026-10-03T06:02:45.421779Z","details":{"category":"AIR_CONDITIONER","severity":"LOCK_ROOM",