POST /v1/auth/sign-in {"guesthouseCode":"rhaec4ce","username":"r1","pin":"***"}
  -> 200 {"accessToken":"***","expiresAt":"2026-10-03T18:02:51.055223Z","mustChangePin":false,"tenantId":"tn_01M405JF5BQ3D2VK6SFMNGZGK9","user":{"id":"us_01M405JFZMCDRB21HG8S18XQ0E","locale":"vi","name":"Rehearsal R1","role":"RECEPTIONIST"}}
POST /v1/auth/sign-in {"guesthouseCode":"rhaec4ce","username":"owner","pin":"***"}
  -> 200 {"accessToken":"***","expiresAt":"2026-10-03T18:02:51.278238Z","mustChangePin":false,"tenantId":"tn_01M405JF5BQ3D2VK6SFMNGZGK9","user":{"id":"us_01M405JF5X3BJHRMJDGM4EE1PQ","locale":"vi","name":"Smoke Owner","role":"OWNER"}}
GET /v1/buildings 
  -> 200 {"items":[{"code":"A","counts":{"maintenance":1,"occupied":18,"overdue":0,"toClean":19,"vacant":82},"floors":[{"id":"fl_01M405JF5BCNDATRVY60SGNRTF","name":"1","order":1},{"id":"fl_01M405JF5BGWM44ASWKWRWJQ99","name":"2","order":2},{"id":"fl_01M405JF5BTTTF5MRA2Q2HWZNA","name":"3","order":3}],"id":"bd_01M405JF5BYGDW7RGK4KB35SWW","level":"EDIT","name":"Building A"}]}
GET /v1/buildings/bd_01M405JF5BYGDW7RGK4KB35SWW/rooms 
  -> 200 {"items":[{"buildingId":"bd_01M405JF5BYGDW7RGK4KB35SWW","code":"A101","floor":1,"floorId":"fl_01M405JF5BCNDATRVY60SGNRTF","floorName":"1","id":"un_01M405JF5BV3JF0G84JYES61BF","status":"TO_CLEAN","unitType":{"code":"STANDARD","name":{"en":"Standard","vi":"Phòng thường"}}},{"buildingId":"bd_01M405JF5BYGDW7RGK4KB35SWW","code":"A102","floor":1,"floorId":"fl_01M405JF5BCNDATRVY60SGNRTF","floorName":"1","id":"un_01M405JF5BNCSN7MWJCJQS9F53","status":"TO_CLEAN","unitType":{"code":"STANDARD","name":{"en":"Standard","vi":"Phòng thường"}}},{"buildingId":"bd_01M405JF5BYGDW7RGK4KB35SWW","code":"A103","floor
POST /v1/rooms/un_01M405JF5B0JPG31GJJF6AY3F4/stays {"rentalType":"HOURLY","guestName":"Rehearsal Guest","guestPhone":"0912345678","deposit":10000}
  -> 201 {"checkInAt":"2026-10-03T06:02:51.489362Z","deposit":10000,"extras":[],"guestId":{"hasBackPhoto":false,"hasFrontPhoto":false,"hasIdNumber":false},"guestName":"Rehearsal Guest","guestPhone":"0912345678","id":"st_01M405QC711RJ6KFS0218XGP45","pricingVersion":1,"quote":{"asOf":"2026-10-03T06:02:51.489362Z","balanceDue":70000,"capped":false,"depositPaid":10000,"extrasAmount":0,"lines":[{"amount":80000,"code":"FIRST_HOUR","quantity":1,"unitAmount":80000}],"refundDue":0,"stayAmount":80000,"total":80000},"rentalType":"HOURLY","roomCode":"A139","roomId":"un_01M405JF5B0JPG31GJJF6AY3F4","status":"ACTIVE"
POST /v1/stays/st_01M405QC711RJ6KFS0218XGP45/checkout 
  -> 201 {"billCode":"PH1003A139","createdAt":"2026-10-03T06:02:51.496169Z","id":"iv_01M405QC783V1MQSSF2QKGA161","quote":{"asOf":"2026-10-03T06:02:51.496169Z","balanceDue":70000,"capped":false,"depositPaid":10000,"extrasAmount":0,"lines":[{"amount":80000,"code":"FIRST_HOUR","quantity":1,"unitAmount":80000}],"refundDue":0,"stayAmount":80000,"total":80000},"roomCode":"A139","status":"OPEN","stayId":"st_01M405QC711RJ6KFS0218XGP45"}
POST /v1/invoices/iv_01M405QC783V1MQSSF2QKGA161/payments {"method":"TRANSFER"}
  -> 201 {"amount":70000,"id":"pm_01M405QC7FQJ141TNYGBEYWYY0","invoiceId":"iv_01M405QC783V1MQSSF2QKGA161","method":"TRANSFER","qr":{"accountName":"REHEARSAL TEST","accountNoMasked":"******8888","amount":70000,"payload":"00020101021238540010A00000072701240006970436011010175888880208QRIBFTTA53037045405700005802VN62140810PH1003A1396304600E","transferNote":"PH1003A139"},"remaining":70000,"status":"PENDING"}
WEBHOOK in 35000 "PH1003A139" id=1791007371508559 age=0s
  -> 200 {"success": true}
GET /v1/owner/alerts 
  -> 200 {"items":[{"actorName":"Rehearsal R7","amount":10000,"createdAt":"2026-10-03T06:02:47.928851Z","details":{"counted":"40000","expected":"50000"},"id":"al_01M405Q8QSXT5VS2C0XEEEYB4G","kind":"CASH_SHORT","shiftId":"sh_01M405Q8QE05S3C5YYPBV4JE63"},{"actorName":"Smoke Linh","createdAt":"2026-10-03T06:02:45.479208Z","details":{"category":"PLUMBING","severity":"LOCK_ROOM","ticket":"BT-002"},"id":"al_01M405Q6B8FKVC6QZW7KKSYJRW","kind":"DAMAGE_REPORTED","roomCode":"A129"},{"actorName":"Smoke Linh","createdAt":"2026-10-03T06:02:45.421779Z","details":{"category":"AIR_CONDITIONER","severity":"LOCK_ROOM","
GET /v1/owner/alerts 
  -> 200 {"items":[{"amount":35000,"createdAt":"2026-10-03T06:02:52.759192Z","details":{"billCode":"PH1003A139","received":"35000","remaining":"35000","since":"2026-10-03T05:42:51Z"},"id":"al_01M405QDEQ604FFJ0AM89MZE70","kind":"PAYMENT_PARTIAL","roomCode":"A139","stayId":"st_01M405QC711RJ6KFS0218XGP45"},{"actorName":"Rehearsal R7","amount":10000,"createdAt":"2026-10-03T06:02:47.928851Z","details":{"counted":"40000","expected":"50000"},"id":"al_01M405Q8QSXT5VS2C0XEEEYB4G","kind":"CASH_SHORT","shiftId":"sh_01M405Q8QE05S3C5YYPBV4JE63"},{"actorName":"Smoke Linh","createdAt":"2026-10-03T06:02:45.479208Z","d
GET /v1/owner/alerts 
  -> 200 {"items":[{"amount":35000,"createdAt":"2026-10-03T06:02:52.759192Z","details":{"billCode":"PH1003A139","received":"35000","remaining":"35000","since":"2026-10-03T05:42:51Z"},"id":"al_01M405QDEQ604FFJ0AM89MZE70","kind":"PAYMENT_PARTIAL","roomCode":"A139","stayId":"st_01M405QC711RJ6KFS0218XGP45"},{"actorName":"Rehearsal R7","amount":10000,"createdAt":"2026-10-03T06:02:47.928851Z","details":{"counted":"40000","expected":"50000"},"id":"al_01M405Q8QSXT5VS2C0XEEEYB4G","kind":"CASH_SHORT","shiftId":"sh_01M405Q8QE05S3C5YYPBV4JE63"},{"actorName":"Smoke Linh","createdAt":"2026-10-03T06:02:45.479208Z","d