GET /v1/buildings 
  -> 200 {"items":[{"code":"A","counts":{"maintenance":0,"occupied":7,"overdue":0,"toClean":15,"vacant":98},"floors":[{"id":"fl_01M405JF5BCNDATRVY60SGNRTF","name":"1","order":1},{"id":"fl_01M405JF5BGWM44ASWKWRWJQ99","name":"2","order":2},{"id":"fl_01M405JF5BTTTF5MRA2Q2HWZNA","name":"3","order":3}],"id":"bd_01M405JF5BYGDW7RGK4KB35SWW","level":"EDIT","name":"Building A"}]}
GET /v1/buildings/bd_01M405JF5BYGDW7RGK4KB35SWW/rooms 
  -> 200 {"items":[{"buildingId":"bd_01M405JF5BYGDW7RGK4KB35SWW","code":"A101","floor":1,"floorId":"fl_01M405JF5BCNDATRVY60SGNRTF","floorName":"1","id":"un_01M405JF5BV3JF0G84JYES61BF","status":"TO_CLEAN","unitType":{"code":"STANDARD","name":{"en":"Standard","vi":"Phòng thường"}}},{"buildingId":"bd_01M405JF5BYGDW7RGK4KB35SWW","code":"A102","floor":1,"floorId":"fl_01M405JF5BCNDATRVY60SGNRTF","floorName":"1","id":"un_01M405JF5BNCSN7MWJCJQS9F53","status":"TO_CLEAN","unitType":{"code":"STANDARD","name":{"en":"Standard","vi":"Phòng thường"}}},{"buildingId":"bd_01M405JF5BYGDW7RGK4KB35SWW","code":"A103","floor
POST /v1/rooms/un_01M405JF5BFRR6PQ30FBB3QH2B/stays {"rentalType":"HOURLY","guestName":"Rehearsal Guest","guestPhone":"0912345678","deposit":10000}
  -> 201 {"checkInAt":"2026-10-03T06:00:30.76667Z","deposit":10000,"extras":[],"guestId":{"hasBackPhoto":false,"hasFrontPhoto":false,"hasIdNumber":false},"guestName":"Rehearsal Guest","guestPhone":"0912345678","id":"st_01M405K2SENCRZ310HP7BFYQAY","pricingVersion":1,"quote":{"asOf":"2026-10-03T06:00:30.76667Z","balanceDue":70000,"capped":false,"depositPaid":10000,"extrasAmount":0,"lines":[{"amount":80000,"code":"FIRST_HOUR","quantity":1,"unitAmount":80000}],"refundDue":0,"stayAmount":80000,"total":80000},"rentalType":"HOURLY","roomCode":"A123","roomId":"un_01M405JF5BFRR6PQ30FBB3QH2B","status":"ACTIVE"}
POST /v1/stays/st_01M405K2SENCRZ310HP7BFYQAY/checkout 
  -> 201 {"billCode":"PH1003A123","createdAt":"2026-10-03T06:00:30.773331Z","id":"iv_01M405K2SN28K6WXXXQQE5EPVK","quote":{"asOf":"2026-10-03T06:00:30.773331Z","balanceDue":70000,"capped":false,"depositPaid":10000,"extrasAmount":0,"lines":[{"amount":80000,"code":"FIRST_HOUR","quantity":1,"unitAmount":80000}],"refundDue":0,"stayAmount":80000,"total":80000},"roomCode":"A123","status":"OPEN","stayId":"st_01M405K2SENCRZ310HP7BFYQAY"}
POST /v1/invoices/iv_01M405K2SN28K6WXXXQQE5EPVK/payments {"method":"TRANSFER"}
  -> 201 {"amount":70000,"id":"pm_01M405K2SRAR0VAQ477ECCKMK4","invoiceId":"iv_01M405K2SN28K6WXXXQQE5EPVK","method":"TRANSFER","qr":{"accountName":"REHEARSAL TEST","accountNoMasked":"******8888","amount":70000,"payload":"00020101021238540010A00000072701240006970436011010175888880208QRIBFTTA53037045405700005802VN62140810PH1003A12363046300","transferNote":"PH1003A123"},"remaining":70000,"status":"PENDING"}
WEBHOOK in 70000 "PH1003A123" id=1791007230778751 age=0s
  -> 200 {"success": true}
GET /v1/buildings/bd_01M405JF5BYGDW7RGK4KB35SWW/rooms 
  -> 200 {"items":[{"buildingId":"bd_01M405JF5BYGDW7RGK4KB35SWW","code":"A101","floor":1,"floorId":"fl_01M405JF5BCNDATRVY60SGNRTF","floorName":"1","id":"un_01M405JF5BV3JF0G84JYES61BF","status":"TO_CLEAN","unitType":{"code":"STANDARD","name":{"en":"Standard","vi":"Phòng thường"}}},{"buildingId":"bd_01M405JF5BYGDW7RGK4KB35SWW","code":"A102","floor":1,"floorId":"fl_01M405JF5BCNDATRVY60SGNRTF","floorName":"1","id":"un_01M405JF5BNCSN7MWJCJQS9F53","status":"TO_CLEAN","unitType":{"code":"STANDARD","name":{"en":"Standard","vi":"Phòng thường"}}},{"buildingId":"bd_01M405JF5BYGDW7RGK4KB35SWW","code":"A103","floor
POST /v1/rooms/un_01M405JF5B3THT72W7RRD0GT5R/stays {"rentalType":"HOURLY","guestName":"Rehearsal Guest","guestPhone":"0912345678","deposit":500000}
  -> 201 {"checkInAt":"2026-10-03T06:00:30.79161Z","deposit":500000,"extras":[],"guestId":{"hasBackPhoto":false,"hasFrontPhoto":false,"hasIdNumber":false},"guestName":"Rehearsal Guest","guestPhone":"0912345678","id":"st_01M405K2T77THPMHVW64DFE0DX","pricingVersion":1,"quote":{"asOf":"2026-10-03T06:00:30.79161Z","balanceDue":0,"capped":false,"depositPaid":500000,"extrasAmount":0,"lines":[{"amount":80000,"code":"FIRST_HOUR","quantity":1,"unitAmount":80000}],"refundDue":420000,"stayAmount":80000,"total":80000},"rentalType":"HOURLY","roomCode":"A124","roomId":"un_01M405JF5B3THT72W7RRD0GT5R","status":"ACTIVE
POST /v1/stays/st_01M405K2T77THPMHVW64DFE0DX/checkout 
  -> 201 {"billCode":"PH1003A124","createdAt":"2026-10-03T06:00:30.794937Z","id":"iv_01M405K2TBJR50N07SJPHHNPPT","quote":{"asOf":"2026-10-03T06:00:30.794937Z","balanceDue":0,"capped":false,"depositPaid":500000,"extrasAmount":0,"lines":[{"amount":80000,"code":"FIRST_HOUR","quantity":1,"unitAmount":80000}],"refundDue":420000,"stayAmount":80000,"total":80000},"roomCode":"A124","status":"OPEN","stayId":"st_01M405K2T77THPMHVW64DFE0DX"}
POST /v1/invoices/iv_01M405K2TBJR50N07SJPHHNPPT/payments {"method":"CASH"}
  -> 201 {"amount":0,"id":"pm_01M405K2TEKGP13QEE2AE7Q1EE","invoiceId":"iv_01M405K2TBJR50N07SJPHHNPPT","method":"CASH","paidAt":"2026-10-03T06:00:30.797846Z","receivedAmount":0,"remaining":0,"status":"PAID"}
GET /v1/owner/transactions 
  -> 200 {"items":[{"amount":-420000,"at":"2026-10-03T06:00:30.797846Z","billCode":"PH1003A124","id":"pm_01M405K2TEKGP13QEE2AE7Q1EE","kind":"CASH_REFUND","method":"CASH","reconciliation":"CASH","roomCode":"A124","settledAt":"2026-10-03T06:00:30.797846Z","shiftId":"sh_01M405JY7VP8N757ZMTFHY544R"},{"amount":70000,"at":"2026-10-03T06:00:30.779907Z","billCode":"PH1003A123","id":"pm_01M405K2SRAR0VAQ477ECCKMK4","kind":"PAYMENT","method":"TRANSFER","paymentEventId":"pe_01M405K2SW7TMQ8J6ENXV3CJNJ","receivedAt":"2026-10-03T06:00:30.779907Z","reconciliation":"MATCHED","roomCode":"A123","settledAt":"2026-10-03T06